<!doctype html public "-//w3c//dtd html 4.0 transitional//en">
<html><head>
<title>Static Call Graph - [.\Objects\data acquisition system.axf]</title></head>
<body><HR>
<H1>Static Call Graph for image .\Objects\data acquisition system.axf</H1><HR>
<BR><P>#&#060CALLGRAPH&#062# ARM Linker, 5060750: Last Updated: Mon May 11 20:58:54 2026
<BR><P>
<H3>Maximum Stack Usage =        316 bytes + Unknown(Functions without stacksize, Cycles, Untraceable Function Pointers)</H3><H3>
Call chain for Maximum Stack Depth:</H3>
_printf_f &rArr; _printf_fp_dec &rArr; _printf_fp_dec_real &rArr; _fp_digits &rArr; _btod_etento &rArr; _btod_emul &rArr; _e2e
<P>
<H3>
Functions with no stack information
</H3><UL>
 <LI><a href="#[4]">Reset_Handler</a>
 <LI><a href="#[9e]">os_sys_manager_ret</a>
 <LI><a href="#[6d]">os_switch_tasks_ret</a>
 <LI><a href="#[5d]">__user_initial_stackheap</a>
 <LI><a href="#[5]">Undef_Handler</a>
 <LI><a href="#[7]">PAbt_Handler</a>
 <LI><a href="#[8]">DAbt_Handler</a>
 <LI><a href="#[9]">IRQ_Handler</a>
 <LI><a href="#[a]">FIQ_Handler</a>
 <LI><a href="#[11]">Switch_task</a>
</UL>
</UL>
<P>
<H3>
Mutually Recursive functions
</H3> <LI><a href="#[5]">Undef_Handler</a>&nbsp;&nbsp;&nbsp;&rArr;&nbsp;&nbsp;&nbsp;<a href="#[5]">Undef_Handler</a><BR>
 <LI><a href="#[7]">PAbt_Handler</a>&nbsp;&nbsp;&nbsp;&rArr;&nbsp;&nbsp;&nbsp;<a href="#[7]">PAbt_Handler</a><BR>
 <LI><a href="#[8]">DAbt_Handler</a>&nbsp;&nbsp;&nbsp;&rArr;&nbsp;&nbsp;&nbsp;<a href="#[8]">DAbt_Handler</a><BR>
 <LI><a href="#[9]">IRQ_Handler</a>&nbsp;&nbsp;&nbsp;&rArr;&nbsp;&nbsp;&nbsp;<a href="#[9]">IRQ_Handler</a><BR>
 <LI><a href="#[a]">FIQ_Handler</a>&nbsp;&nbsp;&nbsp;&rArr;&nbsp;&nbsp;&nbsp;<a href="#[a]">FIQ_Handler</a><BR>
</UL>
<P>
<H3>
Function Pointers
</H3><UL>
 <LI><a href="#[8]">DAbt_Handler</a> from startup.o(RESET) referenced from startup.o(RESET)
 <LI><a href="#[a]">FIQ_Handler</a> from startup.o(RESET) referenced from startup.o(RESET)
 <LI><a href="#[9]">IRQ_Handler</a> from startup.o(RESET) referenced from startup.o(RESET)
 <LI><a href="#[7]">PAbt_Handler</a> from startup.o(RESET) referenced from startup.o(RESET)
 <LI><a href="#[4]">Reset_Handler</a> from startup.o(RESET) referenced from startup.o(RESET)
 <LI><a href="#[6]">SWI_Handler</a> from hal_arm.o(.emb_text) referenced from startup.o(RESET)
 <LI><a href="#[11]">Switch_task</a> from hal_arm.o(.emb_text) referenced from hal_arm.o(.emb_text)
 <LI><a href="#[5]">Undef_Handler</a> from startup.o(RESET) referenced from startup.o(RESET)
 <LI><a href="#[14]">__SWI_0</a> from hal_arm.o(i.__SWI_0) referenced from swi_table.o(SWI_TABLE)
 <LI><a href="#[15]">__SWI_1</a> from rt_membox.o(i.__SWI_1) referenced from swi_table.o(SWI_TABLE)
 <LI><a href="#[16]">__SWI_2</a> from rt_membox.o(i.__SWI_2) referenced from swi_table.o(SWI_TABLE)
 <LI><a href="#[17]">__SWI_3</a> from hal_arm.o(i.__SWI_3) referenced from swi_table.o(SWI_TABLE)
 <LI><a href="#[18]">__SWI_4</a> from hal_arm.o(i.__SWI_4) referenced from swi_table.o(SWI_TABLE)
 <LI><a href="#[19]">__SWI_5</a> from rtx_conf_lpc21xx.o(i.__SWI_5) referenced from swi_table.o(SWI_TABLE)
 <LI><a href="#[1a]">__SWI_6</a> from hal_arm.o(i.__SWI_6) referenced from swi_table.o(SWI_TABLE)
 <LI><a href="#[1b]">__SWI_7</a> from hal_arm.o(i.__SWI_7) referenced from swi_table.o(SWI_TABLE)
 <LI><a href="#[26]">__main</a> from __main.o(!!!main) referenced from startup.o(RESET)
 <LI><a href="#[13]">_printf_input_char</a> from _printf_char_common.o(.text) referenced from _printf_char_common.o(.text)
 <LI><a href="#[12]">_sputc</a> from _sputc.o(.text) referenced from noretval__2sprintf.o(.text)
 <LI><a href="#[c]">main</a> from main.o(i.main) referenced from __rtentry2.o(.ARM.Collect$$rtentry$$0000000D)
 <LI><a href="#[20]">os_clock_interrupt</a> from hal_arm.o(.emb_text) referenced from rtx_conf_lpc21xx.o(i.os_tmr_init)
 <LI><a href="#[1f]">os_def_interrupt</a> from rtx_conf_lpc21xx.o(i.os_def_interrupt) referenced from rtx_conf_lpc21xx.o(i.os_tmr_init)
 <LI><a href="#[1d]">os_idle_demon</a> from rtx_conf_lpc21xx.o(i.os_idle_demon) referenced from rt_task.o(i.os_sys_init1)
 <LI><a href="#[e]">os_irq_ack_lock</a> from rtx_conf_lpc21xx.o(i.os_irq_ack_lock) referenced from hal_arm.o(.emb_text)
 <LI><a href="#[d]">os_sys_init1</a> from rt_task.o(i.os_sys_init1) referenced from hal_arm.o(.emb_text)
 <LI><a href="#[f]">os_sys_manager</a> from rt_system.o(i.os_sys_manager) referenced from hal_arm.o(.emb_text)
 <LI><a href="#[1e]">os_tsk_create0</a> from rt_task.o(i.os_tsk_create0) referenced from rt_task.o(i.os_sys_init1)
 <LI><a href="#[22]">task_adc</a> from main.o(i.task_adc) referenced from main.o(i.task_init)
 <LI><a href="#[1c]">task_init</a> from main.o(i.task_init) referenced from main.o(i.main)
 <LI><a href="#[24]">task_lcd</a> from main.o(i.task_lcd) referenced from main.o(i.task_init)
 <LI><a href="#[23]">task_ldr</a> from main.o(i.task_ldr) referenced from main.o(i.task_init)
 <LI><a href="#[21]">task_rtc</a> from main.o(i.task_rtc) referenced from main.o(i.task_init)
 <LI><a href="#[25]">task_uart</a> from main.o(i.task_uart) referenced from main.o(i.task_init)
 <LI><a href="#[10]">tsk_unlock</a> from rtx_conf_lpc21xx.o(i.tsk_unlock) referenced from hal_arm.o(.emb_text)
</UL>
<P>
<H3>
Global Symbols
</H3>
<P><STRONG><a name="[4]"></a>Reset_Handler</STRONG> (ARM, 0 bytes, Stack size unknown bytes, startup.o(RESET))
<BR>[Address Reference Count : 1]<UL><LI> startup.o(RESET)
</UL>
<P><STRONG><a name="[26]"></a>__main</STRONG> (ARM, 8 bytes, Stack size 0 bytes, __main.o(!!!main))
<BR><BR>[Calls]<UL><LI><a href="#[2a]">&gt;&gt;</a>&nbsp;&nbsp;&nbsp;__rt_entry
<LI><a href="#[29]">&gt;&gt;</a>&nbsp;&nbsp;&nbsp;__scatterload
</UL>

<P><STRONG><a name="[29]"></a>__scatterload</STRONG> (ARM, 0 bytes, Stack size unknown bytes, __scatter.o(!!!scatter))
<BR><BR>[Called By]<UL><LI><a href="#[26]">&gt;&gt;</a>&nbsp;&nbsp;&nbsp;__main
</UL>

<P><STRONG><a name="[2b]"></a>__scatterload_rt2</STRONG> (ARM, 52 bytes, Stack size unknown bytes, __scatter.o(!!!scatter), UNUSED)
<BR><BR>[Calls]<UL><LI><a href="#[2a]">&gt;&gt;</a>&nbsp;&nbsp;&nbsp;__rt_entry
</UL>

<P><STRONG><a name="[c2]"></a>__scatterload_null</STRONG> (ARM, 0 bytes, Stack size unknown bytes, __scatter.o(!!!scatter), UNUSED)

<P><STRONG><a name="[2c]"></a>__scatterload_copy</STRONG> (ARM, 40 bytes, Stack size unknown bytes, __scatter_copy.o(!!handler_copy), UNUSED)
<BR><BR>[Calls]<UL><LI><a href="#[2c]">&gt;&gt;</a>&nbsp;&nbsp;&nbsp;__scatterload_copy
</UL>
<BR>[Called By]<UL><LI><a href="#[2c]">&gt;&gt;</a>&nbsp;&nbsp;&nbsp;__scatterload_copy
</UL>

<P><STRONG><a name="[c3]"></a>__scatterload_zeroinit</STRONG> (ARM, 44 bytes, Stack size unknown bytes, __scatter_zi.o(!!handler_zi), UNUSED)

<P><STRONG><a name="[2d]"></a>_printf_f</STRONG> (ARM, 0 bytes, Stack size unknown bytes, _printf_f.o(.ARM.Collect$$_printf_percent$$00000003))
<BR><BR>[Stack]<UL><LI>Max Depth = 316 + Unknown Stack Size
<LI>Call Chain = _printf_f &rArr; _printf_fp_dec &rArr; _printf_fp_dec_real &rArr; _fp_digits &rArr; _btod_etento &rArr; _btod_emul &rArr; _e2e
</UL>
<BR>[Calls]<UL><LI><a href="#[2e]">&gt;&gt;</a>&nbsp;&nbsp;&nbsp;_printf_fp_dec
</UL>

<P><STRONG><a name="[4e]"></a>_printf_percent</STRONG> (ARM, 0 bytes, Stack size unknown bytes, _printf_percent.o(.ARM.Collect$$_printf_percent$$00000000))
<BR><BR>[Called By]<UL><LI><a href="#[4b]">&gt;&gt;</a>&nbsp;&nbsp;&nbsp;__printf (via Veneer)
</UL>

<P><STRONG><a name="[2f]"></a>_printf_d</STRONG> (ARM, 0 bytes, Stack size unknown bytes, _printf_d.o(.ARM.Collect$$_printf_percent$$00000009))
<BR><BR>[Stack]<UL><LI>Max Depth = 88 + Unknown Stack Size
<LI>Call Chain = _printf_d &rArr; _printf_int_dec &rArr; _printf_int_common &rArr; _printf_post_padding
</UL>
<BR>[Calls]<UL><LI><a href="#[30]">&gt;&gt;</a>&nbsp;&nbsp;&nbsp;_printf_int_dec (via Veneer)
</UL>

<P><STRONG><a name="[31]"></a>_printf_s</STRONG> (ARM, 0 bytes, Stack size unknown bytes, _printf_s.o(.ARM.Collect$$_printf_percent$$00000014))
<BR><BR>[Stack]<UL><LI>Max Depth = 40 + Unknown Stack Size
<LI>Call Chain = _printf_s &rArr; _printf_string &rArr; _printf_cs_common &rArr; _printf_str &rArr; _printf_post_padding
</UL>
<BR>[Calls]<UL><LI><a href="#[32]">&gt;&gt;</a>&nbsp;&nbsp;&nbsp;_printf_string (via Veneer)
</UL>

<P><STRONG><a name="[c4]"></a>_printf_percent_end</STRONG> (ARM, 0 bytes, Stack size unknown bytes, _printf_percent_end.o(.ARM.Collect$$_printf_percent$$00000017))

<P><STRONG><a name="[3a]"></a>__rt_lib_init</STRONG> (Thumb, 0 bytes, Stack size unknown bytes, libinit.o(.ARM.Collect$$libinit$$00000000))
<BR><BR>[Called By]<UL><LI><a href="#[39]">&gt;&gt;</a>&nbsp;&nbsp;&nbsp;__rt_entry_li (via Veneer)
</UL>

<P><STRONG><a name="[c5]"></a>__rt_lib_init_fp_1</STRONG> (Thumb, 0 bytes, Stack size unknown bytes, libinit2.o(.ARM.Collect$$libinit$$00000002))

<P><STRONG><a name="[c6]"></a>__rt_lib_init_heap_1</STRONG> (Thumb, 0 bytes, Stack size unknown bytes, libinit2.o(.ARM.Collect$$libinit$$0000000A))

<P><STRONG><a name="[33]"></a>__rt_lib_init_lc_common</STRONG> (Thumb, 0 bytes, Stack size unknown bytes, libinit2.o(.ARM.Collect$$libinit$$0000000F))
<BR><BR>[Stack]<UL><LI>Max Depth = 8 + Unknown Stack Size
<LI>Call Chain = __rt_lib_init_lc_common &rArr; __rt_locale
</UL>
<BR>[Calls]<UL><LI><a href="#[34]">&gt;&gt;</a>&nbsp;&nbsp;&nbsp;__rt_locale (via Veneer)
</UL>

<P><STRONG><a name="[c7]"></a>__rt_lib_init_preinit_1</STRONG> (Thumb, 0 bytes, Stack size unknown bytes, libinit2.o(.ARM.Collect$$libinit$$00000004))

<P><STRONG><a name="[c8]"></a>__rt_lib_init_rand_1</STRONG> (Thumb, 0 bytes, Stack size unknown bytes, libinit2.o(.ARM.Collect$$libinit$$0000000E))

<P><STRONG><a name="[c9]"></a>__rt_lib_init_user_alloc_1</STRONG> (Thumb, 0 bytes, Stack size unknown bytes, libinit2.o(.ARM.Collect$$libinit$$0000000C))

<P><STRONG><a name="[ca]"></a>__rt_lib_init_lc_collate_1</STRONG> (Thumb, 0 bytes, Stack size unknown bytes, libinit2.o(.ARM.Collect$$libinit$$00000011))

<P><STRONG><a name="[cb]"></a>__rt_lib_init_lc_ctype_1</STRONG> (Thumb, 0 bytes, Stack size unknown bytes, libinit2.o(.ARM.Collect$$libinit$$00000013))

<P><STRONG><a name="[cc]"></a>__rt_lib_init_lc_monetary_1</STRONG> (Thumb, 0 bytes, Stack size unknown bytes, libinit2.o(.ARM.Collect$$libinit$$00000015))

<P><STRONG><a name="[35]"></a>__rt_lib_init_lc_numeric_2</STRONG> (Thumb, 0 bytes, Stack size unknown bytes, libinit2.o(.ARM.Collect$$libinit$$00000016))
<BR><BR>[Stack]<UL><LI>Max Depth = 12 + Unknown Stack Size
<LI>Call Chain = __rt_lib_init_lc_numeric_2 &rArr; _get_lc_numeric &rArr; strcmp
</UL>
<BR>[Calls]<UL><LI><a href="#[36]">&gt;&gt;</a>&nbsp;&nbsp;&nbsp;_get_lc_numeric (via Veneer)
</UL>

<P><STRONG><a name="[cd]"></a>__rt_lib_init_alloca_1</STRONG> (Thumb, 0 bytes, Stack size unknown bytes, libinit2.o(.ARM.Collect$$libinit$$0000002E))

<P><STRONG><a name="[ce]"></a>__rt_lib_init_argv_1</STRONG> (Thumb, 0 bytes, Stack size unknown bytes, libinit2.o(.ARM.Collect$$libinit$$0000002C))

<P><STRONG><a name="[cf]"></a>__rt_lib_init_atexit_1</STRONG> (Thumb, 0 bytes, Stack size unknown bytes, libinit2.o(.ARM.Collect$$libinit$$0000001B))

<P><STRONG><a name="[d0]"></a>__rt_lib_init_clock_1</STRONG> (Thumb, 0 bytes, Stack size unknown bytes, libinit2.o(.ARM.Collect$$libinit$$00000021))

<P><STRONG><a name="[d1]"></a>__rt_lib_init_cpp_1</STRONG> (Thumb, 0 bytes, Stack size unknown bytes, libinit2.o(.ARM.Collect$$libinit$$00000032))

<P><STRONG><a name="[d2]"></a>__rt_lib_init_exceptions_1</STRONG> (Thumb, 0 bytes, Stack size unknown bytes, libinit2.o(.ARM.Collect$$libinit$$00000030))

<P><STRONG><a name="[d3]"></a>__rt_lib_init_fp_trap_1</STRONG> (Thumb, 0 bytes, Stack size unknown bytes, libinit2.o(.ARM.Collect$$libinit$$0000001F))

<P><STRONG><a name="[d4]"></a>__rt_lib_init_getenv_1</STRONG> (Thumb, 0 bytes, Stack size unknown bytes, libinit2.o(.ARM.Collect$$libinit$$00000023))

<P><STRONG><a name="[d5]"></a>__rt_lib_init_lc_numeric_1</STRONG> (Thumb, 0 bytes, Stack size unknown bytes, libinit2.o(.ARM.Collect$$libinit$$00000017))

<P><STRONG><a name="[d6]"></a>__rt_lib_init_lc_time_1</STRONG> (Thumb, 0 bytes, Stack size unknown bytes, libinit2.o(.ARM.Collect$$libinit$$00000019))

<P><STRONG><a name="[d7]"></a>__rt_lib_init_return</STRONG> (Thumb, 0 bytes, Stack size unknown bytes, libinit2.o(.ARM.Collect$$libinit$$00000033))

<P><STRONG><a name="[d8]"></a>__rt_lib_init_signal_1</STRONG> (Thumb, 0 bytes, Stack size unknown bytes, libinit2.o(.ARM.Collect$$libinit$$0000001D))

<P><STRONG><a name="[d9]"></a>__rt_lib_init_stdio_1</STRONG> (Thumb, 0 bytes, Stack size unknown bytes, libinit2.o(.ARM.Collect$$libinit$$00000025))

<P><STRONG><a name="[3e]"></a>__rt_lib_shutdown</STRONG> (Thumb, 0 bytes, Stack size unknown bytes, libshutdown.o(.ARM.Collect$$libshutdown$$00000000))
<BR><BR>[Called By]<UL><LI><a href="#[3d]">&gt;&gt;</a>&nbsp;&nbsp;&nbsp;__rt_exit_ls (via Veneer)
</UL>

<P><STRONG><a name="[da]"></a>__rt_lib_shutdown_cpp_1</STRONG> (Thumb, 0 bytes, Stack size unknown bytes, libshutdown2.o(.ARM.Collect$$libshutdown$$00000002))

<P><STRONG><a name="[db]"></a>__rt_lib_shutdown_fp_trap_1</STRONG> (Thumb, 0 bytes, Stack size unknown bytes, libshutdown2.o(.ARM.Collect$$libshutdown$$00000007))

<P><STRONG><a name="[dc]"></a>__rt_lib_shutdown_heap_1</STRONG> (Thumb, 0 bytes, Stack size unknown bytes, libshutdown2.o(.ARM.Collect$$libshutdown$$0000000F))

<P><STRONG><a name="[dd]"></a>__rt_lib_shutdown_return</STRONG> (Thumb, 0 bytes, Stack size unknown bytes, libshutdown2.o(.ARM.Collect$$libshutdown$$00000010))

<P><STRONG><a name="[de]"></a>__rt_lib_shutdown_signal_1</STRONG> (Thumb, 0 bytes, Stack size unknown bytes, libshutdown2.o(.ARM.Collect$$libshutdown$$0000000A))

<P><STRONG><a name="[df]"></a>__rt_lib_shutdown_stdio_1</STRONG> (Thumb, 0 bytes, Stack size unknown bytes, libshutdown2.o(.ARM.Collect$$libshutdown$$00000004))

<P><STRONG><a name="[e0]"></a>__rt_lib_shutdown_user_alloc_1</STRONG> (Thumb, 0 bytes, Stack size unknown bytes, libshutdown2.o(.ARM.Collect$$libshutdown$$0000000C))

<P><STRONG><a name="[2a]"></a>__rt_entry</STRONG> (ARM, 0 bytes, Stack size unknown bytes, __rtentry.o(.ARM.Collect$$rtentry$$00000000))
<BR><BR>[Called By]<UL><LI><a href="#[26]">&gt;&gt;</a>&nbsp;&nbsp;&nbsp;__main
<LI><a href="#[2b]">&gt;&gt;</a>&nbsp;&nbsp;&nbsp;__scatterload_rt2
</UL>

<P><STRONG><a name="[e1]"></a>__rt_entry_presh_1</STRONG> (ARM, 0 bytes, Stack size unknown bytes, __rtentry2.o(.ARM.Collect$$rtentry$$00000002))

<P><STRONG><a name="[37]"></a>__rt_entry_sh</STRONG> (ARM, 0 bytes, Stack size unknown bytes, __rtentry4.o(.ARM.Collect$$rtentry$$00000004))
<BR><BR>[Stack]<UL><LI>Max Depth = 8 + Unknown Stack Size
<LI>Call Chain = __rt_entry_sh &rArr; __user_setup_stackheap
</UL>
<BR>[Calls]<UL><LI><a href="#[38]">&gt;&gt;</a>&nbsp;&nbsp;&nbsp;__user_setup_stackheap
</UL>

<P><STRONG><a name="[39]"></a>__rt_entry_li</STRONG> (ARM, 0 bytes, Stack size unknown bytes, __rtentry2.o(.ARM.Collect$$rtentry$$0000000A))
<BR><BR>[Calls]<UL><LI><a href="#[3a]">&gt;&gt;</a>&nbsp;&nbsp;&nbsp;__rt_lib_init (via Veneer)
</UL>

<P><STRONG><a name="[e2]"></a>__rt_entry_postsh_1</STRONG> (ARM, 0 bytes, Stack size unknown bytes, __rtentry2.o(.ARM.Collect$$rtentry$$00000009))

<P><STRONG><a name="[3b]"></a>__rt_entry_main</STRONG> (ARM, 0 bytes, Stack size unknown bytes, __rtentry2.o(.ARM.Collect$$rtentry$$0000000D))
<BR><BR>[Stack]<UL><LI>Max Depth = 8 + Unknown Stack Size
<LI>Call Chain = __rt_entry_main &rArr; exit
</UL>
<BR>[Calls]<UL><LI><a href="#[3c]">&gt;&gt;</a>&nbsp;&nbsp;&nbsp;exit (via BX)
</UL>

<P><STRONG><a name="[e3]"></a>__rt_entry_postli_1</STRONG> (ARM, 0 bytes, Stack size unknown bytes, __rtentry2.o(.ARM.Collect$$rtentry$$0000000C))

<P><STRONG><a name="[5f]"></a>__rt_exit</STRONG> (ARM, 0 bytes, Stack size unknown bytes, rtexit.o(.ARM.Collect$$rtexit$$00000000))
<BR><BR>[Called By]<UL><LI><a href="#[3c]">&gt;&gt;</a>&nbsp;&nbsp;&nbsp;exit (via Veneer)
</UL>

<P><STRONG><a name="[3d]"></a>__rt_exit_ls</STRONG> (ARM, 0 bytes, Stack size unknown bytes, rtexit2.o(.ARM.Collect$$rtexit$$00000003))
<BR><BR>[Calls]<UL><LI><a href="#[3e]">&gt;&gt;</a>&nbsp;&nbsp;&nbsp;__rt_lib_shutdown (via Veneer)
</UL>

<P><STRONG><a name="[e4]"></a>__rt_exit_prels_1</STRONG> (ARM, 0 bytes, Stack size unknown bytes, rtexit2.o(.ARM.Collect$$rtexit$$00000002))

<P><STRONG><a name="[3f]"></a>__rt_exit_exit</STRONG> (ARM, 0 bytes, Stack size unknown bytes, rtexit2.o(.ARM.Collect$$rtexit$$00000004))
<BR><BR>[Calls]<UL><LI><a href="#[40]">&gt;&gt;</a>&nbsp;&nbsp;&nbsp;_sys_exit (via Veneer)
</UL>

<P><STRONG><a name="[e5]"></a>_inc_qi</STRONG> (ARM, 64 bytes, Stack size 0 bytes, hal_arm.o(.emb_text), UNUSED)

<P><STRONG><a name="[9c]"></a>_dec_qc</STRONG> (ARM, 36 bytes, Stack size 0 bytes, hal_arm.o(.emb_text))
<BR><BR>[Called By]<UL><LI><a href="#[f]">&gt;&gt;</a>&nbsp;&nbsp;&nbsp;os_sys_manager
</UL>

<P><STRONG><a name="[95]"></a>os_set_env</STRONG> (ARM, 12 bytes, Stack size 0 bytes, hal_arm.o(.emb_text))
<BR><BR>[Called By]<UL><LI><a href="#[d]">&gt;&gt;</a>&nbsp;&nbsp;&nbsp;os_sys_init1
</UL>

<P><STRONG><a name="[7d]"></a>os_sys_init0</STRONG> (ARM, 48 bytes, Stack size 0 bytes, hal_arm.o(.emb_text))
<BR><BR>[Called By]<UL><LI><a href="#[c]">&gt;&gt;</a>&nbsp;&nbsp;&nbsp;main
</UL>

<P><STRONG><a name="[98]"></a>os_sys_run</STRONG> (ARM, 28 bytes, Stack size 0 bytes, hal_arm.o(.emb_text))
<BR><BR>[Called By]<UL><LI><a href="#[d]">&gt;&gt;</a>&nbsp;&nbsp;&nbsp;os_sys_init1
</UL>

<P><STRONG><a name="[20]"></a>os_clock_interrupt</STRONG> (ARM, 128 bytes, Stack size 0 bytes, hal_arm.o(.emb_text))
<BR>[Address Reference Count : 1]<UL><LI> rtx_conf_lpc21xx.o(i.os_tmr_init)
</UL>
<P><STRONG><a name="[9e]"></a>os_sys_manager_ret</STRONG> (Thumb, 0 bytes, Stack size unknown bytes, hal_arm.o(.emb_text))
<BR><BR>[Called By]<UL><LI><a href="#[f]">&gt;&gt;</a>&nbsp;&nbsp;&nbsp;os_sys_manager (via Veneer)
</UL>

<P><STRONG><a name="[6]"></a>SWI_Handler</STRONG> (ARM, 196 bytes, Stack size 0 bytes, hal_arm.o(.emb_text))
<BR>[Address Reference Count : 1]<UL><LI> startup.o(RESET)
</UL>
<P><STRONG><a name="[6d]"></a>os_switch_tasks_ret</STRONG> (Thumb, 0 bytes, Stack size unknown bytes, hal_arm.o(.emb_text))
<BR><BR>[Called By]<UL><LI><a href="#[14]">&gt;&gt;</a>&nbsp;&nbsp;&nbsp;__SWI_0 (via Veneer)
</UL>

<P><STRONG><a name="[5d]"></a>__user_initial_stackheap</STRONG> (ARM, 0 bytes, Stack size unknown bytes, startup.o(.text))
<BR><BR>[Called By]<UL><LI><a href="#[38]">&gt;&gt;</a>&nbsp;&nbsp;&nbsp;__user_setup_stackheap
</UL>

<P><STRONG><a name="[e6]"></a>__user_libspace</STRONG> (ARM, 12 bytes, Stack size 0 bytes, libspace.o(.text), UNUSED)

<P><STRONG><a name="[5b]"></a>__user_perproc_libspace</STRONG> (ARM, 0 bytes, Stack size 0 bytes, libspace.o(.text))
<BR><BR>[Called By]<UL><LI><a href="#[38]">&gt;&gt;</a>&nbsp;&nbsp;&nbsp;__user_setup_stackheap
<LI><a href="#[34]">&gt;&gt;</a>&nbsp;&nbsp;&nbsp;__rt_locale
</UL>

<P><STRONG><a name="[41]"></a>__2sprintf</STRONG> (Thumb, 36 bytes, Stack size 32 bytes, noretval__2sprintf.o(.text))
<BR><BR>[Stack]<UL><LI>Max Depth = 128 + Unknown Stack Size
<LI>Call Chain = __2sprintf &rArr; _printf_char_common &rArr; __printf
</UL>
<BR>[Calls]<UL><LI><a href="#[12]">&gt;&gt;</a>&nbsp;&nbsp;&nbsp;_sputc
<LI><a href="#[42]">&gt;&gt;</a>&nbsp;&nbsp;&nbsp;_printf_char_common
</UL>
<BR>[Called By]<UL><LI><a href="#[25]">&gt;&gt;</a>&nbsp;&nbsp;&nbsp;task_uart (via Veneer)
<LI><a href="#[24]">&gt;&gt;</a>&nbsp;&nbsp;&nbsp;task_lcd (via Veneer)
</UL>

<P><STRONG><a name="[43]"></a>_printf_pre_padding</STRONG> (Thumb, 50 bytes, Stack size 16 bytes, _printf_pad.o(.text))
<BR><BR>[Stack]<UL><LI>Max Depth = 16<LI>Call Chain = _printf_pre_padding
</UL>
<BR>[Calls]<UL><LI><a href="#[44]">&gt;&gt;</a>&nbsp;&nbsp;&nbsp;__ARM_common_call_via_r2
</UL>
<BR>[Called By]<UL><LI><a href="#[57]">&gt;&gt;</a>&nbsp;&nbsp;&nbsp;_printf_fp_infnan
<LI><a href="#[55]">&gt;&gt;</a>&nbsp;&nbsp;&nbsp;_printf_fp_dec_real
<LI><a href="#[4a]">&gt;&gt;</a>&nbsp;&nbsp;&nbsp;_printf_int_common
<LI><a href="#[46]">&gt;&gt;</a>&nbsp;&nbsp;&nbsp;_printf_str
</UL>

<P><STRONG><a name="[45]"></a>_printf_post_padding</STRONG> (Thumb, 36 bytes, Stack size 16 bytes, _printf_pad.o(.text))
<BR><BR>[Stack]<UL><LI>Max Depth = 16<LI>Call Chain = _printf_post_padding
</UL>
<BR>[Calls]<UL><LI><a href="#[44]">&gt;&gt;</a>&nbsp;&nbsp;&nbsp;__ARM_common_call_via_r2
</UL>
<BR>[Called By]<UL><LI><a href="#[57]">&gt;&gt;</a>&nbsp;&nbsp;&nbsp;_printf_fp_infnan
<LI><a href="#[55]">&gt;&gt;</a>&nbsp;&nbsp;&nbsp;_printf_fp_dec_real
<LI><a href="#[4a]">&gt;&gt;</a>&nbsp;&nbsp;&nbsp;_printf_int_common
<LI><a href="#[46]">&gt;&gt;</a>&nbsp;&nbsp;&nbsp;_printf_str
</UL>

<P><STRONG><a name="[46]"></a>_printf_str</STRONG> (Thumb, 88 bytes, Stack size 16 bytes, _printf_str.o(.text))
<BR><BR>[Stack]<UL><LI>Max Depth = 32<LI>Call Chain = _printf_str &rArr; _printf_post_padding
</UL>
<BR>[Calls]<UL><LI><a href="#[45]">&gt;&gt;</a>&nbsp;&nbsp;&nbsp;_printf_post_padding
<LI><a href="#[43]">&gt;&gt;</a>&nbsp;&nbsp;&nbsp;_printf_pre_padding
<LI><a href="#[44]">&gt;&gt;</a>&nbsp;&nbsp;&nbsp;__ARM_common_call_via_r2
</UL>
<BR>[Called By]<UL><LI><a href="#[58]">&gt;&gt;</a>&nbsp;&nbsp;&nbsp;_printf_cs_common
</UL>

<P><STRONG><a name="[30]"></a>_printf_int_dec</STRONG> (Thumb, 94 bytes, Stack size 32 bytes, _printf_dec.o(.text))
<BR><BR>[Stack]<UL><LI>Max Depth = 88<LI>Call Chain = _printf_int_dec &rArr; _printf_int_common &rArr; _printf_post_padding
</UL>
<BR>[Calls]<UL><LI><a href="#[49]">&gt;&gt;</a>&nbsp;&nbsp;&nbsp;__rt_udiv10 (via Veneer)
<LI><a href="#[4a]">&gt;&gt;</a>&nbsp;&nbsp;&nbsp;_printf_int_common
<LI><a href="#[48]">&gt;&gt;</a>&nbsp;&nbsp;&nbsp;_printf_truncate_unsigned (Weak Reference)
<LI><a href="#[47]">&gt;&gt;</a>&nbsp;&nbsp;&nbsp;_printf_truncate_signed (Weak Reference)
</UL>
<BR>[Called By]<UL><LI><a href="#[2f]">&gt;&gt;</a>&nbsp;&nbsp;&nbsp;_printf_d (via Veneer)
</UL>

<P><STRONG><a name="[4b]"></a>__printf</STRONG> (Thumb, 322 bytes, Stack size 32 bytes, __printf_flags_wp.o(.text))
<BR><BR>[Stack]<UL><LI>Max Depth = 32 + Unknown Stack Size
<LI>Call Chain = __printf
</UL>
<BR>[Calls]<UL><LI><a href="#[4e]">&gt;&gt;</a>&nbsp;&nbsp;&nbsp;_printf_percent (via Veneer)
<LI><a href="#[4d]">&gt;&gt;</a>&nbsp;&nbsp;&nbsp;_is_digit
<LI><a href="#[44]">&gt;&gt;</a>&nbsp;&nbsp;&nbsp;__ARM_common_call_via_r2
<LI><a href="#[4c]">&gt;&gt;</a>&nbsp;&nbsp;&nbsp;__ARM_common_call_via_r1
</UL>
<BR>[Called By]<UL><LI><a href="#[42]">&gt;&gt;</a>&nbsp;&nbsp;&nbsp;_printf_char_common
</UL>

<P><STRONG><a name="[ae]"></a>__aeabi_memcpy4</STRONG> (ARM, 0 bytes, Stack size 8 bytes, rt_memcpy_w.o(.text))
<BR><BR>[Stack]<UL><LI>Max Depth = 8<LI>Call Chain = __aeabi_memcpy4
</UL>
<BR>[Called By]<UL><LI><a href="#[25]">&gt;&gt;</a>&nbsp;&nbsp;&nbsp;task_uart
<LI><a href="#[24]">&gt;&gt;</a>&nbsp;&nbsp;&nbsp;task_lcd
</UL>

<P><STRONG><a name="[e7]"></a>__aeabi_memcpy8</STRONG> (ARM, 0 bytes, Stack size 8 bytes, rt_memcpy_w.o(.text), UNUSED)

<P><STRONG><a name="[e8]"></a>__rt_memcpy_w</STRONG> (ARM, 100 bytes, Stack size 8 bytes, rt_memcpy_w.o(.text), UNUSED)

<P><STRONG><a name="[e9]"></a>_memcpy_lastbytes_aligned</STRONG> (ARM, 0 bytes, Stack size unknown bytes, rt_memcpy_w.o(.text), UNUSED)

<P><STRONG><a name="[ad]"></a>__aeabi_memclr4</STRONG> (ARM, 0 bytes, Stack size 4 bytes, rt_memclr_w.o(.text))
<BR><BR>[Stack]<UL><LI>Max Depth = 4<LI>Call Chain = __aeabi_memclr4
</UL>
<BR>[Called By]<UL><LI><a href="#[1c]">&gt;&gt;</a>&nbsp;&nbsp;&nbsp;task_init
</UL>

<P><STRONG><a name="[ea]"></a>__aeabi_memclr8</STRONG> (ARM, 0 bytes, Stack size 4 bytes, rt_memclr_w.o(.text), UNUSED)

<P><STRONG><a name="[eb]"></a>__rt_memclr_w</STRONG> (ARM, 84 bytes, Stack size 4 bytes, rt_memclr_w.o(.text), UNUSED)

<P><STRONG><a name="[ec]"></a>_memset_w</STRONG> (ARM, 0 bytes, Stack size unknown bytes, rt_memclr_w.o(.text), UNUSED)

<P><STRONG><a name="[ed]"></a>__aeabi_idiv</STRONG> (ARM, 0 bytes, Stack size 8 bytes, aeabi_sdiv.o(.text), UNUSED)

<P><STRONG><a name="[5c]"></a>__aeabi_idivmod</STRONG> (ARM, 384 bytes, Stack size 8 bytes, aeabi_sdiv.o(.text))
<BR><BR>[Stack]<UL><LI>Max Depth = 8<LI>Call Chain = __aeabi_idivmod
</UL>
<BR>[Called By]<UL><LI><a href="#[6a]">&gt;&gt;</a>&nbsp;&nbsp;&nbsp;DEC2BCD
<LI><a href="#[50]">&gt;&gt;</a>&nbsp;&nbsp;&nbsp;_btod_etento (via Veneer)
</UL>

<P><STRONG><a name="[ee]"></a>__use_two_region_memory</STRONG> (Thumb, 2 bytes, Stack size 0 bytes, heapauxi.o(.text), UNUSED)

<P><STRONG><a name="[ef]"></a>__rt_heap_escrow$2region</STRONG> (Thumb, 2 bytes, Stack size 0 bytes, heapauxi.o(.text), UNUSED)

<P><STRONG><a name="[f0]"></a>__rt_heap_expand$2region</STRONG> (Thumb, 2 bytes, Stack size 0 bytes, heapauxi.o(.text), UNUSED)

<P><STRONG><a name="[4a]"></a>_printf_int_common</STRONG> (Thumb, 186 bytes, Stack size 40 bytes, _printf_intcommon.o(.text))
<BR><BR>[Stack]<UL><LI>Max Depth = 56<LI>Call Chain = _printf_int_common &rArr; _printf_post_padding
</UL>
<BR>[Calls]<UL><LI><a href="#[45]">&gt;&gt;</a>&nbsp;&nbsp;&nbsp;_printf_post_padding
<LI><a href="#[43]">&gt;&gt;</a>&nbsp;&nbsp;&nbsp;_printf_pre_padding
<LI><a href="#[44]">&gt;&gt;</a>&nbsp;&nbsp;&nbsp;__ARM_common_call_via_r2
</UL>
<BR>[Called By]<UL><LI><a href="#[30]">&gt;&gt;</a>&nbsp;&nbsp;&nbsp;_printf_int_dec
</UL>

<P><STRONG><a name="[f1]"></a>__lib_sel_fp_printf</STRONG> (Thumb, 2 bytes, Stack size 0 bytes, _printf_fp_dec.o(.text), UNUSED)

<P><STRONG><a name="[55]"></a>_printf_fp_dec_real</STRONG> (Thumb, 628 bytes, Stack size 96 bytes, _printf_fp_dec.o(.text))
<BR><BR>[Stack]<UL><LI>Max Depth = 316<LI>Call Chain = _printf_fp_dec_real &rArr; _fp_digits &rArr; _btod_etento &rArr; _btod_emul &rArr; _e2e
</UL>
<BR>[Calls]<UL><LI><a href="#[56]">&gt;&gt;</a>&nbsp;&nbsp;&nbsp;__ARM_fpclassify (via Veneer)
<LI><a href="#[57]">&gt;&gt;</a>&nbsp;&nbsp;&nbsp;_printf_fp_infnan
<LI><a href="#[34]">&gt;&gt;</a>&nbsp;&nbsp;&nbsp;__rt_locale (via Veneer)
<LI><a href="#[49]">&gt;&gt;</a>&nbsp;&nbsp;&nbsp;__rt_udiv10 (via Veneer)
<LI><a href="#[4f]">&gt;&gt;</a>&nbsp;&nbsp;&nbsp;_fp_digits
<LI><a href="#[45]">&gt;&gt;</a>&nbsp;&nbsp;&nbsp;_printf_post_padding
<LI><a href="#[43]">&gt;&gt;</a>&nbsp;&nbsp;&nbsp;_printf_pre_padding
<LI><a href="#[44]">&gt;&gt;</a>&nbsp;&nbsp;&nbsp;__ARM_common_call_via_r2
</UL>
<BR>[Called By]<UL><LI><a href="#[2e]">&gt;&gt;</a>&nbsp;&nbsp;&nbsp;_printf_fp_dec (via Veneer)
</UL>

<P><STRONG><a name="[42]"></a>_printf_char_common</STRONG> (Thumb, 34 bytes, Stack size 64 bytes, _printf_char_common.o(.text))
<BR><BR>[Stack]<UL><LI>Max Depth = 96 + Unknown Stack Size
<LI>Call Chain = _printf_char_common &rArr; __printf
</UL>
<BR>[Calls]<UL><LI><a href="#[4b]">&gt;&gt;</a>&nbsp;&nbsp;&nbsp;__printf
</UL>
<BR>[Called By]<UL><LI><a href="#[41]">&gt;&gt;</a>&nbsp;&nbsp;&nbsp;__2sprintf
</UL>

<P><STRONG><a name="[12]"></a>_sputc</STRONG> (Thumb, 10 bytes, Stack size 0 bytes, _sputc.o(.text))
<BR><BR>[Called By]<UL><LI><a href="#[41]">&gt;&gt;</a>&nbsp;&nbsp;&nbsp;__2sprintf
</UL>
<BR>[Address Reference Count : 1]<UL><LI> noretval__2sprintf.o(.text)
</UL>
<P><STRONG><a name="[58]"></a>_printf_cs_common</STRONG> (Thumb, 26 bytes, Stack size 8 bytes, _printf_char.o(.text))
<BR><BR>[Stack]<UL><LI>Max Depth = 40<LI>Call Chain = _printf_cs_common &rArr; _printf_str &rArr; _printf_post_padding
</UL>
<BR>[Calls]<UL><LI><a href="#[59]">&gt;&gt;</a>&nbsp;&nbsp;&nbsp;_printf_mbtowc (Weak Reference)
<LI><a href="#[46]">&gt;&gt;</a>&nbsp;&nbsp;&nbsp;_printf_str
</UL>
<BR>[Called By]<UL><LI><a href="#[32]">&gt;&gt;</a>&nbsp;&nbsp;&nbsp;_printf_string
<LI><a href="#[5a]">&gt;&gt;</a>&nbsp;&nbsp;&nbsp;_printf_char
</UL>

<P><STRONG><a name="[5a]"></a>_printf_char</STRONG> (Thumb, 16 bytes, Stack size 0 bytes, _printf_char.o(.text), UNUSED)
<BR><BR>[Calls]<UL><LI><a href="#[58]">&gt;&gt;</a>&nbsp;&nbsp;&nbsp;_printf_cs_common
</UL>

<P><STRONG><a name="[32]"></a>_printf_string</STRONG> (Thumb, 8 bytes, Stack size 0 bytes, _printf_char.o(.text))
<BR><BR>[Stack]<UL><LI>Max Depth = 40<LI>Call Chain = _printf_string &rArr; _printf_cs_common &rArr; _printf_str &rArr; _printf_post_padding
</UL>
<BR>[Calls]<UL><LI><a href="#[58]">&gt;&gt;</a>&nbsp;&nbsp;&nbsp;_printf_cs_common
</UL>
<BR>[Called By]<UL><LI><a href="#[31]">&gt;&gt;</a>&nbsp;&nbsp;&nbsp;_printf_s (via Veneer)
</UL>

<P><STRONG><a name="[49]"></a>__rt_udiv10</STRONG> (ARM, 44 bytes, Stack size 0 bytes, rtudiv10.o(.text))
<BR><BR>[Called By]<UL><LI><a href="#[55]">&gt;&gt;</a>&nbsp;&nbsp;&nbsp;_printf_fp_dec_real (via Veneer)
<LI><a href="#[30]">&gt;&gt;</a>&nbsp;&nbsp;&nbsp;_printf_int_dec (via Veneer)
</UL>

<P><STRONG><a name="[34]"></a>__rt_locale</STRONG> (ARM, 20 bytes, Stack size 8 bytes, rt_locale_twolibspace.o(.text))
<BR><BR>[Stack]<UL><LI>Max Depth = 8<LI>Call Chain = __rt_locale
</UL>
<BR>[Calls]<UL><LI><a href="#[5b]">&gt;&gt;</a>&nbsp;&nbsp;&nbsp;__user_perproc_libspace
</UL>
<BR>[Called By]<UL><LI><a href="#[33]">&gt;&gt;</a>&nbsp;&nbsp;&nbsp;__rt_lib_init_lc_common (via Veneer)
<LI><a href="#[55]">&gt;&gt;</a>&nbsp;&nbsp;&nbsp;_printf_fp_dec_real (via Veneer)
</UL>

<P><STRONG><a name="[54]"></a>_ll_udiv10</STRONG> (ARM, 160 bytes, Stack size 12 bytes, lludiv10.o(.text))
<BR><BR>[Stack]<UL><LI>Max Depth = 12<LI>Call Chain = _ll_udiv10
</UL>
<BR>[Called By]<UL><LI><a href="#[4f]">&gt;&gt;</a>&nbsp;&nbsp;&nbsp;_fp_digits (via Veneer)
</UL>

<P><STRONG><a name="[57]"></a>_printf_fp_infnan</STRONG> (Thumb, 128 bytes, Stack size 24 bytes, _printf_fp_infnan.o(.text))
<BR><BR>[Stack]<UL><LI>Max Depth = 40<LI>Call Chain = _printf_fp_infnan &rArr; _printf_post_padding
</UL>
<BR>[Calls]<UL><LI><a href="#[45]">&gt;&gt;</a>&nbsp;&nbsp;&nbsp;_printf_post_padding
<LI><a href="#[43]">&gt;&gt;</a>&nbsp;&nbsp;&nbsp;_printf_pre_padding
<LI><a href="#[44]">&gt;&gt;</a>&nbsp;&nbsp;&nbsp;__ARM_common_call_via_r2
</UL>
<BR>[Called By]<UL><LI><a href="#[55]">&gt;&gt;</a>&nbsp;&nbsp;&nbsp;_printf_fp_dec_real
</UL>

<P><STRONG><a name="[50]"></a>_btod_etento</STRONG> (Thumb, 214 bytes, Stack size 72 bytes, bigflt0.o(.text))
<BR><BR>[Stack]<UL><LI>Max Depth = 124<LI>Call Chain = _btod_etento &rArr; _btod_emul &rArr; _e2e
</UL>
<BR>[Calls]<UL><LI><a href="#[53]">&gt;&gt;</a>&nbsp;&nbsp;&nbsp;_btod_emul (via Veneer)
<LI><a href="#[52]">&gt;&gt;</a>&nbsp;&nbsp;&nbsp;_btod_ediv (via Veneer)
<LI><a href="#[5c]">&gt;&gt;</a>&nbsp;&nbsp;&nbsp;__aeabi_idivmod (via Veneer)
</UL>
<BR>[Called By]<UL><LI><a href="#[4f]">&gt;&gt;</a>&nbsp;&nbsp;&nbsp;_fp_digits
</UL>

<P><STRONG><a name="[38]"></a>__user_setup_stackheap</STRONG> (ARM, 96 bytes, Stack size 8 bytes, sys_stackheap_outer.o(.text))
<BR><BR>[Stack]<UL><LI>Max Depth = 8 + Unknown Stack Size
<LI>Call Chain = __user_setup_stackheap
</UL>
<BR>[Calls]<UL><LI><a href="#[5d]">&gt;&gt;</a>&nbsp;&nbsp;&nbsp;__user_initial_stackheap
<LI><a href="#[5b]">&gt;&gt;</a>&nbsp;&nbsp;&nbsp;__user_perproc_libspace
</UL>
<BR>[Called By]<UL><LI><a href="#[37]">&gt;&gt;</a>&nbsp;&nbsp;&nbsp;__rt_entry_sh
</UL>

<P><STRONG><a name="[3c]"></a>exit</STRONG> (Thumb, 20 bytes, Stack size 8 bytes, exit.o(.text))
<BR><BR>[Stack]<UL><LI>Max Depth = 8 + Unknown Stack Size
<LI>Call Chain = exit
</UL>
<BR>[Calls]<UL><LI><a href="#[5f]">&gt;&gt;</a>&nbsp;&nbsp;&nbsp;__rt_exit (via Veneer)
<LI><a href="#[5e]">&gt;&gt;</a>&nbsp;&nbsp;&nbsp;_call_atexit_fns (Weak Reference)
</UL>
<BR>[Called By]<UL><LI><a href="#[3b]">&gt;&gt;</a>&nbsp;&nbsp;&nbsp;__rt_entry_main
</UL>

<P><STRONG><a name="[b3]"></a>strcmp</STRONG> (ARM, 240 bytes, Stack size 4 bytes, strcmp.o(.text))
<BR><BR>[Stack]<UL><LI>Max Depth = 4<LI>Call Chain = strcmp
</UL>
<BR>[Called By]<UL><LI><a href="#[36]">&gt;&gt;</a>&nbsp;&nbsp;&nbsp;_get_lc_numeric
</UL>

<P><STRONG><a name="[40]"></a>_sys_exit</STRONG> (Thumb, 8 bytes, Stack size 0 bytes, sys_exit.o(.text))
<BR><BR>[Called By]<UL><LI><a href="#[3f]">&gt;&gt;</a>&nbsp;&nbsp;&nbsp;__rt_exit_exit (via Veneer)
</UL>

<P><STRONG><a name="[f2]"></a>__I$use$semihosting</STRONG> (ARM, 0 bytes, Stack size 0 bytes, use_no_semi.o(.text), UNUSED)

<P><STRONG><a name="[f3]"></a>__use_no_semihosting_swi</STRONG> (ARM, 4 bytes, Stack size 0 bytes, use_no_semi.o(.text), UNUSED)

<P><STRONG><a name="[f4]"></a>__aeabi_uidiv</STRONG> (ARM, 0 bytes, Stack size 0 bytes, aeabi_sdiv.o(.text_udiv), UNUSED)

<P><STRONG><a name="[60]"></a>__aeabi_uidivmod</STRONG> (ARM, 36 bytes, Stack size 0 bytes, aeabi_sdiv.o(.text_udiv))
<BR><BR>[Calls]<UL><LI><a href="#[64]">&gt;&gt;</a>&nbsp;&nbsp;&nbsp;__arm_div_large
<LI><a href="#[61]">&gt;&gt;</a>&nbsp;&nbsp;&nbsp;__arm_div2
<LI><a href="#[62]">&gt;&gt;</a>&nbsp;&nbsp;&nbsp;__arm_div5
<LI><a href="#[63]">&gt;&gt;</a>&nbsp;&nbsp;&nbsp;__arm_div8
</UL>
<BR>[Called By]<UL><LI><a href="#[ac]">&gt;&gt;</a>&nbsp;&nbsp;&nbsp;uart0_init
</UL>

<P><STRONG><a name="[f5]"></a>__semihosting_library_function</STRONG> (ARM, 0 bytes, Stack size 0 bytes, indicate_semi.o(.text), UNUSED)

<P><STRONG><a name="[51]"></a>_btod_d2e</STRONG> (ARM, 56 bytes, Stack size 0 bytes, btod.o(CL$$btod_d2e))
<BR><BR>[Calls]<UL><LI><a href="#[65]">&gt;&gt;</a>&nbsp;&nbsp;&nbsp;_d2e_norm_op1
</UL>
<BR>[Called By]<UL><LI><a href="#[4f]">&gt;&gt;</a>&nbsp;&nbsp;&nbsp;_fp_digits (via Veneer)
</UL>

<P><STRONG><a name="[66]"></a>_d2e_denorm_low</STRONG> (ARM, 84 bytes, Stack size 0 bytes, btod.o(CL$$btod_d2e_denorm_low))
<BR><BR>[Called By]<UL><LI><a href="#[65]">&gt;&gt;</a>&nbsp;&nbsp;&nbsp;_d2e_norm_op1
</UL>

<P><STRONG><a name="[65]"></a>_d2e_norm_op1</STRONG> (ARM, 104 bytes, Stack size 0 bytes, btod.o(CL$$btod_d2e_norm_op1))
<BR><BR>[Calls]<UL><LI><a href="#[66]">&gt;&gt;</a>&nbsp;&nbsp;&nbsp;_d2e_denorm_low
</UL>
<BR>[Called By]<UL><LI><a href="#[51]">&gt;&gt;</a>&nbsp;&nbsp;&nbsp;_btod_d2e
</UL>

<P><STRONG><a name="[67]"></a>__btod_div_common</STRONG> (ARM, 716 bytes, Stack size 24 bytes, btod.o(CL$$btod_div_common))
<BR><BR>[Stack]<UL><LI>Max Depth = 24<LI>Call Chain = __btod_div_common
</UL>
<BR>[Called By]<UL><LI><a href="#[52]">&gt;&gt;</a>&nbsp;&nbsp;&nbsp;_btod_ediv
</UL>

<P><STRONG><a name="[68]"></a>_e2e</STRONG> (ARM, 244 bytes, Stack size 24 bytes, btod.o(CL$$btod_e2e))
<BR><BR>[Stack]<UL><LI>Max Depth = 24<LI>Call Chain = _e2e
</UL>
<BR>[Called By]<UL><LI><a href="#[53]">&gt;&gt;</a>&nbsp;&nbsp;&nbsp;_btod_emul
<LI><a href="#[52]">&gt;&gt;</a>&nbsp;&nbsp;&nbsp;_btod_ediv
</UL>

<P><STRONG><a name="[52]"></a>_btod_ediv</STRONG> (ARM, 56 bytes, Stack size 28 bytes, btod.o(CL$$btod_ediv))
<BR><BR>[Stack]<UL><LI>Max Depth = 52<LI>Call Chain = _btod_ediv &rArr; _e2e
</UL>
<BR>[Calls]<UL><LI><a href="#[68]">&gt;&gt;</a>&nbsp;&nbsp;&nbsp;_e2e
<LI><a href="#[67]">&gt;&gt;</a>&nbsp;&nbsp;&nbsp;__btod_div_common
</UL>
<BR>[Called By]<UL><LI><a href="#[50]">&gt;&gt;</a>&nbsp;&nbsp;&nbsp;_btod_etento (via Veneer)
<LI><a href="#[4f]">&gt;&gt;</a>&nbsp;&nbsp;&nbsp;_fp_digits (via Veneer)
</UL>

<P><STRONG><a name="[53]"></a>_btod_emul</STRONG> (ARM, 56 bytes, Stack size 28 bytes, btod.o(CL$$btod_emul))
<BR><BR>[Stack]<UL><LI>Max Depth = 52<LI>Call Chain = _btod_emul &rArr; _e2e
</UL>
<BR>[Calls]<UL><LI><a href="#[69]">&gt;&gt;</a>&nbsp;&nbsp;&nbsp;__btod_mult_common
<LI><a href="#[68]">&gt;&gt;</a>&nbsp;&nbsp;&nbsp;_e2e
</UL>
<BR>[Called By]<UL><LI><a href="#[50]">&gt;&gt;</a>&nbsp;&nbsp;&nbsp;_btod_etento (via Veneer)
<LI><a href="#[4f]">&gt;&gt;</a>&nbsp;&nbsp;&nbsp;_fp_digits (via Veneer)
</UL>

<P><STRONG><a name="[69]"></a>__btod_mult_common</STRONG> (ARM, 616 bytes, Stack size 16 bytes, btod.o(CL$$btod_mult_common))
<BR><BR>[Stack]<UL><LI>Max Depth = 16<LI>Call Chain = __btod_mult_common
</UL>
<BR>[Called By]<UL><LI><a href="#[53]">&gt;&gt;</a>&nbsp;&nbsp;&nbsp;_btod_emul
</UL>

<P><STRONG><a name="[73]"></a>BCD2DEC</STRONG> (ARM, 28 bytes, Stack size 0 bytes, rtc_driver.o(i.BCD2DEC))
<BR><BR>[Called By]<UL><LI><a href="#[74]">&gt;&gt;</a>&nbsp;&nbsp;&nbsp;get_time
<LI><a href="#[71]">&gt;&gt;</a>&nbsp;&nbsp;&nbsp;get_date
</UL>

<P><STRONG><a name="[6a]"></a>DEC2BCD</STRONG> (ARM, 52 bytes, Stack size 16 bytes, rtc_driver.o(i.DEC2BCD))
<BR><BR>[Stack]<UL><LI>Max Depth = 24<LI>Call Chain = DEC2BCD &rArr; __aeabi_idivmod
</UL>
<BR>[Calls]<UL><LI><a href="#[5c]">&gt;&gt;</a>&nbsp;&nbsp;&nbsp;__aeabi_idivmod
</UL>
<BR>[Called By]<UL><LI><a href="#[a3]">&gt;&gt;</a>&nbsp;&nbsp;&nbsp;set_time
<LI><a href="#[a2]">&gt;&gt;</a>&nbsp;&nbsp;&nbsp;set_date
</UL>

<P><STRONG><a name="[4c]"></a>__ARM_common_call_via_r1</STRONG> (Thumb, 2 bytes, Stack size 0 bytes, __printf.o(i.__ARM_common_call_via_r1))
<BR><BR>[Called By]<UL><LI><a href="#[4b]">&gt;&gt;</a>&nbsp;&nbsp;&nbsp;__printf
</UL>

<P><STRONG><a name="[44]"></a>__ARM_common_call_via_r2</STRONG> (Thumb, 2 bytes, Stack size 0 bytes, __printf.o(i.__ARM_common_call_via_r2))
<BR><BR>[Called By]<UL><LI><a href="#[57]">&gt;&gt;</a>&nbsp;&nbsp;&nbsp;_printf_fp_infnan
<LI><a href="#[55]">&gt;&gt;</a>&nbsp;&nbsp;&nbsp;_printf_fp_dec_real
<LI><a href="#[4a]">&gt;&gt;</a>&nbsp;&nbsp;&nbsp;_printf_int_common
<LI><a href="#[4b]">&gt;&gt;</a>&nbsp;&nbsp;&nbsp;__printf
<LI><a href="#[46]">&gt;&gt;</a>&nbsp;&nbsp;&nbsp;_printf_str
<LI><a href="#[45]">&gt;&gt;</a>&nbsp;&nbsp;&nbsp;_printf_post_padding
<LI><a href="#[43]">&gt;&gt;</a>&nbsp;&nbsp;&nbsp;_printf_pre_padding
</UL>

<P><STRONG><a name="[56]"></a>__ARM_fpclassify</STRONG> (ARM, 48 bytes, Stack size 0 bytes, fpclassify.o(i.__ARM_fpclassify))
<BR><BR>[Called By]<UL><LI><a href="#[55]">&gt;&gt;</a>&nbsp;&nbsp;&nbsp;_printf_fp_dec_real (via Veneer)
</UL>

<P><STRONG><a name="[14]"></a>__SWI_0</STRONG> (ARM, 72 bytes, Stack size 0 bytes, hal_arm.o(i.__SWI_0))
<BR><BR>[Calls]<UL><LI><a href="#[6c]">&gt;&gt;</a>&nbsp;&nbsp;&nbsp;rt_post_taskswitch (Weak Reference)
<LI><a href="#[6d]">&gt;&gt;</a>&nbsp;&nbsp;&nbsp;os_switch_tasks_ret (via Veneer)
<LI><a href="#[6b]">&gt;&gt;</a>&nbsp;&nbsp;&nbsp;os_stk_check
<LI><a href="#[10]">&gt;&gt;</a>&nbsp;&nbsp;&nbsp;tsk_unlock (via Veneer)
</UL>
<BR>[Address Reference Count : 1]<UL><LI> swi_table.o(SWI_TABLE)
</UL>
<P><STRONG><a name="[15]"></a>__SWI_1</STRONG> (ARM, 24 bytes, Stack size 0 bytes, rt_membox.o(i.__SWI_1))
<BR>[Address Reference Count : 1]<UL><LI> swi_table.o(SWI_TABLE)
</UL>
<P><STRONG><a name="[16]"></a>__SWI_2</STRONG> (ARM, 36 bytes, Stack size 0 bytes, rt_membox.o(i.__SWI_2))
<BR>[Address Reference Count : 1]<UL><LI> swi_table.o(SWI_TABLE)
</UL>
<P><STRONG><a name="[17]"></a>__SWI_3</STRONG> (ARM, 16 bytes, Stack size 0 bytes, hal_arm.o(i.__SWI_3))
<BR>[Address Reference Count : 1]<UL><LI> swi_table.o(SWI_TABLE)
</UL>
<P><STRONG><a name="[18]"></a>__SWI_4</STRONG> (ARM, 16 bytes, Stack size 0 bytes, hal_arm.o(i.__SWI_4))
<BR>[Address Reference Count : 1]<UL><LI> swi_table.o(SWI_TABLE)
</UL>
<P><STRONG><a name="[19]"></a>__SWI_5</STRONG> (Thumb, 8 bytes, Stack size 0 bytes, rtx_conf_lpc21xx.o(i.__SWI_5))
<BR>[Address Reference Count : 1]<UL><LI> swi_table.o(SWI_TABLE)
</UL>
<P><STRONG><a name="[1a]"></a>__SWI_6</STRONG> (ARM, 4 bytes, Stack size 0 bytes, hal_arm.o(i.__SWI_6))
<BR>[Address Reference Count : 1]<UL><LI> swi_table.o(SWI_TABLE)
</UL>
<P><STRONG><a name="[1b]"></a>__SWI_7</STRONG> (ARM, 4 bytes, Stack size 0 bytes, hal_arm.o(i.__SWI_7))
<BR>[Address Reference Count : 1]<UL><LI> swi_table.o(SWI_TABLE)
</UL>
<P><STRONG><a name="[94]"></a>_init_box</STRONG> (ARM, 112 bytes, Stack size 0 bytes, rt_membox.o(i._init_box))
<BR><BR>[Called By]<UL><LI><a href="#[d]">&gt;&gt;</a>&nbsp;&nbsp;&nbsp;os_sys_init1
</UL>

<P><STRONG><a name="[4d]"></a>_is_digit</STRONG> (Thumb, 14 bytes, Stack size 0 bytes, __printf_wp.o(i._is_digit))
<BR><BR>[Called By]<UL><LI><a href="#[4b]">&gt;&gt;</a>&nbsp;&nbsp;&nbsp;__printf
</UL>

<P><STRONG><a name="[27]"></a>_mutex_acquire</STRONG> (Thumb, 26 bytes, Stack size 8 bytes, rtx_conf_lpc21xx.o(i._mutex_acquire), UNUSED, KEPT)
<BR><BR>[Stack]<UL><LI>Max Depth = 40<LI>Call Chain = _mutex_acquire &rArr; os_mut_wait &rArr; os_block
</UL>
<BR>[Calls]<UL><LI><a href="#[6e]">&gt;&gt;</a>&nbsp;&nbsp;&nbsp;os_tsk_self (via Veneer)
<LI><a href="#[6f]">&gt;&gt;</a>&nbsp;&nbsp;&nbsp;os_mut_wait (via Veneer)
</UL>

<P><STRONG><a name="[28]"></a>_mutex_release</STRONG> (Thumb, 24 bytes, Stack size 8 bytes, rtx_conf_lpc21xx.o(i._mutex_release), UNUSED, KEPT)
<BR><BR>[Stack]<UL><LI>Max Depth = 52<LI>Call Chain = _mutex_release &rArr; os_mut_release &rArr; os_dispatch &rArr; os_put_prio
</UL>
<BR>[Calls]<UL><LI><a href="#[6e]">&gt;&gt;</a>&nbsp;&nbsp;&nbsp;os_tsk_self (via Veneer)
<LI><a href="#[70]">&gt;&gt;</a>&nbsp;&nbsp;&nbsp;os_mut_release (via Veneer)
</UL>

<P><STRONG><a name="[aa]"></a>adc_init</STRONG> (ARM, 36 bytes, Stack size 0 bytes, adc_driver.o(i.adc_init))
<BR><BR>[Called By]<UL><LI><a href="#[1c]">&gt;&gt;</a>&nbsp;&nbsp;&nbsp;task_init
</UL>

<P><STRONG><a name="[a4]"></a>adc_read</STRONG> (ARM, 140 bytes, Stack size 0 bytes, adc_driver.o(i.adc_read))
<BR><BR>[Called By]<UL><LI><a href="#[22]">&gt;&gt;</a>&nbsp;&nbsp;&nbsp;task_adc
</UL>

<P><STRONG><a name="[76]"></a>delay_ms</STRONG> (ARM, 72 bytes, Stack size 0 bytes, delay.o(i.delay_ms))
<BR><BR>[Called By]<UL><LI><a href="#[79]">&gt;&gt;</a>&nbsp;&nbsp;&nbsp;lcd_enable
<LI><a href="#[1c]">&gt;&gt;</a>&nbsp;&nbsp;&nbsp;task_init
<LI><a href="#[77]">&gt;&gt;</a>&nbsp;&nbsp;&nbsp;i2c_write
<LI><a href="#[72]">&gt;&gt;</a>&nbsp;&nbsp;&nbsp;i2c_read
</UL>

<P><STRONG><a name="[71]"></a>get_date</STRONG> (ARM, 112 bytes, Stack size 16 bytes, rtc_driver.o(i.get_date))
<BR><BR>[Stack]<UL><LI>Max Depth = 36<LI>Call Chain = get_date &rArr; i2c_read &rArr; uart0_string
</UL>
<BR>[Calls]<UL><LI><a href="#[73]">&gt;&gt;</a>&nbsp;&nbsp;&nbsp;BCD2DEC
<LI><a href="#[72]">&gt;&gt;</a>&nbsp;&nbsp;&nbsp;i2c_read
</UL>
<BR>[Called By]<UL><LI><a href="#[21]">&gt;&gt;</a>&nbsp;&nbsp;&nbsp;task_rtc
</UL>

<P><STRONG><a name="[74]"></a>get_time</STRONG> (ARM, 232 bytes, Stack size 16 bytes, rtc_driver.o(i.get_time))
<BR><BR>[Stack]<UL><LI>Max Depth = 36<LI>Call Chain = get_time &rArr; i2c_read &rArr; uart0_string
</UL>
<BR>[Calls]<UL><LI><a href="#[73]">&gt;&gt;</a>&nbsp;&nbsp;&nbsp;BCD2DEC
<LI><a href="#[72]">&gt;&gt;</a>&nbsp;&nbsp;&nbsp;i2c_read
</UL>
<BR>[Called By]<UL><LI><a href="#[21]">&gt;&gt;</a>&nbsp;&nbsp;&nbsp;task_rtc
</UL>

<P><STRONG><a name="[a9]"></a>i2c_init</STRONG> (ARM, 48 bytes, Stack size 0 bytes, i2c_driver.o(i.i2c_init))
<BR><BR>[Called By]<UL><LI><a href="#[1c]">&gt;&gt;</a>&nbsp;&nbsp;&nbsp;task_init
</UL>

<P><STRONG><a name="[72]"></a>i2c_read</STRONG> (ARM, 456 bytes, Stack size 16 bytes, i2c_driver.o(i.i2c_read))
<BR><BR>[Stack]<UL><LI>Max Depth = 20<LI>Call Chain = i2c_read &rArr; uart0_string
</UL>
<BR>[Calls]<UL><LI><a href="#[76]">&gt;&gt;</a>&nbsp;&nbsp;&nbsp;delay_ms
<LI><a href="#[75]">&gt;&gt;</a>&nbsp;&nbsp;&nbsp;uart0_string
</UL>
<BR>[Called By]<UL><LI><a href="#[74]">&gt;&gt;</a>&nbsp;&nbsp;&nbsp;get_time
<LI><a href="#[71]">&gt;&gt;</a>&nbsp;&nbsp;&nbsp;get_date
</UL>

<P><STRONG><a name="[77]"></a>i2c_write</STRONG> (ARM, 348 bytes, Stack size 16 bytes, i2c_driver.o(i.i2c_write))
<BR><BR>[Stack]<UL><LI>Max Depth = 20<LI>Call Chain = i2c_write &rArr; uart0_string
</UL>
<BR>[Calls]<UL><LI><a href="#[76]">&gt;&gt;</a>&nbsp;&nbsp;&nbsp;delay_ms
<LI><a href="#[75]">&gt;&gt;</a>&nbsp;&nbsp;&nbsp;uart0_string
</UL>
<BR>[Called By]<UL><LI><a href="#[a3]">&gt;&gt;</a>&nbsp;&nbsp;&nbsp;set_time
<LI><a href="#[a2]">&gt;&gt;</a>&nbsp;&nbsp;&nbsp;set_date
</UL>

<P><STRONG><a name="[78]"></a>lcd_cmd</STRONG> (ARM, 112 bytes, Stack size 16 bytes, lcd_4bit_driver.o(i.lcd_cmd))
<BR><BR>[Stack]<UL><LI>Max Depth = 24<LI>Call Chain = lcd_cmd &rArr; lcd_enable
</UL>
<BR>[Calls]<UL><LI><a href="#[79]">&gt;&gt;</a>&nbsp;&nbsp;&nbsp;lcd_enable
</UL>
<BR>[Called By]<UL><LI><a href="#[7b]">&gt;&gt;</a>&nbsp;&nbsp;&nbsp;lcd_init
<LI><a href="#[24]">&gt;&gt;</a>&nbsp;&nbsp;&nbsp;task_lcd
<LI><a href="#[1c]">&gt;&gt;</a>&nbsp;&nbsp;&nbsp;task_init
</UL>

<P><STRONG><a name="[7a]"></a>lcd_data</STRONG> (ARM, 112 bytes, Stack size 16 bytes, lcd_4bit_driver.o(i.lcd_data))
<BR><BR>[Stack]<UL><LI>Max Depth = 24<LI>Call Chain = lcd_data &rArr; lcd_enable
</UL>
<BR>[Calls]<UL><LI><a href="#[79]">&gt;&gt;</a>&nbsp;&nbsp;&nbsp;lcd_enable
</UL>
<BR>[Called By]<UL><LI><a href="#[7c]">&gt;&gt;</a>&nbsp;&nbsp;&nbsp;lcd_string
</UL>

<P><STRONG><a name="[7b]"></a>lcd_init</STRONG> (ARM, 100 bytes, Stack size 8 bytes, lcd_4bit_driver.o(i.lcd_init))
<BR><BR>[Stack]<UL><LI>Max Depth = 32<LI>Call Chain = lcd_init &rArr; lcd_cmd &rArr; lcd_enable
</UL>
<BR>[Calls]<UL><LI><a href="#[78]">&gt;&gt;</a>&nbsp;&nbsp;&nbsp;lcd_cmd
</UL>
<BR>[Called By]<UL><LI><a href="#[1c]">&gt;&gt;</a>&nbsp;&nbsp;&nbsp;task_init
</UL>

<P><STRONG><a name="[7c]"></a>lcd_string</STRONG> (ARM, 40 bytes, Stack size 8 bytes, lcd_4bit_driver.o(i.lcd_string))
<BR><BR>[Stack]<UL><LI>Max Depth = 32<LI>Call Chain = lcd_string &rArr; lcd_data &rArr; lcd_enable
</UL>
<BR>[Calls]<UL><LI><a href="#[7a]">&gt;&gt;</a>&nbsp;&nbsp;&nbsp;lcd_data
</UL>
<BR>[Called By]<UL><LI><a href="#[24]">&gt;&gt;</a>&nbsp;&nbsp;&nbsp;task_lcd
<LI><a href="#[1c]">&gt;&gt;</a>&nbsp;&nbsp;&nbsp;task_init
</UL>

<P><STRONG><a name="[c]"></a>main</STRONG> (ARM, 24 bytes, Stack size 0 bytes, main.o(i.main))
<BR><BR>[Calls]<UL><LI><a href="#[7d]">&gt;&gt;</a>&nbsp;&nbsp;&nbsp;os_sys_init0
</UL>
<BR>[Address Reference Count : 1]<UL><LI> __rtentry2.o(.ARM.Collect$$rtentry$$0000000D)
</UL>
<P><STRONG><a name="[7e]"></a>mcp3204_adc_read</STRONG> (ARM, 108 bytes, Stack size 24 bytes, mcp3204_driver.o(i.mcp3204_adc_read))
<BR><BR>[Stack]<UL><LI>Max Depth = 24<LI>Call Chain = mcp3204_adc_read
</UL>
<BR>[Calls]<UL><LI><a href="#[7f]">&gt;&gt;</a>&nbsp;&nbsp;&nbsp;spi0
</UL>
<BR>[Called By]<UL><LI><a href="#[23]">&gt;&gt;</a>&nbsp;&nbsp;&nbsp;task_ldr
</UL>

<P><STRONG><a name="[80]"></a>os_block</STRONG> (ARM, 88 bytes, Stack size 16 bytes, rt_task.o(i.os_block))
<BR><BR>[Stack]<UL><LI>Max Depth = 16<LI>Call Chain = os_block
</UL>
<BR>[Calls]<UL><LI><a href="#[81]">&gt;&gt;</a>&nbsp;&nbsp;&nbsp;os_put_dly
<LI><a href="#[82]">&gt;&gt;</a>&nbsp;&nbsp;&nbsp;os_get_first
</UL>
<BR>[Called By]<UL><LI><a href="#[6f]">&gt;&gt;</a>&nbsp;&nbsp;&nbsp;os_mut_wait
<LI><a href="#[88]">&gt;&gt;</a>&nbsp;&nbsp;&nbsp;os_dly_wait
</UL>

<P><STRONG><a name="[83]"></a>os_chk_robin</STRONG> (ARM, 112 bytes, Stack size 8 bytes, rt_robin.o(i.os_chk_robin))
<BR><BR>[Stack]<UL><LI>Max Depth = 12<LI>Call Chain = os_chk_robin &rArr; os_put_prio
</UL>
<BR>[Calls]<UL><LI><a href="#[84]">&gt;&gt;</a>&nbsp;&nbsp;&nbsp;os_put_prio
<LI><a href="#[82]">&gt;&gt;</a>&nbsp;&nbsp;&nbsp;os_get_first
</UL>
<BR>[Called By]<UL><LI><a href="#[f]">&gt;&gt;</a>&nbsp;&nbsp;&nbsp;os_sys_manager
</UL>

<P><STRONG><a name="[85]"></a>os_dec_dly</STRONG> (ARM, 208 bytes, Stack size 16 bytes, rt_list.o(i.os_dec_dly))
<BR><BR>[Stack]<UL><LI>Max Depth = 20<LI>Call Chain = os_dec_dly &rArr; os_put_prio
</UL>
<BR>[Calls]<UL><LI><a href="#[84]">&gt;&gt;</a>&nbsp;&nbsp;&nbsp;os_put_prio
</UL>
<BR>[Called By]<UL><LI><a href="#[f]">&gt;&gt;</a>&nbsp;&nbsp;&nbsp;os_sys_manager
</UL>

<P><STRONG><a name="[86]"></a>os_dispatch</STRONG> (ARM, 104 bytes, Stack size 16 bytes, rt_task.o(i.os_dispatch))
<BR><BR>[Stack]<UL><LI>Max Depth = 20<LI>Call Chain = os_dispatch &rArr; os_put_prio
</UL>
<BR>[Calls]<UL><LI><a href="#[87]">&gt;&gt;</a>&nbsp;&nbsp;&nbsp;os_put_rdy_first
<LI><a href="#[84]">&gt;&gt;</a>&nbsp;&nbsp;&nbsp;os_put_prio
<LI><a href="#[82]">&gt;&gt;</a>&nbsp;&nbsp;&nbsp;os_get_first
</UL>
<BR>[Called By]<UL><LI><a href="#[a1]">&gt;&gt;</a>&nbsp;&nbsp;&nbsp;os_tsk_delete
<LI><a href="#[1e]">&gt;&gt;</a>&nbsp;&nbsp;&nbsp;os_tsk_create0
<LI><a href="#[70]">&gt;&gt;</a>&nbsp;&nbsp;&nbsp;os_mut_release
</UL>

<P><STRONG><a name="[88]"></a>os_dly_wait</STRONG> (ARM, 32 bytes, Stack size 8 bytes, rt_time.o(i.os_dly_wait))
<BR><BR>[Stack]<UL><LI>Max Depth = 24<LI>Call Chain = os_dly_wait &rArr; os_block
</UL>
<BR>[Calls]<UL><LI><a href="#[80]">&gt;&gt;</a>&nbsp;&nbsp;&nbsp;os_block
<LI><a href="#[10]">&gt;&gt;</a>&nbsp;&nbsp;&nbsp;tsk_unlock (via Veneer)
</UL>
<BR>[Called By]<UL><LI><a href="#[25]">&gt;&gt;</a>&nbsp;&nbsp;&nbsp;task_uart
<LI><a href="#[21]">&gt;&gt;</a>&nbsp;&nbsp;&nbsp;task_rtc
<LI><a href="#[23]">&gt;&gt;</a>&nbsp;&nbsp;&nbsp;task_ldr
<LI><a href="#[24]">&gt;&gt;</a>&nbsp;&nbsp;&nbsp;task_lcd
<LI><a href="#[22]">&gt;&gt;</a>&nbsp;&nbsp;&nbsp;task_adc
</UL>

<P><STRONG><a name="[8e]"></a>os_error</STRONG> (ARM, 8 bytes, Stack size 0 bytes, rtx_conf_lpc21xx.o(i.os_error))
<BR><BR>[Called By]<UL><LI><a href="#[8d]">&gt;&gt;</a>&nbsp;&nbsp;&nbsp;os_mbx_psh
<LI><a href="#[6b]">&gt;&gt;</a>&nbsp;&nbsp;&nbsp;os_stk_check
</UL>

<P><STRONG><a name="[89]"></a>os_evt_psh</STRONG> (ARM, 124 bytes, Stack size 8 bytes, rt_event.o(i.os_evt_psh))
<BR><BR>[Stack]<UL><LI>Max Depth = 12<LI>Call Chain = os_evt_psh &rArr; os_put_prio
</UL>
<BR>[Calls]<UL><LI><a href="#[8a]">&gt;&gt;</a>&nbsp;&nbsp;&nbsp;os_rmv_dly
<LI><a href="#[84]">&gt;&gt;</a>&nbsp;&nbsp;&nbsp;os_put_prio
</UL>
<BR>[Called By]<UL><LI><a href="#[f]">&gt;&gt;</a>&nbsp;&nbsp;&nbsp;os_sys_manager
</UL>

<P><STRONG><a name="[82]"></a>os_get_first</STRONG> (ARM, 72 bytes, Stack size 0 bytes, rt_list.o(i.os_get_first))
<BR><BR>[Called By]<UL><LI><a href="#[8d]">&gt;&gt;</a>&nbsp;&nbsp;&nbsp;os_mbx_psh
<LI><a href="#[83]">&gt;&gt;</a>&nbsp;&nbsp;&nbsp;os_chk_robin
<LI><a href="#[f]">&gt;&gt;</a>&nbsp;&nbsp;&nbsp;os_sys_manager
<LI><a href="#[86]">&gt;&gt;</a>&nbsp;&nbsp;&nbsp;os_dispatch
<LI><a href="#[80]">&gt;&gt;</a>&nbsp;&nbsp;&nbsp;os_block
<LI><a href="#[a1]">&gt;&gt;</a>&nbsp;&nbsp;&nbsp;os_tsk_delete
<LI><a href="#[70]">&gt;&gt;</a>&nbsp;&nbsp;&nbsp;os_mut_release
<LI><a href="#[92]">&gt;&gt;</a>&nbsp;&nbsp;&nbsp;os_sem_psh
</UL>

<P><STRONG><a name="[1d]"></a>os_idle_demon</STRONG> (ARM, 8 bytes, Stack size 0 bytes, rtx_conf_lpc21xx.o(i.os_idle_demon))
<BR><BR>[Called By]<UL><LI><a href="#[d]">&gt;&gt;</a>&nbsp;&nbsp;&nbsp;os_sys_init1
</UL>
<BR>[Address Reference Count : 1]<UL><LI> rt_task.o(i.os_sys_init1)
</UL>
<P><STRONG><a name="[97]"></a>os_init_robin</STRONG> (ARM, 32 bytes, Stack size 0 bytes, rt_robin.o(i.os_init_robin))
<BR><BR>[Called By]<UL><LI><a href="#[d]">&gt;&gt;</a>&nbsp;&nbsp;&nbsp;os_sys_init1
</UL>

<P><STRONG><a name="[8c]"></a>os_init_stack</STRONG> (ARM, 164 bytes, Stack size 4 bytes, hal_arm.o(i.os_init_stack))
<BR><BR>[Stack]<UL><LI>Max Depth = 4<LI>Call Chain = os_init_stack
</UL>
<BR>[Called By]<UL><LI><a href="#[8b]">&gt;&gt;</a>&nbsp;&nbsp;&nbsp;os_init_context
</UL>

<P><STRONG><a name="[e]"></a>os_irq_ack_lock</STRONG> (Thumb, 20 bytes, Stack size 0 bytes, rtx_conf_lpc21xx.o(i.os_irq_ack_lock))
<BR>[Address Reference Count : 1]<UL><LI> hal_arm.o(.emb_text)
</UL>
<P><STRONG><a name="[8d]"></a>os_mbx_psh</STRONG> (ARM, 228 bytes, Stack size 16 bytes, rt_mailbox.o(i.os_mbx_psh))
<BR><BR>[Stack]<UL><LI>Max Depth = 20<LI>Call Chain = os_mbx_psh &rArr; os_put_prio
</UL>
<BR>[Calls]<UL><LI><a href="#[8a]">&gt;&gt;</a>&nbsp;&nbsp;&nbsp;os_rmv_dly
<LI><a href="#[84]">&gt;&gt;</a>&nbsp;&nbsp;&nbsp;os_put_prio
<LI><a href="#[82]">&gt;&gt;</a>&nbsp;&nbsp;&nbsp;os_get_first
<LI><a href="#[8e]">&gt;&gt;</a>&nbsp;&nbsp;&nbsp;os_error
</UL>
<BR>[Called By]<UL><LI><a href="#[f]">&gt;&gt;</a>&nbsp;&nbsp;&nbsp;os_sys_manager
</UL>

<P><STRONG><a name="[8f]"></a>os_mut_init</STRONG> (ARM, 80 bytes, Stack size 16 bytes, rt_mutex.o(i.os_mut_init))
<BR><BR>[Stack]<UL><LI>Max Depth = 16<LI>Call Chain = os_mut_init
</UL>
<BR>[Calls]<UL><LI><a href="#[10]">&gt;&gt;</a>&nbsp;&nbsp;&nbsp;tsk_unlock (via Veneer)
</UL>
<BR>[Called By]<UL><LI><a href="#[1c]">&gt;&gt;</a>&nbsp;&nbsp;&nbsp;task_init
</UL>

<P><STRONG><a name="[70]"></a>os_mut_release</STRONG> (ARM, 368 bytes, Stack size 24 bytes, rt_mutex.o(i.os_mut_release))
<BR><BR>[Stack]<UL><LI>Max Depth = 44<LI>Call Chain = os_mut_release &rArr; os_dispatch &rArr; os_put_prio
</UL>
<BR>[Calls]<UL><LI><a href="#[8a]">&gt;&gt;</a>&nbsp;&nbsp;&nbsp;os_rmv_dly
<LI><a href="#[84]">&gt;&gt;</a>&nbsp;&nbsp;&nbsp;os_put_prio
<LI><a href="#[82]">&gt;&gt;</a>&nbsp;&nbsp;&nbsp;os_get_first
<LI><a href="#[86]">&gt;&gt;</a>&nbsp;&nbsp;&nbsp;os_dispatch
<LI><a href="#[10]">&gt;&gt;</a>&nbsp;&nbsp;&nbsp;tsk_unlock (via Veneer)
</UL>
<BR>[Called By]<UL><LI><a href="#[28]">&gt;&gt;</a>&nbsp;&nbsp;&nbsp;_mutex_release (via Veneer)
<LI><a href="#[25]">&gt;&gt;</a>&nbsp;&nbsp;&nbsp;task_uart
<LI><a href="#[21]">&gt;&gt;</a>&nbsp;&nbsp;&nbsp;task_rtc
<LI><a href="#[23]">&gt;&gt;</a>&nbsp;&nbsp;&nbsp;task_ldr
<LI><a href="#[24]">&gt;&gt;</a>&nbsp;&nbsp;&nbsp;task_lcd
<LI><a href="#[1c]">&gt;&gt;</a>&nbsp;&nbsp;&nbsp;task_init
<LI><a href="#[22]">&gt;&gt;</a>&nbsp;&nbsp;&nbsp;task_adc
</UL>

<P><STRONG><a name="[6f]"></a>os_mut_wait</STRONG> (ARM, 220 bytes, Stack size 16 bytes, rt_mutex.o(i.os_mut_wait))
<BR><BR>[Stack]<UL><LI>Max Depth = 32<LI>Call Chain = os_mut_wait &rArr; os_block
</UL>
<BR>[Calls]<UL><LI><a href="#[90]">&gt;&gt;</a>&nbsp;&nbsp;&nbsp;os_resort_prio
<LI><a href="#[84]">&gt;&gt;</a>&nbsp;&nbsp;&nbsp;os_put_prio
<LI><a href="#[80]">&gt;&gt;</a>&nbsp;&nbsp;&nbsp;os_block
<LI><a href="#[10]">&gt;&gt;</a>&nbsp;&nbsp;&nbsp;tsk_unlock (via Veneer)
</UL>
<BR>[Called By]<UL><LI><a href="#[27]">&gt;&gt;</a>&nbsp;&nbsp;&nbsp;_mutex_acquire (via Veneer)
<LI><a href="#[25]">&gt;&gt;</a>&nbsp;&nbsp;&nbsp;task_uart
<LI><a href="#[21]">&gt;&gt;</a>&nbsp;&nbsp;&nbsp;task_rtc
<LI><a href="#[23]">&gt;&gt;</a>&nbsp;&nbsp;&nbsp;task_ldr
<LI><a href="#[24]">&gt;&gt;</a>&nbsp;&nbsp;&nbsp;task_lcd
<LI><a href="#[1c]">&gt;&gt;</a>&nbsp;&nbsp;&nbsp;task_init
<LI><a href="#[22]">&gt;&gt;</a>&nbsp;&nbsp;&nbsp;task_adc
</UL>

<P><STRONG><a name="[81]"></a>os_put_dly</STRONG> (ARM, 136 bytes, Stack size 0 bytes, rt_list.o(i.os_put_dly))
<BR><BR>[Called By]<UL><LI><a href="#[80]">&gt;&gt;</a>&nbsp;&nbsp;&nbsp;os_block
</UL>

<P><STRONG><a name="[84]"></a>os_put_prio</STRONG> (ARM, 100 bytes, Stack size 4 bytes, rt_list.o(i.os_put_prio))
<BR><BR>[Stack]<UL><LI>Max Depth = 4<LI>Call Chain = os_put_prio
</UL>
<BR>[Called By]<UL><LI><a href="#[8d]">&gt;&gt;</a>&nbsp;&nbsp;&nbsp;os_mbx_psh
<LI><a href="#[89]">&gt;&gt;</a>&nbsp;&nbsp;&nbsp;os_evt_psh
<LI><a href="#[85]">&gt;&gt;</a>&nbsp;&nbsp;&nbsp;os_dec_dly
<LI><a href="#[83]">&gt;&gt;</a>&nbsp;&nbsp;&nbsp;os_chk_robin
<LI><a href="#[90]">&gt;&gt;</a>&nbsp;&nbsp;&nbsp;os_resort_prio
<LI><a href="#[86]">&gt;&gt;</a>&nbsp;&nbsp;&nbsp;os_dispatch
<LI><a href="#[a1]">&gt;&gt;</a>&nbsp;&nbsp;&nbsp;os_tsk_delete
<LI><a href="#[6f]">&gt;&gt;</a>&nbsp;&nbsp;&nbsp;os_mut_wait
<LI><a href="#[70]">&gt;&gt;</a>&nbsp;&nbsp;&nbsp;os_mut_release
<LI><a href="#[92]">&gt;&gt;</a>&nbsp;&nbsp;&nbsp;os_sem_psh
</UL>

<P><STRONG><a name="[87]"></a>os_put_rdy_first</STRONG> (ARM, 24 bytes, Stack size 0 bytes, rt_list.o(i.os_put_rdy_first))
<BR><BR>[Called By]<UL><LI><a href="#[f]">&gt;&gt;</a>&nbsp;&nbsp;&nbsp;os_sys_manager
<LI><a href="#[86]">&gt;&gt;</a>&nbsp;&nbsp;&nbsp;os_dispatch
</UL>

<P><STRONG><a name="[90]"></a>os_resort_prio</STRONG> (ARM, 84 bytes, Stack size 8 bytes, rt_list.o(i.os_resort_prio))
<BR><BR>[Stack]<UL><LI>Max Depth = 12<LI>Call Chain = os_resort_prio &rArr; os_put_prio
</UL>
<BR>[Calls]<UL><LI><a href="#[91]">&gt;&gt;</a>&nbsp;&nbsp;&nbsp;os_rmv_list
<LI><a href="#[84]">&gt;&gt;</a>&nbsp;&nbsp;&nbsp;os_put_prio
</UL>
<BR>[Called By]<UL><LI><a href="#[6f]">&gt;&gt;</a>&nbsp;&nbsp;&nbsp;os_mut_wait
</UL>

<P><STRONG><a name="[8a]"></a>os_rmv_dly</STRONG> (ARM, 76 bytes, Stack size 0 bytes, rt_list.o(i.os_rmv_dly))
<BR><BR>[Called By]<UL><LI><a href="#[8d]">&gt;&gt;</a>&nbsp;&nbsp;&nbsp;os_mbx_psh
<LI><a href="#[89]">&gt;&gt;</a>&nbsp;&nbsp;&nbsp;os_evt_psh
<LI><a href="#[a1]">&gt;&gt;</a>&nbsp;&nbsp;&nbsp;os_tsk_delete
<LI><a href="#[70]">&gt;&gt;</a>&nbsp;&nbsp;&nbsp;os_mut_release
<LI><a href="#[92]">&gt;&gt;</a>&nbsp;&nbsp;&nbsp;os_sem_psh
</UL>

<P><STRONG><a name="[91]"></a>os_rmv_list</STRONG> (ARM, 80 bytes, Stack size 0 bytes, rt_list.o(i.os_rmv_list))
<BR><BR>[Called By]<UL><LI><a href="#[90]">&gt;&gt;</a>&nbsp;&nbsp;&nbsp;os_resort_prio
<LI><a href="#[a1]">&gt;&gt;</a>&nbsp;&nbsp;&nbsp;os_tsk_delete
</UL>

<P><STRONG><a name="[92]"></a>os_sem_psh</STRONG> (ARM, 80 bytes, Stack size 8 bytes, rt_semaphore.o(i.os_sem_psh))
<BR><BR>[Stack]<UL><LI>Max Depth = 12<LI>Call Chain = os_sem_psh &rArr; os_put_prio
</UL>
<BR>[Calls]<UL><LI><a href="#[8a]">&gt;&gt;</a>&nbsp;&nbsp;&nbsp;os_rmv_dly
<LI><a href="#[84]">&gt;&gt;</a>&nbsp;&nbsp;&nbsp;os_put_prio
<LI><a href="#[82]">&gt;&gt;</a>&nbsp;&nbsp;&nbsp;os_get_first
</UL>
<BR>[Called By]<UL><LI><a href="#[f]">&gt;&gt;</a>&nbsp;&nbsp;&nbsp;os_sys_manager
</UL>

<P><STRONG><a name="[6b]"></a>os_stk_check</STRONG> (ARM, 48 bytes, Stack size 0 bytes, hal_arm.o(i.os_stk_check))
<BR><BR>[Calls]<UL><LI><a href="#[8e]">&gt;&gt;</a>&nbsp;&nbsp;&nbsp;os_error
</UL>
<BR>[Called By]<UL><LI><a href="#[14]">&gt;&gt;</a>&nbsp;&nbsp;&nbsp;__SWI_0
<LI><a href="#[f]">&gt;&gt;</a>&nbsp;&nbsp;&nbsp;os_sys_manager
<LI><a href="#[a1]">&gt;&gt;</a>&nbsp;&nbsp;&nbsp;os_tsk_delete
</UL>

<P><STRONG><a name="[d]"></a>os_sys_init1</STRONG> (ARM, 268 bytes, Stack size 0 bytes, rt_task.o(i.os_sys_init1))
<BR><BR>[Stack]<UL><LI>Max Depth = 20<LI>Call Chain = os_sys_init1 &rArr; os_init_context &rArr; os_init_stack
</UL>
<BR>[Calls]<UL><LI><a href="#[93]">&gt;&gt;</a>&nbsp;&nbsp;&nbsp;rt_init (Weak Reference)
<LI><a href="#[98]">&gt;&gt;</a>&nbsp;&nbsp;&nbsp;os_sys_run
<LI><a href="#[95]">&gt;&gt;</a>&nbsp;&nbsp;&nbsp;os_set_env
<LI><a href="#[97]">&gt;&gt;</a>&nbsp;&nbsp;&nbsp;os_init_robin
<LI><a href="#[94]">&gt;&gt;</a>&nbsp;&nbsp;&nbsp;_init_box
<LI><a href="#[8b]">&gt;&gt;</a>&nbsp;&nbsp;&nbsp;os_init_context
<LI><a href="#[96]">&gt;&gt;</a>&nbsp;&nbsp;&nbsp;os_tmr_init (via Veneer)
<LI><a href="#[1d]">&gt;&gt;</a>&nbsp;&nbsp;&nbsp;os_idle_demon
</UL>
<BR>[Address Reference Count : 1]<UL><LI> hal_arm.o(.emb_text)
</UL>
<P><STRONG><a name="[f]"></a>os_sys_manager</STRONG> (ARM, 292 bytes, Stack size 0 bytes, rt_system.o(i.os_sys_manager))
<BR><BR>[Stack]<UL><LI>Max Depth = 20 + Unknown Stack Size
<LI>Call Chain = os_sys_manager &rArr; os_mbx_psh &rArr; os_put_prio
</UL>
<BR>[Calls]<UL><LI><a href="#[8d]">&gt;&gt;</a>&nbsp;&nbsp;&nbsp;os_mbx_psh
<LI><a href="#[89]">&gt;&gt;</a>&nbsp;&nbsp;&nbsp;os_evt_psh
<LI><a href="#[85]">&gt;&gt;</a>&nbsp;&nbsp;&nbsp;os_dec_dly
<LI><a href="#[83]">&gt;&gt;</a>&nbsp;&nbsp;&nbsp;os_chk_robin
<LI><a href="#[6c]">&gt;&gt;</a>&nbsp;&nbsp;&nbsp;rt_post_taskswitch (Weak Reference)
<LI><a href="#[9e]">&gt;&gt;</a>&nbsp;&nbsp;&nbsp;os_sys_manager_ret (via Veneer)
<LI><a href="#[9c]">&gt;&gt;</a>&nbsp;&nbsp;&nbsp;_dec_qc
<LI><a href="#[6b]">&gt;&gt;</a>&nbsp;&nbsp;&nbsp;os_stk_check
<LI><a href="#[87]">&gt;&gt;</a>&nbsp;&nbsp;&nbsp;os_put_rdy_first
<LI><a href="#[82]">&gt;&gt;</a>&nbsp;&nbsp;&nbsp;os_get_first
<LI><a href="#[9a]">&gt;&gt;</a>&nbsp;&nbsp;&nbsp;os_tmr_inspect_ovf (via Veneer)
<LI><a href="#[99]">&gt;&gt;</a>&nbsp;&nbsp;&nbsp;os_tmr_inspect_cnt (via Veneer)
<LI><a href="#[9b]">&gt;&gt;</a>&nbsp;&nbsp;&nbsp;os_tmr_reload (Weak Reference)
<LI><a href="#[9d]">&gt;&gt;</a>&nbsp;&nbsp;&nbsp;os_tmr_tick
<LI><a href="#[92]">&gt;&gt;</a>&nbsp;&nbsp;&nbsp;os_sem_psh
</UL>
<BR>[Address Reference Count : 1]<UL><LI> hal_arm.o(.emb_text)
</UL>
<P><STRONG><a name="[9f]"></a>os_tmr_call</STRONG> (ARM, 4 bytes, Stack size 0 bytes, rtx_conf_lpc21xx.o(i.os_tmr_call))
<BR><BR>[Called By]<UL><LI><a href="#[9d]">&gt;&gt;</a>&nbsp;&nbsp;&nbsp;os_tmr_tick
</UL>

<P><STRONG><a name="[96]"></a>os_tmr_init</STRONG> (Thumb, 34 bytes, Stack size 0 bytes, rtx_conf_lpc21xx.o(i.os_tmr_init))
<BR><BR>[Called By]<UL><LI><a href="#[d]">&gt;&gt;</a>&nbsp;&nbsp;&nbsp;os_sys_init1 (via Veneer)
</UL>

<P><STRONG><a name="[99]"></a>os_tmr_inspect_cnt</STRONG> (Thumb, 6 bytes, Stack size 0 bytes, rtx_conf_lpc21xx.o(i.os_tmr_inspect_cnt))
<BR><BR>[Called By]<UL><LI><a href="#[f]">&gt;&gt;</a>&nbsp;&nbsp;&nbsp;os_sys_manager (via Veneer)
</UL>

<P><STRONG><a name="[9a]"></a>os_tmr_inspect_ovf</STRONG> (Thumb, 10 bytes, Stack size 0 bytes, rtx_conf_lpc21xx.o(i.os_tmr_inspect_ovf))
<BR><BR>[Called By]<UL><LI><a href="#[f]">&gt;&gt;</a>&nbsp;&nbsp;&nbsp;os_sys_manager (via Veneer)
</UL>

<P><STRONG><a name="[9d]"></a>os_tmr_tick</STRONG> (ARM, 108 bytes, Stack size 16 bytes, rt_timer.o(i.os_tmr_tick))
<BR><BR>[Stack]<UL><LI>Max Depth = 16<LI>Call Chain = os_tmr_tick
</UL>
<BR>[Calls]<UL><LI><a href="#[9f]">&gt;&gt;</a>&nbsp;&nbsp;&nbsp;os_tmr_call
</UL>
<BR>[Called By]<UL><LI><a href="#[f]">&gt;&gt;</a>&nbsp;&nbsp;&nbsp;os_sys_manager
</UL>

<P><STRONG><a name="[1e]"></a>os_tsk_create0</STRONG> (ARM, 196 bytes, Stack size 24 bytes, rt_task.o(i.os_tsk_create0))
<BR><BR>[Stack]<UL><LI>Max Depth = 44<LI>Call Chain = os_tsk_create0 &rArr; os_dispatch &rArr; os_put_prio
</UL>
<BR>[Calls]<UL><LI><a href="#[a0]">&gt;&gt;</a>&nbsp;&nbsp;&nbsp;rt_notify (Weak Reference)
<LI><a href="#[86]">&gt;&gt;</a>&nbsp;&nbsp;&nbsp;os_dispatch
<LI><a href="#[8b]">&gt;&gt;</a>&nbsp;&nbsp;&nbsp;os_init_context
<LI><a href="#[10]">&gt;&gt;</a>&nbsp;&nbsp;&nbsp;tsk_unlock (via Veneer)
</UL>
<BR>[Called By]<UL><LI><a href="#[1c]">&gt;&gt;</a>&nbsp;&nbsp;&nbsp;task_init
</UL>
<BR>[Address Reference Count : 1]<UL><LI> rt_task.o(i.os_sys_init1)
</UL>
<P><STRONG><a name="[a1]"></a>os_tsk_delete</STRONG> (ARM, 492 bytes, Stack size 40 bytes, rt_task.o(i.os_tsk_delete))
<BR><BR>[Stack]<UL><LI>Max Depth = 60<LI>Call Chain = os_tsk_delete &rArr; os_dispatch &rArr; os_put_prio
</UL>
<BR>[Calls]<UL><LI><a href="#[a0]">&gt;&gt;</a>&nbsp;&nbsp;&nbsp;rt_notify (Weak Reference)
<LI><a href="#[6b]">&gt;&gt;</a>&nbsp;&nbsp;&nbsp;os_stk_check
<LI><a href="#[91]">&gt;&gt;</a>&nbsp;&nbsp;&nbsp;os_rmv_list
<LI><a href="#[8a]">&gt;&gt;</a>&nbsp;&nbsp;&nbsp;os_rmv_dly
<LI><a href="#[84]">&gt;&gt;</a>&nbsp;&nbsp;&nbsp;os_put_prio
<LI><a href="#[82]">&gt;&gt;</a>&nbsp;&nbsp;&nbsp;os_get_first
<LI><a href="#[86]">&gt;&gt;</a>&nbsp;&nbsp;&nbsp;os_dispatch
<LI><a href="#[10]">&gt;&gt;</a>&nbsp;&nbsp;&nbsp;tsk_unlock (via Veneer)
</UL>
<BR>[Called By]<UL><LI><a href="#[1c]">&gt;&gt;</a>&nbsp;&nbsp;&nbsp;task_init
</UL>

<P><STRONG><a name="[6e]"></a>os_tsk_self</STRONG> (ARM, 20 bytes, Stack size 0 bytes, rt_task.o(i.os_tsk_self), UNUSED, KEPT)
<BR><BR>[Called By]<UL><LI><a href="#[28]">&gt;&gt;</a>&nbsp;&nbsp;&nbsp;_mutex_release (via Veneer)
<LI><a href="#[27]">&gt;&gt;</a>&nbsp;&nbsp;&nbsp;_mutex_acquire (via Veneer)
</UL>

<P><STRONG><a name="[a2]"></a>set_date</STRONG> (ARM, 128 bytes, Stack size 16 bytes, rtc_driver.o(i.set_date))
<BR><BR>[Stack]<UL><LI>Max Depth = 40<LI>Call Chain = set_date &rArr; DEC2BCD &rArr; __aeabi_idivmod
</UL>
<BR>[Calls]<UL><LI><a href="#[6a]">&gt;&gt;</a>&nbsp;&nbsp;&nbsp;DEC2BCD
<LI><a href="#[77]">&gt;&gt;</a>&nbsp;&nbsp;&nbsp;i2c_write
</UL>
<BR>[Called By]<UL><LI><a href="#[1c]">&gt;&gt;</a>&nbsp;&nbsp;&nbsp;task_init
</UL>

<P><STRONG><a name="[a3]"></a>set_time</STRONG> (ARM, 116 bytes, Stack size 16 bytes, rtc_driver.o(i.set_time))
<BR><BR>[Stack]<UL><LI>Max Depth = 40<LI>Call Chain = set_time &rArr; DEC2BCD &rArr; __aeabi_idivmod
</UL>
<BR>[Calls]<UL><LI><a href="#[6a]">&gt;&gt;</a>&nbsp;&nbsp;&nbsp;DEC2BCD
<LI><a href="#[77]">&gt;&gt;</a>&nbsp;&nbsp;&nbsp;i2c_write
</UL>
<BR>[Called By]<UL><LI><a href="#[1c]">&gt;&gt;</a>&nbsp;&nbsp;&nbsp;task_init
</UL>

<P><STRONG><a name="[7f]"></a>spi0</STRONG> (ARM, 52 bytes, Stack size 0 bytes, spi_driver.o(i.spi0))
<BR><BR>[Called By]<UL><LI><a href="#[7e]">&gt;&gt;</a>&nbsp;&nbsp;&nbsp;mcp3204_adc_read
</UL>

<P><STRONG><a name="[ab]"></a>spi0_init</STRONG> (ARM, 72 bytes, Stack size 0 bytes, spi_driver.o(i.spi0_init))
<BR><BR>[Called By]<UL><LI><a href="#[1c]">&gt;&gt;</a>&nbsp;&nbsp;&nbsp;task_init
</UL>

<P><STRONG><a name="[22]"></a>task_adc</STRONG> (ARM, 172 bytes, Stack size 0 bytes, main.o(i.task_adc))
<BR><BR>[Stack]<UL><LI>Max Depth = 44<LI>Call Chain = task_adc &rArr; os_mut_release &rArr; os_dispatch &rArr; os_put_prio
</UL>
<BR>[Calls]<UL><LI><a href="#[6f]">&gt;&gt;</a>&nbsp;&nbsp;&nbsp;os_mut_wait
<LI><a href="#[70]">&gt;&gt;</a>&nbsp;&nbsp;&nbsp;os_mut_release
<LI><a href="#[88]">&gt;&gt;</a>&nbsp;&nbsp;&nbsp;os_dly_wait
<LI><a href="#[a4]">&gt;&gt;</a>&nbsp;&nbsp;&nbsp;adc_read
<LI><a href="#[a6]">&gt;&gt;</a>&nbsp;&nbsp;&nbsp;__aeabi_fmul
<LI><a href="#[a5]">&gt;&gt;</a>&nbsp;&nbsp;&nbsp;__aeabi_ui2f
<LI><a href="#[a7]">&gt;&gt;</a>&nbsp;&nbsp;&nbsp;__aeabi_fdiv
<LI><a href="#[a8]">&gt;&gt;</a>&nbsp;&nbsp;&nbsp;__aeabi_fsub
</UL>
<BR>[Address Reference Count : 1]<UL><LI> main.o(i.task_init)
</UL>
<P><STRONG><a name="[1c]"></a>task_init</STRONG> (ARM, 288 bytes, Stack size 8 bytes, main.o(i.task_init))
<BR><BR>[Stack]<UL><LI>Max Depth = 68 + Unknown Stack Size
<LI>Call Chain = task_init &rArr; os_tsk_delete &rArr; os_dispatch &rArr; os_put_prio
</UL>
<BR>[Calls]<UL><LI><a href="#[a3]">&gt;&gt;</a>&nbsp;&nbsp;&nbsp;set_time
<LI><a href="#[a2]">&gt;&gt;</a>&nbsp;&nbsp;&nbsp;set_date
<LI><a href="#[a1]">&gt;&gt;</a>&nbsp;&nbsp;&nbsp;os_tsk_delete
<LI><a href="#[1e]">&gt;&gt;</a>&nbsp;&nbsp;&nbsp;os_tsk_create0
<LI><a href="#[6f]">&gt;&gt;</a>&nbsp;&nbsp;&nbsp;os_mut_wait
<LI><a href="#[70]">&gt;&gt;</a>&nbsp;&nbsp;&nbsp;os_mut_release
<LI><a href="#[8f]">&gt;&gt;</a>&nbsp;&nbsp;&nbsp;os_mut_init
<LI><a href="#[7c]">&gt;&gt;</a>&nbsp;&nbsp;&nbsp;lcd_string
<LI><a href="#[7b]">&gt;&gt;</a>&nbsp;&nbsp;&nbsp;lcd_init
<LI><a href="#[78]">&gt;&gt;</a>&nbsp;&nbsp;&nbsp;lcd_cmd
<LI><a href="#[aa]">&gt;&gt;</a>&nbsp;&nbsp;&nbsp;adc_init
<LI><a href="#[ab]">&gt;&gt;</a>&nbsp;&nbsp;&nbsp;spi0_init
<LI><a href="#[76]">&gt;&gt;</a>&nbsp;&nbsp;&nbsp;delay_ms
<LI><a href="#[a9]">&gt;&gt;</a>&nbsp;&nbsp;&nbsp;i2c_init
<LI><a href="#[ac]">&gt;&gt;</a>&nbsp;&nbsp;&nbsp;uart0_init
<LI><a href="#[ad]">&gt;&gt;</a>&nbsp;&nbsp;&nbsp;__aeabi_memclr4
</UL>
<BR>[Address Reference Count : 1]<UL><LI> main.o(i.main)
</UL>
<P><STRONG><a name="[24]"></a>task_lcd</STRONG> (ARM, 224 bytes, Stack size 40 bytes, main.o(i.task_lcd))
<BR><BR>[Stack]<UL><LI>Max Depth = 168 + Unknown Stack Size
<LI>Call Chain = task_lcd &rArr; __2sprintf &rArr; _printf_char_common &rArr; __printf
</UL>
<BR>[Calls]<UL><LI><a href="#[6f]">&gt;&gt;</a>&nbsp;&nbsp;&nbsp;os_mut_wait
<LI><a href="#[70]">&gt;&gt;</a>&nbsp;&nbsp;&nbsp;os_mut_release
<LI><a href="#[88]">&gt;&gt;</a>&nbsp;&nbsp;&nbsp;os_dly_wait
<LI><a href="#[7c]">&gt;&gt;</a>&nbsp;&nbsp;&nbsp;lcd_string
<LI><a href="#[78]">&gt;&gt;</a>&nbsp;&nbsp;&nbsp;lcd_cmd
<LI><a href="#[af]">&gt;&gt;</a>&nbsp;&nbsp;&nbsp;__aeabi_f2d
<LI><a href="#[ae]">&gt;&gt;</a>&nbsp;&nbsp;&nbsp;__aeabi_memcpy4
<LI><a href="#[41]">&gt;&gt;</a>&nbsp;&nbsp;&nbsp;__2sprintf (via Veneer)
</UL>
<BR>[Address Reference Count : 1]<UL><LI> main.o(i.task_init)
</UL>
<P><STRONG><a name="[23]"></a>task_ldr</STRONG> (ARM, 100 bytes, Stack size 0 bytes, main.o(i.task_ldr))
<BR><BR>[Stack]<UL><LI>Max Depth = 44<LI>Call Chain = task_ldr &rArr; os_mut_release &rArr; os_dispatch &rArr; os_put_prio
</UL>
<BR>[Calls]<UL><LI><a href="#[6f]">&gt;&gt;</a>&nbsp;&nbsp;&nbsp;os_mut_wait
<LI><a href="#[70]">&gt;&gt;</a>&nbsp;&nbsp;&nbsp;os_mut_release
<LI><a href="#[88]">&gt;&gt;</a>&nbsp;&nbsp;&nbsp;os_dly_wait
<LI><a href="#[7e]">&gt;&gt;</a>&nbsp;&nbsp;&nbsp;mcp3204_adc_read
<LI><a href="#[a5]">&gt;&gt;</a>&nbsp;&nbsp;&nbsp;__aeabi_ui2f
<LI><a href="#[b1]">&gt;&gt;</a>&nbsp;&nbsp;&nbsp;__aeabi_f2uiz
<LI><a href="#[a7]">&gt;&gt;</a>&nbsp;&nbsp;&nbsp;__aeabi_fdiv
<LI><a href="#[b0]">&gt;&gt;</a>&nbsp;&nbsp;&nbsp;__aeabi_frsub
</UL>
<BR>[Address Reference Count : 1]<UL><LI> main.o(i.task_init)
</UL>
<P><STRONG><a name="[21]"></a>task_rtc</STRONG> (ARM, 76 bytes, Stack size 8 bytes, main.o(i.task_rtc))
<BR><BR>[Stack]<UL><LI>Max Depth = 52<LI>Call Chain = task_rtc &rArr; os_mut_release &rArr; os_dispatch &rArr; os_put_prio
</UL>
<BR>[Calls]<UL><LI><a href="#[6f]">&gt;&gt;</a>&nbsp;&nbsp;&nbsp;os_mut_wait
<LI><a href="#[70]">&gt;&gt;</a>&nbsp;&nbsp;&nbsp;os_mut_release
<LI><a href="#[88]">&gt;&gt;</a>&nbsp;&nbsp;&nbsp;os_dly_wait
<LI><a href="#[74]">&gt;&gt;</a>&nbsp;&nbsp;&nbsp;get_time
<LI><a href="#[71]">&gt;&gt;</a>&nbsp;&nbsp;&nbsp;get_date
</UL>
<BR>[Address Reference Count : 1]<UL><LI> main.o(i.task_init)
</UL>
<P><STRONG><a name="[25]"></a>task_uart</STRONG> (ARM, 236 bytes, Stack size 48 bytes, main.o(i.task_uart))
<BR><BR>[Stack]<UL><LI>Max Depth = 176 + Unknown Stack Size
<LI>Call Chain = task_uart &rArr; __2sprintf &rArr; _printf_char_common &rArr; __printf
</UL>
<BR>[Calls]<UL><LI><a href="#[6f]">&gt;&gt;</a>&nbsp;&nbsp;&nbsp;os_mut_wait
<LI><a href="#[70]">&gt;&gt;</a>&nbsp;&nbsp;&nbsp;os_mut_release
<LI><a href="#[88]">&gt;&gt;</a>&nbsp;&nbsp;&nbsp;os_dly_wait
<LI><a href="#[75]">&gt;&gt;</a>&nbsp;&nbsp;&nbsp;uart0_string
<LI><a href="#[af]">&gt;&gt;</a>&nbsp;&nbsp;&nbsp;__aeabi_f2d
<LI><a href="#[ae]">&gt;&gt;</a>&nbsp;&nbsp;&nbsp;__aeabi_memcpy4
<LI><a href="#[41]">&gt;&gt;</a>&nbsp;&nbsp;&nbsp;__2sprintf (via Veneer)
</UL>
<BR>[Address Reference Count : 1]<UL><LI> main.o(i.task_init)
</UL>
<P><STRONG><a name="[10]"></a>tsk_unlock</STRONG> (Thumb, 8 bytes, Stack size 0 bytes, rtx_conf_lpc21xx.o(i.tsk_unlock))
<BR><BR>[Called By]<UL><LI><a href="#[14]">&gt;&gt;</a>&nbsp;&nbsp;&nbsp;__SWI_0 (via Veneer)
<LI><a href="#[a1]">&gt;&gt;</a>&nbsp;&nbsp;&nbsp;os_tsk_delete (via Veneer)
<LI><a href="#[1e]">&gt;&gt;</a>&nbsp;&nbsp;&nbsp;os_tsk_create0 (via Veneer)
<LI><a href="#[6f]">&gt;&gt;</a>&nbsp;&nbsp;&nbsp;os_mut_wait (via Veneer)
<LI><a href="#[70]">&gt;&gt;</a>&nbsp;&nbsp;&nbsp;os_mut_release (via Veneer)
<LI><a href="#[8f]">&gt;&gt;</a>&nbsp;&nbsp;&nbsp;os_mut_init (via Veneer)
<LI><a href="#[88]">&gt;&gt;</a>&nbsp;&nbsp;&nbsp;os_dly_wait (via Veneer)
</UL>
<BR>[Address Reference Count : 1]<UL><LI> hal_arm.o(.emb_text)
</UL>
<P><STRONG><a name="[ac]"></a>uart0_init</STRONG> (ARM, 124 bytes, Stack size 32 bytes, uart_driver.o(i.uart0_init))
<BR><BR>[Stack]<UL><LI>Max Depth = 32 + Unknown Stack Size
<LI>Call Chain = uart0_init
</UL>
<BR>[Calls]<UL><LI><a href="#[60]">&gt;&gt;</a>&nbsp;&nbsp;&nbsp;__aeabi_uidivmod
</UL>
<BR>[Called By]<UL><LI><a href="#[1c]">&gt;&gt;</a>&nbsp;&nbsp;&nbsp;task_init
</UL>

<P><STRONG><a name="[75]"></a>uart0_string</STRONG> (ARM, 44 bytes, Stack size 4 bytes, uart_driver.o(i.uart0_string))
<BR><BR>[Stack]<UL><LI>Max Depth = 4<LI>Call Chain = uart0_string
</UL>
<BR>[Calls]<UL><LI><a href="#[b2]">&gt;&gt;</a>&nbsp;&nbsp;&nbsp;uart0_tx
</UL>
<BR>[Called By]<UL><LI><a href="#[25]">&gt;&gt;</a>&nbsp;&nbsp;&nbsp;task_uart
<LI><a href="#[77]">&gt;&gt;</a>&nbsp;&nbsp;&nbsp;i2c_write
<LI><a href="#[72]">&gt;&gt;</a>&nbsp;&nbsp;&nbsp;i2c_read
</UL>

<P><STRONG><a name="[b2]"></a>uart0_tx</STRONG> (ARM, 40 bytes, Stack size 0 bytes, uart_driver.o(i.uart0_tx))
<BR><BR>[Called By]<UL><LI><a href="#[75]">&gt;&gt;</a>&nbsp;&nbsp;&nbsp;uart0_string
</UL>

<P><STRONG><a name="[36]"></a>_get_lc_numeric</STRONG> (ARM, 80 bytes, Stack size 8 bytes, lc_numeric_c.o(locale$$code))
<BR><BR>[Stack]<UL><LI>Max Depth = 12<LI>Call Chain = _get_lc_numeric &rArr; strcmp
</UL>
<BR>[Calls]<UL><LI><a href="#[b3]">&gt;&gt;</a>&nbsp;&nbsp;&nbsp;strcmp
</UL>
<BR>[Called By]<UL><LI><a href="#[35]">&gt;&gt;</a>&nbsp;&nbsp;&nbsp;__rt_lib_init_lc_numeric_2 (via Veneer)
</UL>

<P><STRONG><a name="[b6]"></a>__fpl_dretinf</STRONG> (ARM, 16 bytes, Stack size 0 bytes, dretinf.o(x$fpl$dretinf), UNUSED)
<BR><BR>[Called By]<UL><LI><a href="#[b4]">&gt;&gt;</a>&nbsp;&nbsp;&nbsp;_f2d
</UL>

<P><STRONG><a name="[af]"></a>__aeabi_f2d</STRONG> (ARM, 0 bytes, Stack size 16 bytes, f2d.o(x$fpl$f2d))
<BR><BR>[Stack]<UL><LI>Max Depth = 16<LI>Call Chain = __aeabi_f2d
</UL>
<BR>[Called By]<UL><LI><a href="#[25]">&gt;&gt;</a>&nbsp;&nbsp;&nbsp;task_uart
<LI><a href="#[24]">&gt;&gt;</a>&nbsp;&nbsp;&nbsp;task_lcd
</UL>

<P><STRONG><a name="[b4]"></a>_f2d</STRONG> (ARM, 100 bytes, Stack size 16 bytes, f2d.o(x$fpl$f2d), UNUSED)
<BR><BR>[Calls]<UL><LI><a href="#[b5]">&gt;&gt;</a>&nbsp;&nbsp;&nbsp;__fpl_fnaninf
<LI><a href="#[b6]">&gt;&gt;</a>&nbsp;&nbsp;&nbsp;__fpl_dretinf
</UL>

<P><STRONG><a name="[f6]"></a>__aeabi_fadd</STRONG> (ARM, 0 bytes, Stack size 16 bytes, faddsub_noclz.o(x$fpl$fadd), UNUSED)

<P><STRONG><a name="[b7]"></a>_fadd</STRONG> (ARM, 196 bytes, Stack size 16 bytes, faddsub_noclz.o(x$fpl$fadd), UNUSED)
<BR><BR>[Calls]<UL><LI><a href="#[b9]">&gt;&gt;</a>&nbsp;&nbsp;&nbsp;__fpl_fretinf
<LI><a href="#[b5]">&gt;&gt;</a>&nbsp;&nbsp;&nbsp;__fpl_fnaninf
<LI><a href="#[b8]">&gt;&gt;</a>&nbsp;&nbsp;&nbsp;_fsub1
</UL>

<P><STRONG><a name="[a7]"></a>__aeabi_fdiv</STRONG> (ARM, 0 bytes, Stack size 16 bytes, fdiv.o(x$fpl$fdiv))
<BR><BR>[Stack]<UL><LI>Max Depth = 16<LI>Call Chain = __aeabi_fdiv
</UL>
<BR>[Called By]<UL><LI><a href="#[23]">&gt;&gt;</a>&nbsp;&nbsp;&nbsp;task_ldr
<LI><a href="#[22]">&gt;&gt;</a>&nbsp;&nbsp;&nbsp;task_adc
</UL>

<P><STRONG><a name="[ba]"></a>_fdiv</STRONG> (ARM, 396 bytes, Stack size 16 bytes, fdiv.o(x$fpl$fdiv), UNUSED)
<BR><BR>[Calls]<UL><LI><a href="#[b9]">&gt;&gt;</a>&nbsp;&nbsp;&nbsp;__fpl_fretinf
<LI><a href="#[b5]">&gt;&gt;</a>&nbsp;&nbsp;&nbsp;__fpl_fnaninf
</UL>

<P><STRONG><a name="[b1]"></a>__aeabi_f2uiz</STRONG> (ARM, 0 bytes, Stack size 16 bytes, ffixu.o(x$fpl$ffixu))
<BR><BR>[Stack]<UL><LI>Max Depth = 16<LI>Call Chain = __aeabi_f2uiz
</UL>
<BR>[Called By]<UL><LI><a href="#[23]">&gt;&gt;</a>&nbsp;&nbsp;&nbsp;task_ldr
</UL>

<P><STRONG><a name="[bb]"></a>_ffixu</STRONG> (ARM, 84 bytes, Stack size 16 bytes, ffixu.o(x$fpl$ffixu), UNUSED)
<BR><BR>[Calls]<UL><LI><a href="#[b5]">&gt;&gt;</a>&nbsp;&nbsp;&nbsp;__fpl_fnaninf
</UL>

<P><STRONG><a name="[f7]"></a>__aeabi_i2f</STRONG> (ARM, 0 bytes, Stack size 0 bytes, fflt_noclz.o(x$fpl$fflt), UNUSED)

<P><STRONG><a name="[f8]"></a>_fflt</STRONG> (ARM, 92 bytes, Stack size 0 bytes, fflt_noclz.o(x$fpl$fflt), UNUSED)

<P><STRONG><a name="[bd]"></a>__fflt_normalise</STRONG> (ARM, 0 bytes, Stack size unknown bytes, fflt_noclz.o(x$fpl$fflt), UNUSED)
<BR><BR>[Called By]<UL><LI><a href="#[bc]">&gt;&gt;</a>&nbsp;&nbsp;&nbsp;_ffltu
</UL>

<P><STRONG><a name="[a5]"></a>__aeabi_ui2f</STRONG> (ARM, 0 bytes, Stack size 0 bytes, fflt_noclz.o(x$fpl$ffltu))
<BR><BR>[Called By]<UL><LI><a href="#[23]">&gt;&gt;</a>&nbsp;&nbsp;&nbsp;task_ldr
<LI><a href="#[22]">&gt;&gt;</a>&nbsp;&nbsp;&nbsp;task_adc
</UL>

<P><STRONG><a name="[bc]"></a>_ffltu</STRONG> (ARM, 8 bytes, Stack size 0 bytes, fflt_noclz.o(x$fpl$ffltu), UNUSED)
<BR><BR>[Calls]<UL><LI><a href="#[bd]">&gt;&gt;</a>&nbsp;&nbsp;&nbsp;__fflt_normalise
</UL>

<P><STRONG><a name="[a6]"></a>__aeabi_fmul</STRONG> (ARM, 0 bytes, Stack size 16 bytes, fmul.o(x$fpl$fmul))
<BR><BR>[Stack]<UL><LI>Max Depth = 16<LI>Call Chain = __aeabi_fmul
</UL>
<BR>[Called By]<UL><LI><a href="#[22]">&gt;&gt;</a>&nbsp;&nbsp;&nbsp;task_adc
</UL>

<P><STRONG><a name="[be]"></a>_fmul</STRONG> (ARM, 256 bytes, Stack size 16 bytes, fmul.o(x$fpl$fmul), UNUSED)
<BR><BR>[Calls]<UL><LI><a href="#[b9]">&gt;&gt;</a>&nbsp;&nbsp;&nbsp;__fpl_fretinf
<LI><a href="#[b5]">&gt;&gt;</a>&nbsp;&nbsp;&nbsp;__fpl_fnaninf
</UL>

<P><STRONG><a name="[b5]"></a>__fpl_fnaninf</STRONG> (ARM, 168 bytes, Stack size 8 bytes, fnaninf.o(x$fpl$fnaninf), UNUSED)
<BR><BR>[Called By]<UL><LI><a href="#[be]">&gt;&gt;</a>&nbsp;&nbsp;&nbsp;_fmul
<LI><a href="#[bb]">&gt;&gt;</a>&nbsp;&nbsp;&nbsp;_ffixu
<LI><a href="#[ba]">&gt;&gt;</a>&nbsp;&nbsp;&nbsp;_fdiv
<LI><a href="#[c1]">&gt;&gt;</a>&nbsp;&nbsp;&nbsp;_fsub
<LI><a href="#[b7]">&gt;&gt;</a>&nbsp;&nbsp;&nbsp;_fadd
<LI><a href="#[b4]">&gt;&gt;</a>&nbsp;&nbsp;&nbsp;_f2d
</UL>

<P><STRONG><a name="[b9]"></a>__fpl_fretinf</STRONG> (ARM, 16 bytes, Stack size 0 bytes, fretinf.o(x$fpl$fretinf), UNUSED)
<BR><BR>[Called By]<UL><LI><a href="#[be]">&gt;&gt;</a>&nbsp;&nbsp;&nbsp;_fmul
<LI><a href="#[ba]">&gt;&gt;</a>&nbsp;&nbsp;&nbsp;_fdiv
<LI><a href="#[b7]">&gt;&gt;</a>&nbsp;&nbsp;&nbsp;_fadd
</UL>

<P><STRONG><a name="[b0]"></a>__aeabi_frsub</STRONG> (ARM, 0 bytes, Stack size 0 bytes, faddsub_noclz.o(x$fpl$frsb))
<BR><BR>[Called By]<UL><LI><a href="#[23]">&gt;&gt;</a>&nbsp;&nbsp;&nbsp;task_ldr
</UL>

<P><STRONG><a name="[bf]"></a>_frsb</STRONG> (ARM, 20 bytes, Stack size 0 bytes, faddsub_noclz.o(x$fpl$frsb), UNUSED)
<BR><BR>[Calls]<UL><LI><a href="#[b8]">&gt;&gt;</a>&nbsp;&nbsp;&nbsp;_fsub1
<LI><a href="#[c0]">&gt;&gt;</a>&nbsp;&nbsp;&nbsp;_fadd1
</UL>

<P><STRONG><a name="[a8]"></a>__aeabi_fsub</STRONG> (ARM, 0 bytes, Stack size 16 bytes, faddsub_noclz.o(x$fpl$fsub))
<BR><BR>[Stack]<UL><LI>Max Depth = 16<LI>Call Chain = __aeabi_fsub
</UL>
<BR>[Called By]<UL><LI><a href="#[22]">&gt;&gt;</a>&nbsp;&nbsp;&nbsp;task_adc
</UL>

<P><STRONG><a name="[c1]"></a>_fsub</STRONG> (ARM, 304 bytes, Stack size 16 bytes, faddsub_noclz.o(x$fpl$fsub), UNUSED)
<BR><BR>[Calls]<UL><LI><a href="#[b5]">&gt;&gt;</a>&nbsp;&nbsp;&nbsp;__fpl_fnaninf
<LI><a href="#[c0]">&gt;&gt;</a>&nbsp;&nbsp;&nbsp;_fadd1
</UL>

<P><STRONG><a name="[2]"></a>__ieee_status</STRONG> (ARM, 8 bytes, Stack size 0 bytes, istatus.o(x$fpl$ieeestatus))
<BR><BR>[Called By]<UL><LI><a href="#[4f]">&gt;&gt;</a>&nbsp;&nbsp;&nbsp;_fp_digits (via Veneer)
</UL>

<P><STRONG><a name="[2e]"></a>_printf_fp_dec</STRONG> (ARM, 4 bytes, Stack size 0 bytes, printf1.o(x$fpl$printf1))
<BR><BR>[Stack]<UL><LI>Max Depth = 316<LI>Call Chain = _printf_fp_dec &rArr; _printf_fp_dec_real &rArr; _fp_digits &rArr; _btod_etento &rArr; _btod_emul &rArr; _e2e
</UL>
<BR>[Calls]<UL><LI><a href="#[55]">&gt;&gt;</a>&nbsp;&nbsp;&nbsp;_printf_fp_dec_real (via Veneer)
</UL>
<BR>[Called By]<UL><LI><a href="#[2d]">&gt;&gt;</a>&nbsp;&nbsp;&nbsp;_printf_f
</UL>
<P>
<H3>
Local Symbols
</H3>
<P><STRONG><a name="[5]"></a>Undef_Handler</STRONG> (ARM, 4 bytes, Stack size unknown bytes, startup.o(RESET))
<BR><BR>[Calls]<UL><LI><a href="#[5]">&gt;&gt;</a>&nbsp;&nbsp;&nbsp;Undef_Handler
</UL>
<BR>[Called By]<UL><LI><a href="#[5]">&gt;&gt;</a>&nbsp;&nbsp;&nbsp;Undef_Handler
</UL>
<BR>[Address Reference Count : 1]<UL><LI> startup.o(RESET)
</UL>
<P><STRONG><a name="[7]"></a>PAbt_Handler</STRONG> (ARM, 4 bytes, Stack size unknown bytes, startup.o(RESET))
<BR><BR>[Calls]<UL><LI><a href="#[7]">&gt;&gt;</a>&nbsp;&nbsp;&nbsp;PAbt_Handler
</UL>
<BR>[Called By]<UL><LI><a href="#[7]">&gt;&gt;</a>&nbsp;&nbsp;&nbsp;PAbt_Handler
</UL>
<BR>[Address Reference Count : 1]<UL><LI> startup.o(RESET)
</UL>
<P><STRONG><a name="[8]"></a>DAbt_Handler</STRONG> (ARM, 4 bytes, Stack size unknown bytes, startup.o(RESET))
<BR><BR>[Calls]<UL><LI><a href="#[8]">&gt;&gt;</a>&nbsp;&nbsp;&nbsp;DAbt_Handler
</UL>
<BR>[Called By]<UL><LI><a href="#[8]">&gt;&gt;</a>&nbsp;&nbsp;&nbsp;DAbt_Handler
</UL>
<BR>[Address Reference Count : 1]<UL><LI> startup.o(RESET)
</UL>
<P><STRONG><a name="[9]"></a>IRQ_Handler</STRONG> (ARM, 4 bytes, Stack size unknown bytes, startup.o(RESET))
<BR><BR>[Calls]<UL><LI><a href="#[9]">&gt;&gt;</a>&nbsp;&nbsp;&nbsp;IRQ_Handler
</UL>
<BR>[Called By]<UL><LI><a href="#[9]">&gt;&gt;</a>&nbsp;&nbsp;&nbsp;IRQ_Handler
</UL>
<BR>[Address Reference Count : 1]<UL><LI> startup.o(RESET)
</UL>
<P><STRONG><a name="[a]"></a>FIQ_Handler</STRONG> (ARM, 4 bytes, Stack size unknown bytes, startup.o(RESET))
<BR><BR>[Calls]<UL><LI><a href="#[a]">&gt;&gt;</a>&nbsp;&nbsp;&nbsp;FIQ_Handler
</UL>
<BR>[Called By]<UL><LI><a href="#[a]">&gt;&gt;</a>&nbsp;&nbsp;&nbsp;FIQ_Handler
</UL>
<BR>[Address Reference Count : 1]<UL><LI> startup.o(RESET)
</UL>
<P><STRONG><a name="[79]"></a>lcd_enable</STRONG> (ARM, 44 bytes, Stack size 8 bytes, lcd_4bit_driver.o(i.lcd_enable))
<BR><BR>[Stack]<UL><LI>Max Depth = 8<LI>Call Chain = lcd_enable
</UL>
<BR>[Calls]<UL><LI><a href="#[76]">&gt;&gt;</a>&nbsp;&nbsp;&nbsp;delay_ms
</UL>
<BR>[Called By]<UL><LI><a href="#[7a]">&gt;&gt;</a>&nbsp;&nbsp;&nbsp;lcd_data
<LI><a href="#[78]">&gt;&gt;</a>&nbsp;&nbsp;&nbsp;lcd_cmd
</UL>

<P><STRONG><a name="[1f]"></a>os_def_interrupt</STRONG> (ARM, 20 bytes, Stack size 8 bytes, rtx_conf_lpc21xx.o(i.os_def_interrupt))
<BR><BR>[Stack]<UL><LI>Max Depth = 8<LI>Call Chain = os_def_interrupt
</UL>
<BR>[Address Reference Count : 1]<UL><LI> rtx_conf_lpc21xx.o(i.os_tmr_init)
</UL>
<P><STRONG><a name="[8b]"></a>os_init_context</STRONG> (ARM, 120 bytes, Stack size 16 bytes, rt_task.o(i.os_init_context))
<BR><BR>[Stack]<UL><LI>Max Depth = 20<LI>Call Chain = os_init_context &rArr; os_init_stack
</UL>
<BR>[Calls]<UL><LI><a href="#[8c]">&gt;&gt;</a>&nbsp;&nbsp;&nbsp;os_init_stack
</UL>
<BR>[Called By]<UL><LI><a href="#[d]">&gt;&gt;</a>&nbsp;&nbsp;&nbsp;os_sys_init1
<LI><a href="#[1e]">&gt;&gt;</a>&nbsp;&nbsp;&nbsp;os_tsk_create0
</UL>

<P><STRONG><a name="[11]"></a>Switch_task</STRONG> (ARM, 0 bytes, Stack size unknown bytes, hal_arm.o(.emb_text))
<BR>[Address Reference Count : 1]<UL><LI> hal_arm.o(.emb_text)
</UL>
<P><STRONG><a name="[63]"></a>__arm_div8</STRONG> (ARM, 0 bytes, Stack size unknown bytes, aeabi_sdiv.o(.text))
<BR><BR>[Called By]<UL><LI><a href="#[60]">&gt;&gt;</a>&nbsp;&nbsp;&nbsp;__aeabi_uidivmod
</UL>

<P><STRONG><a name="[62]"></a>__arm_div5</STRONG> (ARM, 0 bytes, Stack size unknown bytes, aeabi_sdiv.o(.text))
<BR><BR>[Called By]<UL><LI><a href="#[60]">&gt;&gt;</a>&nbsp;&nbsp;&nbsp;__aeabi_uidivmod
</UL>

<P><STRONG><a name="[61]"></a>__arm_div2</STRONG> (ARM, 0 bytes, Stack size unknown bytes, aeabi_sdiv.o(.text))
<BR><BR>[Called By]<UL><LI><a href="#[60]">&gt;&gt;</a>&nbsp;&nbsp;&nbsp;__aeabi_uidivmod
</UL>

<P><STRONG><a name="[64]"></a>__arm_div_large</STRONG> (ARM, 0 bytes, Stack size unknown bytes, aeabi_sdiv.o(.text))
<BR><BR>[Called By]<UL><LI><a href="#[60]">&gt;&gt;</a>&nbsp;&nbsp;&nbsp;__aeabi_uidivmod
</UL>

<P><STRONG><a name="[c0]"></a>_fadd1</STRONG> (ARM, 0 bytes, Stack size unknown bytes, faddsub_noclz.o(x$fpl$fadd), UNUSED)
<BR><BR>[Called By]<UL><LI><a href="#[c1]">&gt;&gt;</a>&nbsp;&nbsp;&nbsp;_fsub
<LI><a href="#[bf]">&gt;&gt;</a>&nbsp;&nbsp;&nbsp;_frsb
</UL>

<P><STRONG><a name="[b8]"></a>_fsub1</STRONG> (ARM, 0 bytes, Stack size unknown bytes, faddsub_noclz.o(x$fpl$fsub), UNUSED)
<BR><BR>[Called By]<UL><LI><a href="#[bf]">&gt;&gt;</a>&nbsp;&nbsp;&nbsp;_frsb
<LI><a href="#[b7]">&gt;&gt;</a>&nbsp;&nbsp;&nbsp;_fadd
</UL>

<P><STRONG><a name="[4f]"></a>_fp_digits</STRONG> (Thumb, 414 bytes, Stack size 96 bytes, _printf_fp_dec.o(.text))
<BR><BR>[Stack]<UL><LI>Max Depth = 220<LI>Call Chain = _fp_digits &rArr; _btod_etento &rArr; _btod_emul &rArr; _e2e
</UL>
<BR>[Calls]<UL><LI><a href="#[2]">&gt;&gt;</a>&nbsp;&nbsp;&nbsp;__ieee_status (via Veneer)
<LI><a href="#[53]">&gt;&gt;</a>&nbsp;&nbsp;&nbsp;_btod_emul (via Veneer)
<LI><a href="#[52]">&gt;&gt;</a>&nbsp;&nbsp;&nbsp;_btod_ediv (via Veneer)
<LI><a href="#[51]">&gt;&gt;</a>&nbsp;&nbsp;&nbsp;_btod_d2e (via Veneer)
<LI><a href="#[50]">&gt;&gt;</a>&nbsp;&nbsp;&nbsp;_btod_etento
<LI><a href="#[54]">&gt;&gt;</a>&nbsp;&nbsp;&nbsp;_ll_udiv10 (via Veneer)
</UL>
<BR>[Called By]<UL><LI><a href="#[55]">&gt;&gt;</a>&nbsp;&nbsp;&nbsp;_printf_fp_dec_real
</UL>

<P><STRONG><a name="[13]"></a>_printf_input_char</STRONG> (Thumb, 10 bytes, Stack size 0 bytes, _printf_char_common.o(.text))
<BR>[Address Reference Count : 1]<UL><LI> _printf_char_common.o(.text)
</UL><P>
<H3>
Undefined Global Symbols
</H3>
<P><STRONG><a name="[5e]"></a>_call_atexit_fns</STRONG> (ARM, 0 bytes, Stack size 0 bytes, UNDEFINED)
<BR><BR>[Called By]<UL><LI><a href="#[3c]">&gt;&gt;</a>&nbsp;&nbsp;&nbsp;exit
</UL>

<P><STRONG><a name="[59]"></a>_printf_mbtowc</STRONG> (ARM, 0 bytes, Stack size 0 bytes, UNDEFINED)
<BR><BR>[Called By]<UL><LI><a href="#[58]">&gt;&gt;</a>&nbsp;&nbsp;&nbsp;_printf_cs_common
</UL>

<P><STRONG><a name="[47]"></a>_printf_truncate_signed</STRONG> (ARM, 0 bytes, Stack size 0 bytes, UNDEFINED)
<BR><BR>[Called By]<UL><LI><a href="#[30]">&gt;&gt;</a>&nbsp;&nbsp;&nbsp;_printf_int_dec
</UL>

<P><STRONG><a name="[48]"></a>_printf_truncate_unsigned</STRONG> (ARM, 0 bytes, Stack size 0 bytes, UNDEFINED)
<BR><BR>[Called By]<UL><LI><a href="#[30]">&gt;&gt;</a>&nbsp;&nbsp;&nbsp;_printf_int_dec
</UL>

<P><STRONG><a name="[9b]"></a>os_tmr_reload</STRONG> (ARM, 0 bytes, Stack size 0 bytes, UNDEFINED)
<BR><BR>[Called By]<UL><LI><a href="#[f]">&gt;&gt;</a>&nbsp;&nbsp;&nbsp;os_sys_manager
</UL>

<P><STRONG><a name="[93]"></a>rt_init</STRONG> (ARM, 0 bytes, Stack size 0 bytes, UNDEFINED)
<BR><BR>[Called By]<UL><LI><a href="#[d]">&gt;&gt;</a>&nbsp;&nbsp;&nbsp;os_sys_init1
</UL>

<P><STRONG><a name="[a0]"></a>rt_notify</STRONG> (ARM, 0 bytes, Stack size 0 bytes, UNDEFINED)
<BR><BR>[Called By]<UL><LI><a href="#[a1]">&gt;&gt;</a>&nbsp;&nbsp;&nbsp;os_tsk_delete
<LI><a href="#[1e]">&gt;&gt;</a>&nbsp;&nbsp;&nbsp;os_tsk_create0
</UL>

<P><STRONG><a name="[6c]"></a>rt_post_taskswitch</STRONG> (ARM, 0 bytes, Stack size 0 bytes, UNDEFINED)
<BR><BR>[Called By]<UL><LI><a href="#[14]">&gt;&gt;</a>&nbsp;&nbsp;&nbsp;__SWI_0
<LI><a href="#[f]">&gt;&gt;</a>&nbsp;&nbsp;&nbsp;os_sys_manager
</UL>
<HR></body></html>
