<html>
<body>
<pre>
<h1>µVision Build Log</h1>
<h2>Tool Versions:</h2>
IDE-Version: µVision V5.26.2.0
Copyright (C) 2018 ARM Ltd and ARM Germany GmbH. All rights reserved.
License Information: j jayavardhan, rgm, LIC=----
 
Tool Versions:
Toolchain:       MDK-Lite  Version: 5.26.2.0
Toolchain Path:  D:\Keil_v5\ARM\ARMCC\Bin
C Compiler:      Armcc.exe V5.06 update 6 (build 750)
Assembler:       Armasm.exe V5.06 update 6 (build 750)
Linker/Locator:  ArmLink.exe V5.06 update 6 (build 750)
Library Manager: ArmAr.exe V5.06 update 6 (build 750)
Hex Converter:   FromElf.exe V5.06 update 6 (build 750)
CPU DLL:         SARM.DLL V5.26.2.0
Dialog DLL:      DARMP.DLL V1.53.0.0
Target DLL:      UL2ARM.DLL V1.74.10.0
Dialog DLL:      TARMP.DLL V1.53.0.0
 
<h2>Project:</h2>
E:\project\data acquisition system.uvproj
Project File Date:  04/06/2026

<h2>Output:</h2>
*** Using Compiler 'V5.06 update 6 (build 750)', folder: 'D:\Keil_v5\ARM\ARMCC\Bin'
Rebuild target 'Target 1'
compiling uart_driver.c...
compiling delay.c...
compiling i2c_driver.c...
compiling main.c...
assembling Startup.s...
compiling adc_driver.c...
compiling rtc_driver.c...
compiling mcp3204_driver.c...
compiling spi_driver.c...
compiling lcd_4bit_driver.c...
linking...
Program Size: Code=12600 RO-data=356 RW-data=32 ZI-data=1312  
".\Objects\data acquisition system.axf" - 0 Error(s), 0 Warning(s).
Build Time Elapsed:  00:00:01
</pre>
</body>
</html>
