Component: ARM Compiler 5.06 update 6 (build 750) Tool: armlink [4d35ed]

==============================================================================

Section Cross References

    startup.o(STACK) refers (Special) to heapauxi.o(.text) for __use_two_region_memory
    startup.o(HEAP) refers (Special) to heapauxi.o(.text) for __use_two_region_memory
    startup.o(RESET) refers (Special) to heapauxi.o(.text) for __use_two_region_memory
    startup.o(RESET) refers to startup.o(STACK) for Stack_Top
    startup.o(RESET) refers to __main.o(!!!main) for __main
    startup.o(.text) refers (Special) to heapauxi.o(.text) for __use_two_region_memory
    startup.o(.text) refers to startup.o(HEAP) for Heap_Mem
    startup.o(.text) refers to startup.o(STACK) for Stack_Mem
    uart_driver.o(i.uart0_bin) refers to uart_driver.o(i.uart0_tx) for uart0_tx
    uart_driver.o(i.uart0_init) refers to aeabi_sdiv.o(.text_udiv) for __aeabi_uidivmod
    uart_driver.o(i.uart0_init) refers to uart_driver.o(.constdata) for .constdata
    uart_driver.o(i.uart0_integer) refers to uart_driver.o(i.uart0_tx) for uart0_tx
    uart_driver.o(i.uart0_integer) refers to aeabi_sdiv.o(.text) for __aeabi_idivmod
    uart_driver.o(i.uart0_string) refers to uart_driver.o(i.uart0_tx) for uart0_tx
    i2c_driver.o(i.i2c_read) refers to uart_driver.o(i.uart0_string) for uart0_string
    i2c_driver.o(i.i2c_read) refers to delay.o(i.delay_ms) for delay_ms
    i2c_driver.o(i.i2c_write) refers to uart_driver.o(i.uart0_string) for uart0_string
    i2c_driver.o(i.i2c_write) refers to delay.o(i.delay_ms) for delay_ms
    main.o(i.main) refers to _printf_pad.o(.text) for _printf_pre_padding
    main.o(i.main) refers to _printf_percent.o(.ARM.Collect$$_printf_percent$$00000000) for _printf_percent
    main.o(i.main) refers to _printf_d.o(.ARM.Collect$$_printf_percent$$00000009) for _printf_d
    main.o(i.main) refers to _printf_f.o(.ARM.Collect$$_printf_percent$$00000003) for _printf_f
    main.o(i.main) refers to _printf_s.o(.ARM.Collect$$_printf_percent$$00000014) for _printf_s
    main.o(i.main) refers to _printf_dec.o(.text) for _printf_int_dec
    main.o(i.main) refers to printf1.o(x$fpl$printf1) for _printf_fp_dec
    main.o(i.main) refers to _printf_str.o(.text) for _printf_str
    main.o(i.main) refers to i2c_driver.o(i.i2c_init) for i2c_init
    main.o(i.main) refers to lcd_4bit_driver.o(i.lcd_init) for lcd_init
    main.o(i.main) refers to adc_driver.o(i.adc_init) for adc_init
    main.o(i.main) refers to spi_driver.o(i.spi0_init) for spi0_init
    main.o(i.main) refers to uart_driver.o(i.uart0_init) for uart0_init
    main.o(i.main) refers to rtc_driver.o(i.set_time) for set_time
    main.o(i.main) refers to rtc_driver.o(i.set_date) for set_date
    main.o(i.main) refers to rtc_driver.o(i.get_time) for get_time
    main.o(i.main) refers to rtc_driver.o(i.get_date) for get_date
    main.o(i.main) refers to adc_driver.o(i.adc_read) for adc_read
    main.o(i.main) refers to aeabi_sdiv.o(.text_udiv) for __aeabi_uidivmod
    main.o(i.main) refers to fflt_noclz.o(x$fpl$ffltu) for __aeabi_ui2f
    main.o(i.main) refers to dflt_noclz.o(x$fpl$dfltu) for __aeabi_ui2d
    main.o(i.main) refers to dmul.o(x$fpl$dmul) for __aeabi_dmul
    main.o(i.main) refers to ddiv.o(x$fpl$ddiv) for __aeabi_ddiv
    main.o(i.main) refers to d2f.o(x$fpl$d2f) for __aeabi_d2f
    main.o(i.main) refers to f2d.o(x$fpl$f2d) for __aeabi_f2d
    main.o(i.main) refers to daddsub_noclz.o(x$fpl$dsub) for __aeabi_dsub
    main.o(i.main) refers to mcp3204_driver.o(i.mcp3204_adc_read) for mcp3204_adc_read
    main.o(i.main) refers to dfixu.o(x$fpl$dfixu) for __aeabi_d2uiz
    main.o(i.main) refers to noretval__2sprintf.o(.text) for __2sprintf
    main.o(i.main) refers to uart_driver.o(i.uart0_string) for uart0_string
    main.o(i.main) refers to lcd_4bit_driver.o(i.lcd_cmd) for lcd_cmd
    main.o(i.main) refers to lcd_4bit_driver.o(i.lcd_string) for lcd_string
    main.o(i.main) refers to delay.o(i.delay_ms) for delay_ms
    main.o(i.main) refers to main.o(.constdata) for .constdata
    main.o(i.main) refers to main.o(.conststring) for .conststring
    main.o(i.main) refers to main.o(.bss) for buf
    main.o(i.main) refers to main.o(.data) for day
    main.o(.data) refers to main.o(.conststring) for .conststring
    mcp3204_driver.o(i.mcp3204_adc_read) refers to spi_driver.o(i.spi0) for spi0
    lcd_4bit_driver.o(i.lcd_cgram) refers to lcd_4bit_driver.o(i.lcd_cmd) for lcd_cmd
    lcd_4bit_driver.o(i.lcd_cgram) refers to lcd_4bit_driver.o(i.lcd_data) for lcd_data
    lcd_4bit_driver.o(i.lcd_cir_left) refers to lcd_4bit_driver.o(i.lcd_strlen) for lcd_strlen
    lcd_4bit_driver.o(i.lcd_cir_left) refers to lcd_4bit_driver.o(i.lcd_cmd) for lcd_cmd
    lcd_4bit_driver.o(i.lcd_cir_left) refers to aeabi_sdiv.o(.text) for __aeabi_idivmod
    lcd_4bit_driver.o(i.lcd_cir_left) refers to lcd_4bit_driver.o(i.lcd_data) for lcd_data
[...]
    btod.o(CL$$btod_emul) refers (Special) to usenofp.o(x$fpl$usenofp) for __I$use$fp
    btod.o(CL$$btod_emul) refers to btod.o(CL$$btod_mult_common) for __btod_mult_common
    btod.o(CL$$btod_emul) refers to btod.o(CL$$btod_e2e) for _e2e
    btod.o(CL$$btod_ediv) refers (Special) to usenofp.o(x$fpl$usenofp) for __I$use$fp
    btod.o(CL$$btod_ediv) refers to btod.o(CL$$btod_div_common) for __btod_div_common
    btod.o(CL$$btod_ediv) refers to btod.o(CL$$btod_e2e) for _e2e
    btod.o(CL$$btod_emuld) refers (Special) to usenofp.o(x$fpl$usenofp) for __I$use$fp
    btod.o(CL$$btod_emuld) refers to btod.o(CL$$btod_mult_common) for __btod_mult_common
    btod.o(CL$$btod_emuld) refers to btod.o(CL$$btod_e2d) for _e2d
    btod.o(CL$$btod_edivd) refers (Special) to usenofp.o(x$fpl$usenofp) for __I$use$fp
    btod.o(CL$$btod_edivd) refers to btod.o(CL$$btod_div_common) for __btod_div_common
    btod.o(CL$$btod_edivd) refers to btod.o(CL$$btod_e2d) for _e2d
    btod.o(CL$$btod_e2e) refers (Special) to usenofp.o(x$fpl$usenofp) for __I$use$fp
    btod.o(CL$$btod_e2d) refers (Special) to usenofp.o(x$fpl$usenofp) for __I$use$fp
    btod.o(CL$$btod_e2d) refers to btod.o(CL$$btod_e2e) for _e2e
    btod.o(CL$$btod_mult_common) refers (Special) to usenofp.o(x$fpl$usenofp) for __I$use$fp
    btod.o(CL$$btod_div_common) refers (Special) to usenofp.o(x$fpl$usenofp) for __I$use$fp
    lc_numeric_c.o(locale$$data) refers (Special) to libinit2.o(.ARM.Collect$$libinit$$00000016) for __rt_lib_init_lc_numeric_2
    lc_numeric_c.o(locale$$code) refers (Special) to libinit2.o(.ARM.Collect$$libinit$$00000016) for __rt_lib_init_lc_numeric_2
    lc_numeric_c.o(locale$$code) refers to strcmp.o(.text) for strcmp
    lc_numeric_c.o(locale$$code) refers to lc_numeric_c.o(locale$$data) for __lcnum_c_name
    istatus.o(x$fpl$ieeestatus) refers (Special) to usenofp.o(x$fpl$usenofp) for __I$use$fp
    fpclassify.o(i.__ARM_fpclassify) refers (Special) to usenofp.o(x$fpl$usenofp) for __I$use$fp
    libspace.o(.text) refers to libspace.o(.bss) for __libspace_start
    sys_stackheap_outer.o(.text) refers to libspace.o(.text) for __user_perproc_libspace
    sys_stackheap_outer.o(.text) refers to startup.o(.text) for __user_initial_stackheap
    exit.o(.text) refers to rtexit.o(.ARM.Collect$$rtexit$$00000000) for __rt_exit
    defsig_fpe_outer.o(.text) refers to defsig_fpe_inner.o(.text) for __rt_SIGFPE_inner
    defsig_fpe_outer.o(.text) refers to defsig_exit.o(.text) for __sig_exit
    defsig_fpe_formal.o(.text) refers to rt_raise.o(.text) for __rt_raise
    libinit.o(.ARM.Collect$$libinit$$00000000) refers (Special) to libinit2.o(.ARM.Collect$$libinit$$0000002E) for __rt_lib_init_alloca_1
    libinit.o(.ARM.Collect$$libinit$$00000000) refers (Special) to libinit2.o(.ARM.Collect$$libinit$$0000002C) for __rt_lib_init_argv_1
    libinit.o(.ARM.Collect$$libinit$$00000000) refers (Special) to libinit2.o(.ARM.Collect$$libinit$$0000001B) for __rt_lib_init_atexit_1
    libinit.o(.ARM.Collect$$libinit$$00000000) refers (Special) to libinit2.o(.ARM.Collect$$libinit$$00000021) for __rt_lib_init_clock_1
    libinit.o(.ARM.Collect$$libinit$$00000000) refers (Special) to libinit2.o(.ARM.Collect$$libinit$$00000032) for __rt_lib_init_cpp_1
    libinit.o(.ARM.Collect$$libinit$$00000000) refers (Special) to libinit2.o(.ARM.Collect$$libinit$$00000030) for __rt_lib_init_exceptions_1
    libinit.o(.ARM.Collect$$libinit$$00000000) refers (Special) to libinit2.o(.ARM.Collect$$libinit$$00000002) for __rt_lib_init_fp_1
    libinit.o(.ARM.Collect$$libinit$$00000000) refers (Special) to libinit2.o(.ARM.Collect$$libinit$$0000001F) for __rt_lib_init_fp_trap_1
    libinit.o(.ARM.Collect$$libinit$$00000000) refers (Special) to libinit2.o(.ARM.Collect$$libinit$$00000023) for __rt_lib_init_getenv_1
    libinit.o(.ARM.Collect$$libinit$$00000000) refers (Special) to libinit2.o(.ARM.Collect$$libinit$$0000000A) for __rt_lib_init_heap_1
    libinit.o(.ARM.Collect$$libinit$$00000000) refers (Special) to libinit2.o(.ARM.Collect$$libinit$$00000011) for __rt_lib_init_lc_collate_1
    libinit.o(.ARM.Collect$$libinit$$00000000) refers (Special) to libinit2.o(.ARM.Collect$$libinit$$00000013) for __rt_lib_init_lc_ctype_1
    libinit.o(.ARM.Collect$$libinit$$00000000) refers (Special) to libinit2.o(.ARM.Collect$$libinit$$00000015) for __rt_lib_init_lc_monetary_1
    libinit.o(.ARM.Collect$$libinit$$00000000) refers (Special) to libinit2.o(.ARM.Collect$$libinit$$00000017) for __rt_lib_init_lc_numeric_1
    libinit.o(.ARM.Collect$$libinit$$00000000) refers (Special) to libinit2.o(.ARM.Collect$$libinit$$00000019) for __rt_lib_init_lc_time_1
    libinit.o(.ARM.Collect$$libinit$$00000000) refers (Special) to libinit2.o(.ARM.Collect$$libinit$$00000004) for __rt_lib_init_preinit_1
    libinit.o(.ARM.Collect$$libinit$$00000000) refers (Special) to libinit2.o(.ARM.Collect$$libinit$$0000000E) for __rt_lib_init_rand_1
    libinit.o(.ARM.Collect$$libinit$$00000000) refers (Special) to libinit2.o(.ARM.Collect$$libinit$$00000033) for __rt_lib_init_return
    libinit.o(.ARM.Collect$$libinit$$00000000) refers (Special) to libinit2.o(.ARM.Collect$$libinit$$0000001D) for __rt_lib_init_signal_1
    libinit.o(.ARM.Collect$$libinit$$00000000) refers (Special) to libinit2.o(.ARM.Collect$$libinit$$00000025) for __rt_lib_init_stdio_1
    libinit.o(.ARM.Collect$$libinit$$00000000) refers (Special) to libinit2.o(.ARM.Collect$$libinit$$0000000C) for __rt_lib_init_user_alloc_1
    libinit2.o(.ARM.Collect$$libinit$$00000001) refers to fpinit.o(x$fpl$fpinit) for _fp_init
    libinit2.o(.ARM.Collect$$libinit$$0000000F) refers (Weak) to rt_locale_intlibspace.o(.text) for __rt_locale
    libinit2.o(.ARM.Collect$$libinit$$00000010) refers to libinit2.o(.ARM.Collect$$libinit$$0000000F) for .ARM.Collect$$libinit$$0000000F
    libinit2.o(.ARM.Collect$$libinit$$00000012) refers to libinit2.o(.ARM.Collect$$libinit$$0000000F) for .ARM.Collect$$libinit$$0000000F
    libinit2.o(.ARM.Collect$$libinit$$00000014) refers to libinit2.o(.ARM.Collect$$libinit$$0000000F) for .ARM.Collect$$libinit$$0000000F
    libinit2.o(.ARM.Collect$$libinit$$00000016) refers to libinit2.o(.ARM.Collect$$libinit$$0000000F) for .ARM.Collect$$libinit$$0000000F
    libinit2.o(.ARM.Collect$$libinit$$00000016) refers (Weak) to lc_numeric_c.o(locale$$code) for _get_lc_numeric
    libinit2.o(.ARM.Collect$$libinit$$00000018) refers to libinit2.o(.ARM.Collect$$libinit$$0000000F) for .ARM.Collect$$libinit$$0000000F
    libinit2.o(.ARM.Collect$$libinit$$00000026) refers to argv_veneer.o(.emb_text) for __ARM_argv_veneer
    libinit2.o(.ARM.Collect$$libinit$$00000027) refers to argv_veneer.o(.emb_text) for __ARM_argv_veneer
    rtexit.o(.ARM.Collect$$rtexit$$00000000) refers (Special) to rtexit2.o(.ARM.Collect$$rtexit$$00000004) for __rt_exit_exit
    rtexit.o(.ARM.Collect$$rtexit$$00000000) refers (Special) to rtexit2.o(.ARM.Collect$$rtexit$$00000003) for __rt_exit_ls
    rtexit.o(.ARM.Collect$$rtexit$$00000000) refers (Special) to rtexit2.o(.ARM.Collect$$rtexit$$00000002) for __rt_exit_prels_1
    rtexit.o(.ARM.exidx) refers (Special) to rtexit2.o(.ARM.Collect$$rtexit$$00000004) for __rt_exit_exit
    rtexit.o(.ARM.exidx) refers (Special) to rtexit2.o(.ARM.Collect$$rtexit$$00000003) for __rt_exit_ls
    rtexit.o(.ARM.exidx) refers (Special) to rtexit2.o(.ARM.Collect$$rtexit$$00000002) for __rt_exit_prels_1
    rtexit.o(.ARM.exidx) refers to rtexit.o(.ARM.Collect$$rtexit$$00000000) for .ARM.Collect$$rtexit$$00000000
    rt_raise.o(.text) refers to __raise.o(.text) for __raise
    rt_raise.o(.text) refers to sys_exit.o(.text) for _sys_exit
    defsig_exit.o(.text) refers to sys_exit.o(.text) for _sys_exit
    defsig_fpe_inner.o(.text) refers to defsig_general.o(.text) for __default_signal_display
    argv_veneer.o(.emb_text) refers to no_argv.o(.text) for __ARM_get_argv
    sys_exit.o(.text) refers (Special) to use_no_semi.o(.text) for __I$use$semihosting
    sys_exit.o(.text) refers (Special) to indicate_semi.o(.text) for __semihosting_library_function
    rtexit2.o(.ARM.Collect$$rtexit$$00000003) refers to libshutdown.o(.ARM.Collect$$libshutdown$$00000000) for __rt_lib_shutdown
    rtexit2.o(.ARM.Collect$$rtexit$$00000004) refers to sys_exit.o(.text) for _sys_exit
    rtexit2.o(.ARM.exidx) refers to rtexit2.o(.ARM.Collect$$rtexit$$00000001) for .ARM.Collect$$rtexit$$00000001
    rtexit2.o(.ARM.exidx) refers to rtexit2.o(.ARM.Collect$$rtexit$$00000003) for .ARM.Collect$$rtexit$$00000003
    rtexit2.o(.ARM.exidx) refers to rtexit2.o(.ARM.Collect$$rtexit$$00000004) for .ARM.Collect$$rtexit$$00000004
    __raise.o(.text) refers to __printf.o(i.__ARM_common_call_via_r2) for __ARM_common_call_via_r2
    __raise.o(.text) refers to defsig.o(CL$$defsig) for __default_signal_handler
    defsig_general.o(.text) refers to sys_wrch.o(.text) for _ttywrch
    _get_argv_nomalloc.o(.text) refers (Special) to hrguard.o(.text) for __heap_region$guard
    _get_argv_nomalloc.o(.text) refers to defsig_rtmem_outer.o(.text) for __rt_SIGRTMEM
    _get_argv_nomalloc.o(.text) refers to sys_command.o(.text) for _sys_command_string
    sys_wrch.o(.text) refers (Special) to use_no_semi.o(.text) for __I$use$semihosting
    sys_wrch.o(.text) refers (Special) to indicate_semi.o(.text) for __semihosting_library_function
    sys_command.o(.text) refers (Special) to use_no_semi.o(.text) for __I$use$semihosting
    sys_command.o(.text) refers (Special) to indicate_semi.o(.text) for __semihosting_library_function
    defsig_rtmem_outer.o(.text) refers to defsig_rtmem_inner.o(.text) for __rt_SIGRTMEM_inner
    defsig_rtmem_outer.o(.text) refers to defsig_exit.o(.text) for __sig_exit
    defsig_rtmem_formal.o(.text) refers to rt_raise.o(.text) for __rt_raise
    defsig.o(CL$$defsig) refers to defsig_fpe_inner.o(.text) for __rt_SIGFPE_inner
    defsig.o(CL$$defsig) refers to defsig_rtmem_inner.o(.text) for __rt_SIGRTMEM_inner
    libshutdown.o(.ARM.Collect$$libshutdown$$00000000) refers (Special) to libshutdown2.o(.ARM.Collect$$libshutdown$$00000002) for __rt_lib_shutdown_cpp_1
    libshutdown.o(.ARM.Collect$$libshutdown$$00000000) refers (Special) to libshutdown2.o(.ARM.Collect$$libshutdown$$00000007) for __rt_lib_shutdown_fp_trap_1
    libshutdown.o(.ARM.Collect$$libshutdown$$00000000) refers (Special) to libshutdown2.o(.ARM.Collect$$libshutdown$$0000000F) for __rt_lib_shutdown_heap_1
    libshutdown.o(.ARM.Collect$$libshutdown$$00000000) refers (Special) to libshutdown2.o(.ARM.Collect$$libshutdown$$00000010) for __rt_lib_shutdown_return
    libshutdown.o(.ARM.Collect$$libshutdown$$00000000) refers (Special) to libshutdown2.o(.ARM.Collect$$libshutdown$$0000000A) for __rt_lib_shutdown_signal_1
    libshutdown.o(.ARM.Collect$$libshutdown$$00000000) refers (Special) to libshutdown2.o(.ARM.Collect$$libshutdown$$00000004) for __rt_lib_shutdown_stdio_1
    libshutdown.o(.ARM.Collect$$libshutdown$$00000000) refers (Special) to libshutdown2.o(.ARM.Collect$$libshutdown$$0000000C) for __rt_lib_shutdown_user_alloc_1
    defsig_abrt_inner.o(.text) refers to defsig_general.o(.text) for __default_signal_display
    defsig_rtred_inner.o(.text) refers to defsig_general.o(.text) for __default_signal_display
    defsig_rtmem_inner.o(.text) refers to defsig_general.o(.text) for __default_signal_display
    defsig_stak_inner.o(.text) refers to defsig_general.o(.text) for __default_signal_display
    defsig_pvfn_inner.o(.text) refers to defsig_general.o(.text) for __default_signal_display
    defsig_cppl_inner.o(.text) refers to defsig_general.o(.text) for __default_signal_display
    defsig_segv_inner.o(.text) refers to defsig_general.o(.text) for __default_signal_display
    defsig_other.o(.text) refers to defsig_general.o(.text) for __default_signal_display


==============================================================================

Removing Unused input sections from the image.

    Removing startup.o(RESET), (272 bytes).
    Removing uart_driver.o(i.uart0_bin), (52 bytes).
    Removing uart_driver.o(i.uart0_integer), (160 bytes).
    Removing uart_driver.o(i.uart0_rx), (40 bytes).
    Removing uart_driver.o(i.uart0_rx_string), (4 bytes).
    Removing lcd_4bit_driver.o(i.lcd_cgram), (68 bytes).
    Removing lcd_4bit_driver.o(i.lcd_cir_left), (132 bytes).
    Removing lcd_4bit_driver.o(i.lcd_cir_right), (136 bytes).
    Removing lcd_4bit_driver.o(i.lcd_float), (160 bytes).
    Removing lcd_4bit_driver.o(i.lcd_integer), (160 bytes).
    Removing lcd_4bit_driver.o(i.lcd_strcmp), (88 bytes).
    Removing lcd_4bit_driver.o(i.lcd_strlen), (36 bytes).
    Removing adc_driver.o(i.adc_cal_vol), (84 bytes).

13 unused section(s) (total 1392 bytes) removed from the image.

==============================================================================

Adding Veneers to the image

    Adding TA veneer (4 bytes, Inline) for call to '_printf_percent' from __printf_flags_wp.o(.text).
    Adding AT veneer (8 bytes, Inline) for call to '__rt_lib_init' from __rtentry2.o(.ARM.Collect$$rtentry$$0000000A).
    Adding AT veneer (8 bytes, Inline) for call to '__rt_lib_shutdown' from rtexit2.o(.ARM.Collect$$rtexit$$00000003).
    Adding TA veneer (4 bytes, Inline) for call to '__rt_exit' from exit.o(.text).
    Adding AT veneer (8 bytes, Inline) for call to '__2sprintf' from main.o(i.main).
    Adding AT veneer (8 bytes, Inline) for call to '_printf_int_dec' from _printf_d.o(.ARM.Collect$$_printf_percent$$00000009).
    Adding TA veneer (4 bytes, Inline) for call to '__aeabi_idivmod' from bigflt0.o(.text).
    Adding AT veneer (8 bytes, Inline) for call to '_printf_string' from _printf_s.o(.ARM.Collect$$_printf_percent$$00000014).
    Adding TA veneer (4 bytes, Inline) for call to '__rt_udiv10' from _printf_dec.o(.text).
    Adding TA veneer (4 bytes, Inline) for call to '__rt_locale' from libinit2.o(.ARM.Collect$$libinit$$0000000F).
    Adding TA veneer (4 bytes, Inline) for call to '_ll_udiv10' from _printf_fp_dec.o(.text).
    Adding AT veneer (8 bytes, Inline) for call to '_sys_exit' from rtexit2.o(.ARM.Collect$$rtexit$$00000004).
    Adding TA veneer (4 bytes, Inline) for call to '_btod_d2e' from _printf_fp_dec.o(.text).
    Adding TA veneer (4 bytes, Inline) for call to '_btod_ediv' from _printf_fp_dec.o(.text).
    Adding TA veneer (4 bytes, Inline) for call to '_btod_emul' from _printf_fp_dec.o(.text).
    Adding AT veneer (12 bytes, Long) for call to '_printf_fp_dec_real' from printf1.o(x$fpl$printf1).
    Adding TA veneer (4 bytes, Inline) for call to '__ARM_fpclassify' from _printf_fp_dec.o(.text).
    Adding TA veneer (4 bytes, Inline) for call to '_get_lc_numeric' from libinit2.o(.ARM.Collect$$libinit$$00000016).
    Adding TA veneer (4 bytes, Inline) for call to '__ieee_status' from _printf_fp_dec.o(.text).

19 Veneer(s) (total 108 bytes) added to the image.

==============================================================================

Image Symbol Table

    Local Symbols

    Symbol Name                              Value     Ov Type        Size  Object(Section)

    !!!main                                  0x00000000   Section        8  __main.o(!!!main)
    ../clib/angel/boardlib.s                 0x00000000   Number         0  boardinit1.o ABSOLUTE
    ../clib/angel/boardlib.s                 0x00000000   Number         0  boardinit2.o ABSOLUTE
    ../clib/angel/boardlib.s                 0x00000000   Number         0  boardshut.o ABSOLUTE
    ../clib/angel/boardlib.s                 0x00000000   Number         0  boardinit3.o ABSOLUTE
    ../clib/angel/handlers.s                 0x00000000   Number         0  __scatter_zi.o ABSOLUTE
    ../clib/angel/handlers.s                 0x00000000   Number         0  __scatter_copy.o ABSOLUTE
    ../clib/angel/kernel.s                   0x00000000   Number         0  rtexit.o ABSOLUTE
    ../clib/angel/kernel.s                   0x00000000   Number         0  rtexit2.o ABSOLUTE
    ../clib/angel/kernel.s                   0x00000000   Number         0  __rtentry4.o ABSOLUTE
    ../clib/angel/kernel.s                   0x00000000   Number         0  __rtentry2.o ABSOLUTE
    ../clib/angel/kernel.s                   0x00000000   Number         0  __rtentry.o ABSOLUTE
    ../clib/angel/rt.s                       0x00000000   Number         0  rt_locale_intlibspace.o ABSOLUTE
    ../clib/angel/rt.s                       0x00000000   Number         0  rt_locale.o ABSOLUTE
    ../clib/angel/rt.s                       0x00000000   Number         0  rt_div0.o ABSOLUTE
    ../clib/angel/rt.s                       0x00000000   Number         0  aeabi_idiv0_sigfpe.o ABSOLUTE
    ../clib/angel/rt.s                       0x00000000   Number         0  rt_raise.o ABSOLUTE
    ../clib/angel/rt.s                       0x00000000   Number         0  aeabi_idiv0.o ABSOLUTE
    ../clib/angel/scatter.s                  0x00000000   Number         0  __scatter.o ABSOLUTE
    ../clib/angel/startup.s                  0x00000000   Number         0  __main.o ABSOLUTE
    ../clib/angel/sys.s                      0x00000000   Number         0  sys_stackheap_outer.o ABSOLUTE
    ../clib/angel/sys.s                      0x00000000   Number         0  libspace.o ABSOLUTE
    ../clib/angel/sys.s                      0x00000000   Number         0  use_no_semi.o ABSOLUTE
    ../clib/angel/sys.s                      0x00000000   Number         0  indicate_semi.o ABSOLUTE
    ../clib/angel/sysapp.c                   0x00000000   Number         0  sys_command.o ABSOLUTE
    ../clib/angel/sysapp.c                   0x00000000   Number         0  sys_exit.o ABSOLUTE
    ../clib/angel/sysapp.c                   0x00000000   Number         0  sys_wrch.o ABSOLUTE
    ../clib/armsys.c                         0x00000000   Number         0  argv_veneer.o ABSOLUTE
    ../clib/armsys.c                         0x00000000   Number         0  _get_argv_nomalloc.o ABSOLUTE
    ../clib/armsys.c                         0x00000000   Number         0  no_argv.o ABSOLUTE
    ../clib/armsys.c                         0x00000000   Number         0  argv_veneer.o ABSOLUTE
    ../clib/bigflt.c                         0x00000000   Number         0  bigflt0.o ABSOLUTE
    ../clib/btod.s                           0x00000000   Number         0  btod.o ABSOLUTE
    ../clib/division.s                       0x00000000   Number         0  rtudiv10.o ABSOLUTE
    ../clib/division.s                       0x00000000   Number         0  aeabi_sdiv.o ABSOLUTE
    ../clib/division.s                       0x00000000   Number         0  aeabi_sdiv_div0.o ABSOLUTE
    ../clib/divrt.s                          0x00000000   Number         0  divrt_7tdmi_div0.o ABSOLUTE
    ../clib/divrt.s                          0x00000000   Number         0  divrt_7tdmi.o ABSOLUTE
    ../clib/heapalloc.c                      0x00000000   Number         0  hrguard.o ABSOLUTE
    ../clib/heapaux.c                        0x00000000   Number         0  heapauxi.o ABSOLUTE
    ../clib/libinit.s                        0x00000000   Number         0  libinit2.o ABSOLUTE
    ../clib/libinit.s                        0x00000000   Number         0  libshutdown.o ABSOLUTE
    ../clib/libinit.s                        0x00000000   Number         0  libshutdown2.o ABSOLUTE
    ../clib/libinit.s                        0x00000000   Number         0  libinit.o ABSOLUTE
    ../clib/locale.s                         0x00000000   Number         0  lc_numeric_c.o ABSOLUTE
    ../clib/longlong.s                       0x00000000   Number         0  lludiv10.o ABSOLUTE
    ../clib/memcpset.s                       0x00000000   Number         0  strcmp.o ABSOLUTE
    ../clib/misc.s                           0x00000000   Number         0  printf_stubs.o ABSOLUTE
    ../clib/printf.c                         0x00000000   Number         0  __printf_flags_ss.o ABSOLUTE
    ../clib/printf.c                         0x00000000   Number         0  __printf_ss_wp.o ABSOLUTE
    ../clib/printf.c                         0x00000000   Number         0  __printf_wp.o ABSOLUTE
    ../clib/printf.c                         0x00000000   Number         0  __printf_ss.o ABSOLUTE
    ../clib/printf.c                         0x00000000   Number         0  __printf_flags_wp.o ABSOLUTE
    ../clib/printf.c                         0x00000000   Number         0  _printf_pad.o ABSOLUTE
    ../clib/printf.c                         0x00000000   Number         0  __printf.o ABSOLUTE
    ../clib/printf.c                         0x00000000   Number         0  _printf_dec.o ABSOLUTE
    ../clib/printf.c                         0x00000000   Number         0  _printf_str.o ABSOLUTE
    ../clib/printf.c                         0x00000000   Number         0  _sputc.o ABSOLUTE
    ../clib/printf.c                         0x00000000   Number         0  _printf_char.o ABSOLUTE
    ../clib/printf.c                         0x00000000   Number         0  __printf_flags_ss_wp.o ABSOLUTE
    ../clib/printf.c                         0x00000000   Number         0  _printf_fp_infnan.o ABSOLUTE
    ../clib/printf.c                         0x00000000   Number         0  noretval__2sprintf.o ABSOLUTE
    ../clib/printf.c                         0x00000000   Number         0  __2sprintf.o ABSOLUTE
    ../clib/printf.c                         0x00000000   Number         0  __printf_flags.o ABSOLUTE
    ../clib/printf.c                         0x00000000   Number         0  _printf_intcommon.o ABSOLUTE
    ../clib/printf.c                         0x00000000   Number         0  _printf_char_common.o ABSOLUTE
    ../clib/printf.c                         0x00000000   Number         0  _printf_fp_dec.o ABSOLUTE
    ../clib/printf.c                         0x00000000   Number         0  __printf_nopercent.o ABSOLUTE
    ../clib/printf_percent.s                 0x00000000   Number         0  _printf_percent_end.o ABSOLUTE
    ../clib/printf_percent.s                 0x00000000   Number         0  _printf_s.o ABSOLUTE
    ../clib/printf_percent.s                 0x00000000   Number         0  _printf_d.o ABSOLUTE
    ../clib/printf_percent.s                 0x00000000   Number         0  _printf_percent.o ABSOLUTE
    ../clib/printf_percent.s                 0x00000000   Number         0  _printf_f.o ABSOLUTE
    ../clib/signal.c                         0x00000000   Number         0  defsig_rtred_inner.o ABSOLUTE
    ../clib/signal.c                         0x00000000   Number         0  defsig_abrt_inner.o ABSOLUTE
    ../clib/signal.c                         0x00000000   Number         0  defsig_rtmem_formal.o ABSOLUTE
    ../clib/signal.c                         0x00000000   Number         0  defsig_fpe_formal.o ABSOLUTE
    ../clib/signal.c                         0x00000000   Number         0  defsig_fpe_outer.o ABSOLUTE
    ../clib/signal.c                         0x00000000   Number         0  defsig_rtmem_outer.o ABSOLUTE
    ../clib/signal.c                         0x00000000   Number         0  defsig_general.o ABSOLUTE
    ../clib/signal.c                         0x00000000   Number         0  __raise.o ABSOLUTE
    ../clib/signal.c                         0x00000000   Number         0  defsig_fpe_inner.o ABSOLUTE
    ../clib/signal.c                         0x00000000   Number         0  defsig_exit.o ABSOLUTE
    ../clib/signal.c                         0x00000000   Number         0  defsig_stak_inner.o ABSOLUTE
    ../clib/signal.c                         0x00000000   Number         0  defsig_other.o ABSOLUTE
    ../clib/signal.c                         0x00000000   Number         0  defsig_segv_inner.o ABSOLUTE
    ../clib/signal.c                         0x00000000   Number         0  defsig_cppl_inner.o ABSOLUTE
    ../clib/signal.c                         0x00000000   Number         0  defsig_pvfn_inner.o ABSOLUTE
    ../clib/signal.c                         0x00000000   Number         0  defsig_rtmem_inner.o ABSOLUTE
    ../clib/signal.s                         0x00000000   Number         0  defsig.o ABSOLUTE
    ../clib/stdlib.c                         0x00000000   Number         0  exit.o ABSOLUTE
    ../fplib/d2f.s                           0x00000000   Number         0  d2f.o ABSOLUTE
    ../fplib/daddsub.s                       0x00000000   Number         0  daddsub_noclz.o ABSOLUTE
    ../fplib/ddiv.s                          0x00000000   Number         0  ddiv.o ABSOLUTE
    ../fplib/dfixu.s                         0x00000000   Number         0  dfixu.o ABSOLUTE
    ../fplib/dflt.s                          0x00000000   Number         0  dflt_noclz.o ABSOLUTE
    ../fplib/dmul.s                          0x00000000   Number         0  dmul.o ABSOLUTE
    ../fplib/dnaninf.s                       0x00000000   Number         0  dnaninf.o ABSOLUTE
    ../fplib/dretinf.s                       0x00000000   Number         0  dretinf.o ABSOLUTE
    ../fplib/f2d.s                           0x00000000   Number         0  f2d.o ABSOLUTE
    ../fplib/faddsub.s                       0x00000000   Number         0  faddsub_noclz.o ABSOLUTE
    ../fplib/ffix.s                          0x00000000   Number         0  ffix.o ABSOLUTE
    ../fplib/fflt.s                          0x00000000   Number         0  fflt_noclz.o ABSOLUTE
    ../fplib/fmul.s                          0x00000000   Number         0  fmul.o ABSOLUTE
    ../fplib/fnaninf.s                       0x00000000   Number         0  fnaninf.o ABSOLUTE
    ../fplib/fpinit.s                        0x00000000   Number         0  fpinit.o ABSOLUTE
    ../fplib/fretinf.s                       0x00000000   Number         0  fretinf.o ABSOLUTE
    ../fplib/istatus.s                       0x00000000   Number         0  istatus.o ABSOLUTE
    ../fplib/printf1.s                       0x00000000   Number         0  printf1.o ABSOLUTE
    ../fplib/usenofp.s                       0x00000000   Number         0  usenofp.o ABSOLUTE
    ../mathlib/fpclassify.c                  0x00000000   Number         0  fpclassify.o ABSOLUTE
    Startup.s                                0x00000000   Number         0  startup.o ABSOLUTE
    adc_driver.c                             0x00000000   Number         0  adc_driver.o ABSOLUTE
    dc.s                                     0x00000000   Number         0  dc.o ABSOLUTE
    delay.c                                  0x00000000   Number         0  delay.o ABSOLUTE
    i2c_driver.c                             0x00000000   Number         0  i2c_driver.o ABSOLUTE
    lcd_4bit_driver.c                        0x00000000   Number         0  lcd_4bit_driver.o ABSOLUTE
    main.c                                   0x00000000   Number         0  main.o ABSOLUTE
    mcp3204_driver.c                         0x00000000   Number         0  mcp3204_driver.o ABSOLUTE
    rtc_driver.c                             0x00000000   Number         0  rtc_driver.o ABSOLUTE
    spi_driver.c                             0x00000000   Number         0  spi_driver.o ABSOLUTE
    uart_driver.c                            0x00000000   Number         0  uart_driver.o ABSOLUTE
    !!!scatter                               0x00000008   Section       60  __scatter.o(!!!scatter)
    !!handler_copy                           0x00000044   Section       40  __scatter_copy.o(!!handler_copy)
    !!handler_zi                             0x0000006c   Section       44  __scatter_zi.o(!!handler_zi)
    .ARM.Collect$$_printf_percent$$00000000  0x0000009c   Section        0  _printf_percent.o(.ARM.Collect$$_printf_percent$$00000000)
    .ARM.Collect$$_printf_percent$$00000003  0x0000009c   Section        8  _printf_f.o(.ARM.Collect$$_printf_percent$$00000003)
    .ARM.Collect$$_printf_percent$$00000009  0x000000a4   Section        8  _printf_d.o(.ARM.Collect$$_printf_percent$$00000009)
    .ARM.Collect$$_printf_percent$$00000014  0x000000ac   Section        8  _printf_s.o(.ARM.Collect$$_printf_percent$$00000014)
    .ARM.Collect$$_printf_percent$$00000017  0x000000b4   Section        8  _printf_percent_end.o(.ARM.Collect$$_printf_percent$$00000017)
    .ARM.Collect$$libinit$$00000000          0x000000c4   Section        2  libinit.o(.ARM.Collect$$libinit$$00000000)
    .ARM.Collect$$libinit$$00000002          0x000000c6   Section        0  libinit2.o(.ARM.Collect$$libinit$$00000002)
    .ARM.Collect$$libinit$$00000004          0x000000c6   Section        0  libinit2.o(.ARM.Collect$$libinit$$00000004)
    .ARM.Collect$$libinit$$0000000A          0x000000c6   Section        0  libinit2.o(.ARM.Collect$$libinit$$0000000A)
    .ARM.Collect$$libinit$$0000000C          0x000000c6   Section        0  libinit2.o(.ARM.Collect$$libinit$$0000000C)
    .ARM.Collect$$libinit$$0000000E          0x000000c6   Section        0  libinit2.o(.ARM.Collect$$libinit$$0000000E)
    .ARM.Collect$$libinit$$0000000F          0x000000c6   Section        6  libinit2.o(.ARM.Collect$$libinit$$0000000F)
    .ARM.Collect$$libinit$$00000011          0x000000cc   Section        0  libinit2.o(.ARM.Collect$$libinit$$00000011)
    .ARM.Collect$$libinit$$00000013          0x000000cc   Section        0  libinit2.o(.ARM.Collect$$libinit$$00000013)
    .ARM.Collect$$libinit$$00000015          0x000000cc   Section        0  libinit2.o(.ARM.Collect$$libinit$$00000015)
    .ARM.Collect$$libinit$$00000016          0x000000cc   Section       10  libinit2.o(.ARM.Collect$$libinit$$00000016)
    .ARM.Collect$$libinit$$00000017          0x000000d6   Section        0  libinit2.o(.ARM.Collect$$libinit$$00000017)
    .ARM.Collect$$libinit$$00000019          0x000000d6   Section        0  libinit2.o(.ARM.Collect$$libinit$$00000019)
    .ARM.Collect$$libinit$$0000001B          0x000000d6   Section        0  libinit2.o(.ARM.Collect$$libinit$$0000001B)
    .ARM.Collect$$libinit$$0000001D          0x000000d6   Section        0  libinit2.o(.ARM.Collect$$libinit$$0000001D)
    .ARM.Collect$$libinit$$0000001F          0x000000d6   Section        0  libinit2.o(.ARM.Collect$$libinit$$0000001F)
    .ARM.Collect$$libinit$$00000021          0x000000d6   Section        0  libinit2.o(.ARM.Collect$$libinit$$00000021)
    .ARM.Collect$$libinit$$00000023          0x000000d6   Section        0  libinit2.o(.ARM.Collect$$libinit$$00000023)
    .ARM.Collect$$libinit$$00000025          0x000000d6   Section        0  libinit2.o(.ARM.Collect$$libinit$$00000025)
    .ARM.Collect$$libinit$$0000002C          0x000000d6   Section        0  libinit2.o(.ARM.Collect$$libinit$$0000002C)
    .ARM.Collect$$libinit$$0000002E          0x000000d6   Section        0  libinit2.o(.ARM.Collect$$libinit$$0000002E)
    .ARM.Collect$$libinit$$00000030          0x000000d6   Section        0  libinit2.o(.ARM.Collect$$libinit$$00000030)
    .ARM.Collect$$libinit$$00000032          0x000000d6   Section        0  libinit2.o(.ARM.Collect$$libinit$$00000032)
    .ARM.Collect$$libinit$$00000033          0x000000d6   Section       12  libinit2.o(.ARM.Collect$$libinit$$00000033)
    .ARM.Collect$$libshutdown$$00000000      0x000000ec   Section        4  libshutdown.o(.ARM.Collect$$libshutdown$$00000000)
    .ARM.Collect$$libshutdown$$00000002      0x000000f0   Section        0  libshutdown2.o(.ARM.Collect$$libshutdown$$00000002)
    .ARM.Collect$$libshutdown$$00000004      0x000000f0   Section        0  libshutdown2.o(.ARM.Collect$$libshutdown$$00000004)
    .ARM.Collect$$libshutdown$$00000007      0x000000f0   Section        0  libshutdown2.o(.ARM.Collect$$libshutdown$$00000007)
    .ARM.Collect$$libshutdown$$0000000A      0x000000f0   Section        0  libshutdown2.o(.ARM.Collect$$libshutdown$$0000000A)
    .ARM.Collect$$libshutdown$$0000000C      0x000000f0   Section        0  libshutdown2.o(.ARM.Collect$$libshutdown$$0000000C)
    .ARM.Collect$$libshutdown$$0000000F      0x000000f0   Section        0  libshutdown2.o(.ARM.Collect$$libshutdown$$0000000F)
    .ARM.Collect$$libshutdown$$00000010      0x000000f0   Section        6  libshutdown2.o(.ARM.Collect$$libshutdown$$00000010)
    .ARM.Collect$$rtentry$$00000000          0x000000f8   Section        0  __rtentry.o(.ARM.Collect$$rtentry$$00000000)
    .ARM.Collect$$rtentry$$00000002          0x000000f8   Section        0  __rtentry2.o(.ARM.Collect$$rtentry$$00000002)
    .ARM.Collect$$rtentry$$00000004          0x000000f8   Section        8  __rtentry4.o(.ARM.Collect$$rtentry$$00000004)
    .ARM.Collect$$rtentry$$00000009          0x00000100   Section        0  __rtentry2.o(.ARM.Collect$$rtentry$$00000009)
    .ARM.Collect$$rtentry$$0000000A          0x00000100   Section        4  __rtentry2.o(.ARM.Collect$$rtentry$$0000000A)
    .ARM.Collect$$rtentry$$0000000C          0x00000104   Section        0  __rtentry2.o(.ARM.Collect$$rtentry$$0000000C)
    .ARM.Collect$$rtentry$$0000000D          0x00000104   Section       40  __rtentry2.o(.ARM.Collect$$rtentry$$0000000D)
    .ARM.Collect$$rtexit$$00000000           0x00000130   Section        4  rtexit.o(.ARM.Collect$$rtexit$$00000000)
    .ARM.Collect$$rtexit$$00000002           0x00000134   Section        0  rtexit2.o(.ARM.Collect$$rtexit$$00000002)
    .ARM.Collect$$rtexit$$00000003           0x00000134   Section        4  rtexit2.o(.ARM.Collect$$rtexit$$00000003)
    .ARM.Collect$$rtexit$$00000004           0x00000138   Section        8  rtexit2.o(.ARM.Collect$$rtexit$$00000004)
    .text                                    0x00000140   Section       32  startup.o(.text)
    .text                                    0x00000168   Section        0  noretval__2sprintf.o(.text)
    .text                                    0x00000190   Section        0  _printf_pad.o(.text)
    .text                                    0x000001e6   Section        0  _printf_str.o(.text)
    .text                                    0x00000248   Section        0  _printf_dec.o(.text)
    .text                                    0x000002b8   Section        0  __printf_flags_wp.o(.text)
    .text                                    0x00000404   Section      384  aeabi_sdiv.o(.text)
    __arm_div8                               0x00000430   ARM Code       0  aeabi_sdiv.o(.text)
    __arm_div5                               0x00000454   ARM Code       0  aeabi_sdiv.o(.text)
    __arm_div2                               0x00000478   ARM Code       0  aeabi_sdiv.o(.text)
    __arm_div_large                          0x000004b4   ARM Code       0  aeabi_sdiv.o(.text)
    .text                                    0x00000584   Section        0  heapauxi.o(.text)
    .text                                    0x0000058a   Section        0  _printf_intcommon.o(.text)
    .text                                    0x00000644   Section        0  _printf_fp_dec.o(.text)
    _fp_digits                               0x00000647   Thumb Code   414  _printf_fp_dec.o(.text)
    .text                                    0x00000a64   Section        0  _printf_char_common.o(.text)
    _printf_input_char                       0x00000a65   Thumb Code    10  _printf_char_common.o(.text)
    .text                                    0x00000a94   Section        0  _sputc.o(.text)
    .text                                    0x00000aa8   Section        0  _printf_char.o(.text)
    .text                                    0x00000ae0   Section       44  rtudiv10.o(.text)
    .text                                    0x00000b10   Section       12  rt_locale_intlibspace.o(.text)
    .text                                    0x00000b20   Section      160  lludiv10.o(.text)
    .text                                    0x00000bc0   Section        0  _printf_fp_infnan.o(.text)
    .text                                    0x00000c50   Section        0  bigflt0.o(.text)
    .text                                    0x00000d2c   Section       12  libspace.o(.text)
    .text                                    0x00000d38   Section       96  sys_stackheap_outer.o(.text)
    .text                                    0x00000d98   Section        0  exit.o(.text)
    .text                                    0x00000dac   Section      244  strcmp.o(.text)
    .text                                    0x00000ea8   Section        0  sys_exit.o(.text)
    .text                                    0x00000eb4   Section        4  use_no_semi.o(.text)
    .text                                    0x00000eb8   Section        0  indicate_semi.o(.text)
    .text_udiv                               0x00000eb8   Section       36  aeabi_sdiv.o(.text_udiv)
    CL$$btod_d2e                             0x00000ee0   Section       56  btod.o(CL$$btod_d2e)
    CL$$btod_d2e_denorm_low                  0x00000f18   Section       84  btod.o(CL$$btod_d2e_denorm_low)
    CL$$btod_d2e_norm_op1                    0x00000f6c   Section      104  btod.o(CL$$btod_d2e_norm_op1)
    CL$$btod_div_common                      0x00000fd4   Section      844  btod.o(CL$$btod_div_common)
    CL$$btod_e2e                             0x00001320   Section      244  btod.o(CL$$btod_e2e)
    CL$$btod_ediv                            0x00001418   Section       56  btod.o(CL$$btod_ediv)
    CL$$btod_emul                            0x00001454   Section       56  btod.o(CL$$btod_emul)
    CL$$btod_mult_common                     0x0000148c   Section      616  btod.o(CL$$btod_mult_common)
    i.BCD2DEC                                0x00001700   Section        0  rtc_driver.o(i.BCD2DEC)
    i.DEC2BCD                                0x0000171c   Section        0  rtc_driver.o(i.DEC2BCD)
    i.__ARM_common_call_via_r1               0x00001750   Section        0  __printf.o(i.__ARM_common_call_via_r1)
    i.__ARM_common_call_via_r2               0x00001752   Section        0  __printf.o(i.__ARM_common_call_via_r2)
    i.__ARM_fpclassify                       0x00001758   Section        0  fpclassify.o(i.__ARM_fpclassify)
    i._is_digit                              0x00001788   Section        0  __printf_wp.o(i._is_digit)
    i.adc_init                               0x00001798   Section        0  adc_driver.o(i.adc_init)
    i.adc_read                               0x000017c4   Section        0  adc_driver.o(i.adc_read)
    i.delay_ms                               0x00001854   Section        0  delay.o(i.delay_ms)
    i.get_date                               0x000018a4   Section        0  rtc_driver.o(i.get_date)
    i.get_time                               0x00001914   Section        0  rtc_driver.o(i.get_time)
    i.i2c_init                               0x000019fc   Section        0  i2c_driver.o(i.i2c_init)
    i.i2c_read                               0x00001a30   Section        0  i2c_driver.o(i.i2c_read)
    i.i2c_write                              0x00001c24   Section        0  i2c_driver.o(i.i2c_write)
    i.lcd_cmd                                0x00001dc0   Section        0  lcd_4bit_driver.o(i.lcd_cmd)
    i.lcd_data                               0x00001e34   Section        0  lcd_4bit_driver.o(i.lcd_data)
    i.lcd_enable                             0x00001ea8   Section        0  lcd_4bit_driver.o(i.lcd_enable)
    i.lcd_init                               0x00001ed8   Section        0  lcd_4bit_driver.o(i.lcd_init)
    i.lcd_string                             0x00001f40   Section        0  lcd_4bit_driver.o(i.lcd_string)
    i.main                                   0x00001f68   Section        0  main.o(i.main)
    i.mcp3204_adc_read                       0x00002280   Section        0  mcp3204_driver.o(i.mcp3204_adc_read)
    i.set_date                               0x000022f0   Section        0  rtc_driver.o(i.set_date)
    i.set_time                               0x00002370   Section        0  rtc_driver.o(i.set_time)
    i.spi0                                   0x000023e4   Section        0  spi_driver.o(i.spi0)
    i.spi0_init                              0x0000241c   Section        0  spi_driver.o(i.spi0_init)
    i.uart0_init                             0x00002468   Section        0  uart_driver.o(i.uart0_init)
    i.uart0_string                           0x000024f4   Section        0  uart_driver.o(i.uart0_string)
    i.uart0_tx                               0x00002520   Section        0  uart_driver.o(i.uart0_tx)
    locale$$code                             0x00002550   Section       80  lc_numeric_c.o(locale$$code)
    x$fpl$d2f                                0x000025a0   Section      108  d2f.o(x$fpl$d2f)
    x$fpl$dadd                               0x0000260c   Section      340  daddsub_noclz.o(x$fpl$dadd)
    _dadd1                                   0x0000261c   ARM Code       0  daddsub_noclz.o(x$fpl$dadd)
    x$fpl$ddiv                               0x00002760   Section      736  ddiv.o(x$fpl$ddiv)
    ddiv_entry                               0x00002768   ARM Code       0  ddiv.o(x$fpl$ddiv)
    x$fpl$dfixu                              0x00002a40   Section      112  dfixu.o(x$fpl$dfixu)
    x$fpl$dflt                               0x00002ab0   Section       88  dflt_noclz.o(x$fpl$dflt)
    x$fpl$dfltu                              0x00002b08   Section       12  dflt_noclz.o(x$fpl$dfltu)
    x$fpl$dmul                               0x00002b14   Section      384  dmul.o(x$fpl$dmul)
    x$fpl$dnaninf                            0x00002c94   Section      192  dnaninf.o(x$fpl$dnaninf)
    x$fpl$dretinf                            0x00002d54   Section       16  dretinf.o(x$fpl$dretinf)
    x$fpl$dsub                               0x00002d64   Section      580  daddsub_noclz.o(x$fpl$dsub)
    _dsub1                                   0x00002d74   ARM Code       0  daddsub_noclz.o(x$fpl$dsub)
    x$fpl$f2d                                0x00002fa8   Section      100  f2d.o(x$fpl$f2d)
    x$fpl$fflt                               0x0000300c   Section       92  fflt_noclz.o(x$fpl$fflt)
    x$fpl$ffltu                              0x00003068   Section        8  fflt_noclz.o(x$fpl$ffltu)
    x$fpl$fnaninf                            0x00003070   Section      168  fnaninf.o(x$fpl$fnaninf)
    x$fpl$fretinf                            0x00003118   Section       16  fretinf.o(x$fpl$fretinf)
    x$fpl$ieeestatus                         0x0000312c   Section        8  istatus.o(x$fpl$ieeestatus)
    x$fpl$printf1                            0x00003134   Section        4  printf1.o(x$fpl$printf1)
    .constdata                               0x00003138   Section       12  uart_driver.o(.constdata)
    x$fpl$usenofp                            0x00003138   Section        0  usenofp.o(x$fpl$usenofp)
    .constdata                               0x00003144   Section        8  main.o(.constdata)
    .constdata                               0x0000314c   Section       17  __printf_flags_wp.o(.constdata)
    maptable                                 0x0000314c   Data          17  __printf_flags_wp.o(.constdata)
    .constdata                               0x00003160   Section      148  bigflt0.o(.constdata)
    tenpwrs_x                                0x00003160   Data          60  bigflt0.o(.constdata)
    tenpwrs_i                                0x0000319c   Data          64  bigflt0.o(.constdata)
    .conststring                             0x000031f4   Section      105  main.o(.conststring)
    locale$$data                             0x00003280   Section       28  lc_numeric_c.o(locale$$data)
    __lcnum_c_name                           0x00003284   Data           2  lc_numeric_c.o(locale$$data)
    __lcnum_c_start                          0x0000328c   Data           0  lc_numeric_c.o(locale$$data)
    __lcnum_c_point                          0x00003298   Data           0  lc_numeric_c.o(locale$$data)
    __lcnum_c_thousands                      0x0000329a   Data           0  lc_numeric_c.o(locale$$data)
    __lcnum_c_grouping                       0x0000329b   Data           0  lc_numeric_c.o(locale$$data)
    __lcnum_c_end                            0x0000329c   Data           0  lc_numeric_c.o(locale$$data)
    .data                                    0x40000000   Section       32  main.o(.data)
    .bss                                     0x40000020   Section       50  main.o(.bss)
    .bss                                     0x40000054   Section       96  libspace.o(.bss)
    HEAP                                     0x400000b8   Section        0  startup.o(HEAP)
    STACK                                    0x400000b8   Section     1160  startup.o(STACK)
    Heap_Mem                                 0x400000b8   Data           0  startup.o(HEAP)
    Stack_Mem                                0x400000b8   Data        1024  startup.o(STACK)
    Stack_Top                                0x40000540   Data           0  startup.o(STACK)

    Global Symbols

    Symbol Name                              Value     Ov Type        Size  Object(Section)

    BuildAttributes$$THM_ISAv1$ARM_ISAv4$S$PE$A:L22$X:L11$S22$IEEE1$IW$USESV6$~STKCKD$USESV7$~SHL$OTIME$ROPI$IEEEJ$EBA8$UX$STANDARDLIB$REQ8$PRES8$EABIv2 0x00000000   Number         0  anon$$obj.o ABSOLUTE
    __ARM_use_no_argv                        0x00000000   Number         0  main.o ABSOLUTE
    __main                                   0x00000000   ARM Code       8  __main.o(!!!main)
    _printf_flags                            0x00000000   Number         0  printf_stubs.o ABSOLUTE
    _printf_return_value                     0x00000000   Number         0  printf_stubs.o ABSOLUTE
    _printf_sizespec                         0x00000000   Number         0  printf_stubs.o ABSOLUTE
    _printf_widthprec                        0x00000000   Number         0  printf_stubs.o ABSOLUTE
    __ARM_exceptions_init                     - Undefined Weak Reference
    __alloca_initialize                       - Undefined Weak Reference
    __arm_preinit_                            - Undefined Weak Reference
    __cpp_initialize__aeabi_                  - Undefined Weak Reference
    __cxa_finalize                            - Undefined Weak Reference
    __sigvec_lookup                           - Undefined Weak Reference
    _atexit_init                              - Undefined Weak Reference
    _call_atexit_fns                          - Undefined Weak Reference
    _clock_init                               - Undefined Weak Reference
    _fp_trap_init                             - Undefined Weak Reference
    _fp_trap_shutdown                         - Undefined Weak Reference
    _get_lc_collate                           - Undefined Weak Reference
    _get_lc_ctype                             - Undefined Weak Reference
    _get_lc_monetary                          - Undefined Weak Reference
    _get_lc_time                              - Undefined Weak Reference
    _getenv_init                              - Undefined Weak Reference
    _handle_redirection                       - Undefined Weak Reference
    _init_alloc                               - Undefined Weak Reference
    _init_user_alloc                          - Undefined Weak Reference
    _initio                                   - Undefined Weak Reference
    _printf_mbtowc                            - Undefined Weak Reference
    _printf_truncate_signed                   - Undefined Weak Reference
    _printf_truncate_unsigned                 - Undefined Weak Reference
    _rand_init                                - Undefined Weak Reference
    _signal_finish                            - Undefined Weak Reference
    _signal_init                              - Undefined Weak Reference
    _terminate_alloc                          - Undefined Weak Reference
    _terminate_user_alloc                     - Undefined Weak Reference
    _terminateio                              - Undefined Weak Reference
    __scatterload                            0x00000008   ARM Code       0  __scatter.o(!!!scatter)
    __scatterload_rt2                        0x00000008   ARM Code      52  __scatter.o(!!!scatter)
    __scatterload_null                       0x0000001c   ARM Code       0  __scatter.o(!!!scatter)
    __scatterload_copy                       0x00000044   ARM Code      40  __scatter_copy.o(!!handler_copy)
    __scatterload_zeroinit                   0x0000006c   ARM Code      44  __scatter_zi.o(!!handler_zi)
    Inline Thumb to ARM Veneer to _printf_percent 0x00000099   Thumb Code     4  _printf_percent.o(.ARM.Collect$$_printf_percent$$00000000)
    _printf_f                                0x0000009c   ARM Code       0  _printf_f.o(.ARM.Collect$$_printf_percent$$00000003)
    _printf_percent                          0x0000009c   ARM Code       0  _printf_percent.o(.ARM.Collect$$_printf_percent$$00000000)
    _printf_d                                0x000000a4   ARM Code       0  _printf_d.o(.ARM.Collect$$_printf_percent$$00000009)
    _printf_s                                0x000000ac   ARM Code       0  _printf_s.o(.ARM.Collect$$_printf_percent$$00000014)
    _printf_percent_end                      0x000000b4   ARM Code       0  _printf_percent_end.o(.ARM.Collect$$_printf_percent$$00000017)
    Inline ARM to Thumb Veneer to __rt_lib_init 0x000000bc   ARM Code       8  libinit.o(.ARM.Collect$$libinit$$00000000)
    __rt_lib_init                            0x000000c5   Thumb Code     0  libinit.o(.ARM.Collect$$libinit$$00000000)
    __rt_lib_init_fp_1                       0x000000c7   Thumb Code     0  libinit2.o(.ARM.Collect$$libinit$$00000002)
    __rt_lib_init_heap_1                     0x000000c7   Thumb Code     0  libinit2.o(.ARM.Collect$$libinit$$0000000A)
    __rt_lib_init_lc_common                  0x000000c7   Thumb Code     0  libinit2.o(.ARM.Collect$$libinit$$0000000F)
    __rt_lib_init_preinit_1                  0x000000c7   Thumb Code     0  libinit2.o(.ARM.Collect$$libinit$$00000004)
    __rt_lib_init_rand_1                     0x000000c7   Thumb Code     0  libinit2.o(.ARM.Collect$$libinit$$0000000E)
    __rt_lib_init_user_alloc_1               0x000000c7   Thumb Code     0  libinit2.o(.ARM.Collect$$libinit$$0000000C)
    __rt_lib_init_lc_collate_1               0x000000cd   Thumb Code     0  libinit2.o(.ARM.Collect$$libinit$$00000011)
    __rt_lib_init_lc_ctype_1                 0x000000cd   Thumb Code     0  libinit2.o(.ARM.Collect$$libinit$$00000013)
    __rt_lib_init_lc_monetary_1              0x000000cd   Thumb Code     0  libinit2.o(.ARM.Collect$$libinit$$00000015)
    __rt_lib_init_lc_numeric_2               0x000000cd   Thumb Code     0  libinit2.o(.ARM.Collect$$libinit$$00000016)
    __rt_lib_init_alloca_1                   0x000000d7   Thumb Code     0  libinit2.o(.ARM.Collect$$libinit$$0000002E)
    __rt_lib_init_argv_1                     0x000000d7   Thumb Code     0  libinit2.o(.ARM.Collect$$libinit$$0000002C)
    __rt_lib_init_atexit_1                   0x000000d7   Thumb Code     0  libinit2.o(.ARM.Collect$$libinit$$0000001B)
    __rt_lib_init_clock_1                    0x000000d7   Thumb Code     0  libinit2.o(.ARM.Collect$$libinit$$00000021)
    __rt_lib_init_cpp_1                      0x000000d7   Thumb Code     0  libinit2.o(.ARM.Collect$$libinit$$00000032)
    __rt_lib_init_exceptions_1               0x000000d7   Thumb Code     0  libinit2.o(.ARM.Collect$$libinit$$00000030)
    __rt_lib_init_fp_trap_1                  0x000000d7   Thumb Code     0  libinit2.o(.ARM.Collect$$libinit$$0000001F)
    __rt_lib_init_getenv_1                   0x000000d7   Thumb Code     0  libinit2.o(.ARM.Collect$$libinit$$00000023)
    __rt_lib_init_lc_numeric_1               0x000000d7   Thumb Code     0  libinit2.o(.ARM.Collect$$libinit$$00000017)
    __rt_lib_init_lc_time_1                  0x000000d7   Thumb Code     0  libinit2.o(.ARM.Collect$$libinit$$00000019)
    __rt_lib_init_return                     0x000000d7   Thumb Code     0  libinit2.o(.ARM.Collect$$libinit$$00000033)
    __rt_lib_init_signal_1                   0x000000d7   Thumb Code     0  libinit2.o(.ARM.Collect$$libinit$$0000001D)
    __rt_lib_init_stdio_1                    0x000000d7   Thumb Code     0  libinit2.o(.ARM.Collect$$libinit$$00000025)
    Inline ARM to Thumb Veneer to __rt_lib_shutdown 0x000000e4   ARM Code       8  libshutdown.o(.ARM.Collect$$libshutdown$$00000000)
    __rt_lib_shutdown                        0x000000ed   Thumb Code     0  libshutdown.o(.ARM.Collect$$libshutdown$$00000000)
    __rt_lib_shutdown_cpp_1                  0x000000f1   Thumb Code     0  libshutdown2.o(.ARM.Collect$$libshutdown$$00000002)
    __rt_lib_shutdown_fp_trap_1              0x000000f1   Thumb Code     0  libshutdown2.o(.ARM.Collect$$libshutdown$$00000007)
    __rt_lib_shutdown_heap_1                 0x000000f1   Thumb Code     0  libshutdown2.o(.ARM.Collect$$libshutdown$$0000000F)
    __rt_lib_shutdown_return                 0x000000f1   Thumb Code     0  libshutdown2.o(.ARM.Collect$$libshutdown$$00000010)
    __rt_lib_shutdown_signal_1               0x000000f1   Thumb Code     0  libshutdown2.o(.ARM.Collect$$libshutdown$$0000000A)
    __rt_lib_shutdown_stdio_1                0x000000f1   Thumb Code     0  libshutdown2.o(.ARM.Collect$$libshutdown$$00000004)
    __rt_lib_shutdown_user_alloc_1           0x000000f1   Thumb Code     0  libshutdown2.o(.ARM.Collect$$libshutdown$$0000000C)
    __rt_entry                               0x000000f8   ARM Code       0  __rtentry.o(.ARM.Collect$$rtentry$$00000000)
    __rt_entry_presh_1                       0x000000f8   ARM Code       0  __rtentry2.o(.ARM.Collect$$rtentry$$00000002)
    __rt_entry_sh                            0x000000f8   ARM Code       0  __rtentry4.o(.ARM.Collect$$rtentry$$00000004)
    __rt_entry_li                            0x00000100   ARM Code       0  __rtentry2.o(.ARM.Collect$$rtentry$$0000000A)
    __rt_entry_postsh_1                      0x00000100   ARM Code       0  __rtentry2.o(.ARM.Collect$$rtentry$$00000009)
    __rt_entry_main                          0x00000104   ARM Code       0  __rtentry2.o(.ARM.Collect$$rtentry$$0000000D)
    __rt_entry_postli_1                      0x00000104   ARM Code       0  __rtentry2.o(.ARM.Collect$$rtentry$$0000000C)
    Inline Thumb to ARM Veneer to __rt_exit  0x0000012d   Thumb Code     4  rtexit.o(.ARM.Collect$$rtexit$$00000000)
    __rt_exit                                0x00000130   ARM Code       0  rtexit.o(.ARM.Collect$$rtexit$$00000000)
    __rt_exit_ls                             0x00000134   ARM Code       0  rtexit2.o(.ARM.Collect$$rtexit$$00000003)
    __rt_exit_prels_1                        0x00000134   ARM Code       0  rtexit2.o(.ARM.Collect$$rtexit$$00000002)
    __rt_exit_exit                           0x00000138   ARM Code       0  rtexit2.o(.ARM.Collect$$rtexit$$00000004)
    __user_initial_stackheap                 0x00000140   ARM Code       0  startup.o(.text)
    Inline ARM to Thumb Veneer to __2sprintf 0x00000160   ARM Code       8  noretval__2sprintf.o(.text)
    __2sprintf                               0x00000169   Thumb Code    36  noretval__2sprintf.o(.text)
    _printf_pre_padding                      0x00000191   Thumb Code    50  _printf_pad.o(.text)
    _printf_post_padding                     0x000001c3   Thumb Code    36  _printf_pad.o(.text)
    _printf_str                              0x000001e7   Thumb Code    88  _printf_str.o(.text)
    Inline ARM to Thumb Veneer to _printf_int_dec 0x00000240   ARM Code       8  _printf_dec.o(.text)
    _printf_int_dec                          0x00000249   Thumb Code    94  _printf_dec.o(.text)
    __printf                                 0x000002b9   Thumb Code   322  __printf_flags_wp.o(.text)
    Inline Thumb to ARM Veneer to __aeabi_idivmod 0x00000401   Thumb Code     4  aeabi_sdiv.o(.text)
    __aeabi_idiv                             0x00000404   ARM Code       0  aeabi_sdiv.o(.text)
    __aeabi_idivmod                          0x00000404   ARM Code     384  aeabi_sdiv.o(.text)
    __use_two_region_memory                  0x00000585   Thumb Code     2  heapauxi.o(.text)
    __rt_heap_escrow$2region                 0x00000587   Thumb Code     2  heapauxi.o(.text)
    __rt_heap_expand$2region                 0x00000589   Thumb Code     2  heapauxi.o(.text)
    _printf_int_common                       0x0000058b   Thumb Code   186  _printf_intcommon.o(.text)
    __lib_sel_fp_printf                      0x00000645   Thumb Code     2  _printf_fp_dec.o(.text)
    _printf_fp_dec_real                      0x000007e5   Thumb Code   628  _printf_fp_dec.o(.text)
    _printf_char_common                      0x00000a6f   Thumb Code    34  _printf_char_common.o(.text)
    _sputc                                   0x00000a95   Thumb Code    10  _sputc.o(.text)
    Inline ARM to Thumb Veneer to _printf_string 0x00000aa0   ARM Code       8  _printf_char.o(.text)
    _printf_cs_common                        0x00000aa9   Thumb Code    26  _printf_char.o(.text)
    _printf_char                             0x00000ac3   Thumb Code    16  _printf_char.o(.text)
    _printf_string                           0x00000ad3   Thumb Code     8  _printf_char.o(.text)
    Inline Thumb to ARM Veneer to __rt_udiv10 0x00000add   Thumb Code     4  rtudiv10.o(.text)
    __rt_udiv10                              0x00000ae0   ARM Code      44  rtudiv10.o(.text)
    Inline Thumb to ARM Veneer to __rt_locale 0x00000b0d   Thumb Code     4  rt_locale_intlibspace.o(.text)
    __rt_locale                              0x00000b10   ARM Code      12  rt_locale_intlibspace.o(.text)
    Inline Thumb to ARM Veneer to _ll_udiv10 0x00000b1d   Thumb Code     4  lludiv10.o(.text)
    _ll_udiv10                               0x00000b20   ARM Code     160  lludiv10.o(.text)
    _printf_fp_infnan                        0x00000bc1   Thumb Code   128  _printf_fp_infnan.o(.text)
    _btod_etento                             0x00000c51   Thumb Code   214  bigflt0.o(.text)
    __user_libspace                          0x00000d2c   ARM Code      12  libspace.o(.text)
    __user_perproc_libspace                  0x00000d2c   ARM Code       0  libspace.o(.text)
    __user_perthread_libspace                0x00000d2c   ARM Code       0  libspace.o(.text)
    __user_setup_stackheap                   0x00000d38   ARM Code      96  sys_stackheap_outer.o(.text)
    exit                                     0x00000d99   Thumb Code    20  exit.o(.text)
    strcmp                                   0x00000dac   ARM Code     240  strcmp.o(.text)
    Inline ARM to Thumb Veneer to _sys_exit  0x00000ea0   ARM Code       8  sys_exit.o(.text)
    _sys_exit                                0x00000ea9   Thumb Code     8  sys_exit.o(.text)
    __I$use$semihosting                      0x00000eb4   ARM Code       0  use_no_semi.o(.text)
    __use_no_semihosting_swi                 0x00000eb4   ARM Code       4  use_no_semi.o(.text)
    __aeabi_uidiv                            0x00000eb8   ARM Code       0  aeabi_sdiv.o(.text_udiv)
    __aeabi_uidivmod                         0x00000eb8   ARM Code      36  aeabi_sdiv.o(.text_udiv)
    __semihosting_library_function           0x00000eb8   ARM Code       0  indicate_semi.o(.text)
    Inline Thumb to ARM Veneer to _btod_d2e  0x00000edd   Thumb Code     4  btod.o(CL$$btod_d2e)
    _btod_d2e                                0x00000ee0   ARM Code      56  btod.o(CL$$btod_d2e)
    _d2e_denorm_low                          0x00000f18   ARM Code      84  btod.o(CL$$btod_d2e_denorm_low)
    _d2e_norm_op1                            0x00000f6c   ARM Code     104  btod.o(CL$$btod_d2e_norm_op1)
    __btod_div_common                        0x00000fd4   ARM Code     716  btod.o(CL$$btod_div_common)
    _e2e                                     0x00001320   ARM Code     244  btod.o(CL$$btod_e2e)
    Inline Thumb to ARM Veneer to _btod_ediv 0x00001415   Thumb Code     4  btod.o(CL$$btod_ediv)
    _btod_ediv                               0x00001418   ARM Code      56  btod.o(CL$$btod_ediv)
    Inline Thumb to ARM Veneer to _btod_emul 0x00001451   Thumb Code     4  btod.o(CL$$btod_emul)
    _btod_emul                               0x00001454   ARM Code      56  btod.o(CL$$btod_emul)
    __btod_mult_common                       0x0000148c   ARM Code     616  btod.o(CL$$btod_mult_common)
    Long ARM to Thumb Veneer to _printf_fp_dec_real 0x000016f4   ARM Code      12  anon$$obj.o(Veneer$$Code)
    BCD2DEC                                  0x00001700   ARM Code      28  rtc_driver.o(i.BCD2DEC)
    DEC2BCD                                  0x0000171c   ARM Code      52  rtc_driver.o(i.DEC2BCD)
    __ARM_common_call_via_r1                 0x00001751   Thumb Code     2  __printf.o(i.__ARM_common_call_via_r1)
    __ARM_common_call_via_r2                 0x00001753   Thumb Code     2  __printf.o(i.__ARM_common_call_via_r2)
    Inline Thumb to ARM Veneer to __ARM_fpclassify 0x00001755   Thumb Code     4  fpclassify.o(i.__ARM_fpclassify)
    __ARM_fpclassify                         0x00001758   ARM Code      48  fpclassify.o(i.__ARM_fpclassify)
    _is_digit                                0x00001789   Thumb Code    14  __printf_wp.o(i._is_digit)
    adc_init                                 0x00001798   ARM Code      36  adc_driver.o(i.adc_init)
    adc_read                                 0x000017c4   ARM Code     140  adc_driver.o(i.adc_read)
    delay_ms                                 0x00001854   ARM Code      72  delay.o(i.delay_ms)
    get_date                                 0x000018a4   ARM Code     112  rtc_driver.o(i.get_date)
    get_time                                 0x00001914   ARM Code     232  rtc_driver.o(i.get_time)
    i2c_init                                 0x000019fc   ARM Code      48  i2c_driver.o(i.i2c_init)
    i2c_read                                 0x00001a30   ARM Code     456  i2c_driver.o(i.i2c_read)
    i2c_write                                0x00001c24   ARM Code     348  i2c_driver.o(i.i2c_write)
    lcd_cmd                                  0x00001dc0   ARM Code     112  lcd_4bit_driver.o(i.lcd_cmd)
    lcd_data                                 0x00001e34   ARM Code     112  lcd_4bit_driver.o(i.lcd_data)
    lcd_enable                               0x00001ea8   ARM Code      44  lcd_4bit_driver.o(i.lcd_enable)
    lcd_init                                 0x00001ed8   ARM Code     100  lcd_4bit_driver.o(i.lcd_init)
    lcd_string                               0x00001f40   ARM Code      40  lcd_4bit_driver.o(i.lcd_string)
    main                                     0x00001f68   ARM Code     652  main.o(i.main)
    mcp3204_adc_read                         0x00002280   ARM Code     108  mcp3204_driver.o(i.mcp3204_adc_read)
    set_date                                 0x000022f0   ARM Code     128  rtc_driver.o(i.set_date)
    set_time                                 0x00002370   ARM Code     116  rtc_driver.o(i.set_time)
    spi0                                     0x000023e4   ARM Code      52  spi_driver.o(i.spi0)
    spi0_init                                0x0000241c   ARM Code      72  spi_driver.o(i.spi0_init)
    uart0_init                               0x00002468   ARM Code     124  uart_driver.o(i.uart0_init)
    uart0_string                             0x000024f4   ARM Code      44  uart_driver.o(i.uart0_string)
    uart0_tx                                 0x00002520   ARM Code      40  uart_driver.o(i.uart0_tx)
    Inline Thumb to ARM Veneer to _get_lc_numeric 0x0000254d   Thumb Code     4  lc_numeric_c.o(locale$$code)
    _get_lc_numeric                          0x00002550   ARM Code      80  lc_numeric_c.o(locale$$code)
    __aeabi_d2f                              0x000025a0   ARM Code       0  d2f.o(x$fpl$d2f)
    _d2f                                     0x000025a0   ARM Code     108  d2f.o(x$fpl$d2f)
    __aeabi_dadd                             0x0000260c   ARM Code       0  daddsub_noclz.o(x$fpl$dadd)
    _dadd                                    0x0000260c   ARM Code     336  daddsub_noclz.o(x$fpl$dadd)
    __aeabi_ddiv                             0x00002760   ARM Code       0  ddiv.o(x$fpl$ddiv)
    _ddiv                                    0x00002760   ARM Code     600  ddiv.o(x$fpl$ddiv)
    __aeabi_d2uiz                            0x00002a40   ARM Code       0  dfixu.o(x$fpl$dfixu)
    _dfixu                                   0x00002a40   ARM Code     112  dfixu.o(x$fpl$dfixu)
    __aeabi_i2d                              0x00002ab0   ARM Code       0  dflt_noclz.o(x$fpl$dflt)
    _dflt                                    0x00002ab0   ARM Code      88  dflt_noclz.o(x$fpl$dflt)
    __dflt_normalise                         0x00002ac0   ARM Code       0  dflt_noclz.o(x$fpl$dflt)
    __aeabi_ui2d                             0x00002b08   ARM Code       0  dflt_noclz.o(x$fpl$dfltu)
    _dfltu                                   0x00002b08   ARM Code      12  dflt_noclz.o(x$fpl$dfltu)
    __aeabi_dmul                             0x00002b14   ARM Code       0  dmul.o(x$fpl$dmul)
    _dmul                                    0x00002b14   ARM Code     372  dmul.o(x$fpl$dmul)
    __fpl_dnaninf                            0x00002c94   ARM Code     192  dnaninf.o(x$fpl$dnaninf)
    __fpl_dretinf                            0x00002d54   ARM Code      16  dretinf.o(x$fpl$dretinf)
    __aeabi_dsub                             0x00002d64   ARM Code       0  daddsub_noclz.o(x$fpl$dsub)
    _dsub                                    0x00002d64   ARM Code     576  daddsub_noclz.o(x$fpl$dsub)
    __aeabi_f2d                              0x00002fa8   ARM Code       0  f2d.o(x$fpl$f2d)
    _f2d                                     0x00002fa8   ARM Code     100  f2d.o(x$fpl$f2d)
    __aeabi_i2f                              0x0000300c   ARM Code       0  fflt_noclz.o(x$fpl$fflt)
    _fflt                                    0x0000300c   ARM Code      92  fflt_noclz.o(x$fpl$fflt)
    __fflt_normalise                         0x00003018   ARM Code       0  fflt_noclz.o(x$fpl$fflt)
    __aeabi_ui2f                             0x00003068   ARM Code       0  fflt_noclz.o(x$fpl$ffltu)
    _ffltu                                   0x00003068   ARM Code       8  fflt_noclz.o(x$fpl$ffltu)
    __fpl_fnaninf                            0x00003070   ARM Code     168  fnaninf.o(x$fpl$fnaninf)
    __fpl_fretinf                            0x00003118   ARM Code      16  fretinf.o(x$fpl$fretinf)
    Inline Thumb to ARM Veneer to __ieee_status 0x00003129   Thumb Code     4  istatus.o(x$fpl$ieeestatus)
    __ieee_status                            0x0000312c   ARM Code       8  istatus.o(x$fpl$ieeestatus)
    _printf_fp_dec                           0x00003134   ARM Code       4  printf1.o(x$fpl$printf1)
    __I$use$fp                               0x00003138   Number         0  usenofp.o(x$fpl$usenofp)
    Region$$Table$$Base                      0x00003260   Number         0  anon$$obj.o(Region$$Table)
    Region$$Table$$Limit                     0x00003280   Number         0  anon$$obj.o(Region$$Table)
    day                                      0x40000000   Data          32  main.o(.data)
    buf                                      0x40000020   Data          50  main.o(.bss)
    __libspace_start                         0x40000054   Data          96  libspace.o(.bss)
    __temporary_stack_top$libspace           0x400000b4   Data           0  libspace.o(.bss)



==============================================================================

Memory Map of the image

  Image Entry point : 0x00000000

  Load Region LR_1 (Base: 0x00000000, Size: 0x000032bc, Max: 0xffffffff, ABSOLUTE)

    Execution Region ER_RO (Exec base: 0x00000000, Load base: 0x00000000, Size: 0x0000329c, Max: 0xffffffff, ABSOLUTE)

    Exec Addr    Load Addr    Size         Type   Attr      Idx    E Section Name        Object

    0x00000000   0x00000000   0x00000008   Code   RO          359  * !!!main             c_t.l(__main.o)
    0x00000008   0x00000008   0x0000003c   Code   RO          639    !!!scatter          c_t.l(__scatter.o)
    0x00000044   0x00000044   0x00000028   Code   RO          641    !!handler_copy      c_t.l(__scatter_copy.o)
    0x0000006c   0x0000006c   0x0000002c   Code   RO          643    !!handler_zi        c_t.l(__scatter_zi.o)
    0x00000098   0x00000098   0x00000004   Ven    RO          340    .ARM.Collect$$_printf_percent$$00000000  c_t.l(_printf_percent.o)
    0x0000009c   0x0000009c   0x00000000   Code   RO          340    .ARM.Collect$$_printf_percent$$00000000  c_t.l(_printf_percent.o)
    0x0000009c   0x0000009c   0x00000008   Code   RO          339    .ARM.Collect$$_printf_percent$$00000003  c_t.l(_printf_f.o)
    0x000000a4   0x000000a4   0x00000008   Code   RO          338    .ARM.Collect$$_printf_percent$$00000009  c_t.l(_printf_d.o)
    0x000000ac   0x000000ac   0x00000008   Code   RO          337    .ARM.Collect$$_printf_percent$$00000014  c_t.l(_printf_s.o)
    0x000000b4   0x000000b4   0x00000008   Code   RO          418    .ARM.Collect$$_printf_percent$$00000017  c_t.l(_printf_percent_end.o)
    0x000000bc   0x000000bc   0x00000008   Ven    RO          512    .ARM.Collect$$libinit$$00000000  c_t.l(libinit.o)
    0x000000c4   0x000000c4   0x00000002   Code   RO          512    .ARM.Collect$$libinit$$00000000  c_t.l(libinit.o)
    0x000000c6   0x000000c6   0x00000000   Code   RO          514    .ARM.Collect$$libinit$$00000002  c_t.l(libinit2.o)
    0x000000c6   0x000000c6   0x00000000   Code   RO          516    .ARM.Collect$$libinit$$00000004  c_t.l(libinit2.o)
    0x000000c6   0x000000c6   0x00000000   Code   RO          519    .ARM.Collect$$libinit$$0000000A  c_t.l(libinit2.o)
    0x000000c6   0x000000c6   0x00000000   Code   RO          521    .ARM.Collect$$libinit$$0000000C  c_t.l(libinit2.o)
    0x000000c6   0x000000c6   0x00000000   Code   RO          523    .ARM.Collect$$libinit$$0000000E  c_t.l(libinit2.o)
    0x000000c6   0x000000c6   0x00000006   Code   RO          524    .ARM.Collect$$libinit$$0000000F  c_t.l(libinit2.o)
    0x000000cc   0x000000cc   0x00000000   Code   RO          526    .ARM.Collect$$libinit$$00000011  c_t.l(libinit2.o)
    0x000000cc   0x000000cc   0x00000000   Code   RO          528    .ARM.Collect$$libinit$$00000013  c_t.l(libinit2.o)
    0x000000cc   0x000000cc   0x00000000   Code   RO          530    .ARM.Collect$$libinit$$00000015  c_t.l(libinit2.o)
    0x000000cc   0x000000cc   0x0000000a   Code   RO          531    .ARM.Collect$$libinit$$00000016  c_t.l(libinit2.o)
    0x000000d6   0x000000d6   0x00000000   Code   RO          532    .ARM.Collect$$libinit$$00000017  c_t.l(libinit2.o)
    0x000000d6   0x000000d6   0x00000000   Code   RO          534    .ARM.Collect$$libinit$$00000019  c_t.l(libinit2.o)
    0x000000d6   0x000000d6   0x00000000   Code   RO          536    .ARM.Collect$$libinit$$0000001B  c_t.l(libinit2.o)
    0x000000d6   0x000000d6   0x00000000   Code   RO          538    .ARM.Collect$$libinit$$0000001D  c_t.l(libinit2.o)
    0x000000d6   0x000000d6   0x00000000   Code   RO          540    .ARM.Collect$$libinit$$0000001F  c_t.l(libinit2.o)
    0x000000d6   0x000000d6   0x00000000   Code   RO          542    .ARM.Collect$$libinit$$00000021  c_t.l(libinit2.o)
    0x000000d6   0x000000d6   0x00000000   Code   RO          544    .ARM.Collect$$libinit$$00000023  c_t.l(libinit2.o)
    0x000000d6   0x000000d6   0x00000000   Code   RO          546    .ARM.Collect$$libinit$$00000025  c_t.l(libinit2.o)
    0x000000d6   0x000000d6   0x00000000   Code   RO          550    .ARM.Collect$$libinit$$0000002C  c_t.l(libinit2.o)
    0x000000d6   0x000000d6   0x00000000   Code   RO          552    .ARM.Collect$$libinit$$0000002E  c_t.l(libinit2.o)
    0x000000d6   0x000000d6   0x00000000   Code   RO          554    .ARM.Collect$$libinit$$00000030  c_t.l(libinit2.o)
    0x000000d6   0x000000d6   0x00000000   Code   RO          556    .ARM.Collect$$libinit$$00000032  c_t.l(libinit2.o)
    0x000000d6   0x000000d6   0x0000000c   Code   RO          557    .ARM.Collect$$libinit$$00000033  c_t.l(libinit2.o)
    0x000000e2   0x000000e2   0x00000002   PAD
    0x000000e4   0x000000e4   0x00000008   Ven    RO          604    .ARM.Collect$$libshutdown$$00000000  c_t.l(libshutdown.o)
    0x000000ec   0x000000ec   0x00000004   Code   RO          604    .ARM.Collect$$libshutdown$$00000000  c_t.l(libshutdown.o)
    0x000000f0   0x000000f0   0x00000000   Code   RO          622    .ARM.Collect$$libshutdown$$00000002  c_t.l(libshutdown2.o)
    0x000000f0   0x000000f0   0x00000000   Code   RO          624    .ARM.Collect$$libshutdown$$00000004  c_t.l(libshutdown2.o)
    0x000000f0   0x000000f0   0x00000000   Code   RO          627    .ARM.Collect$$libshutdown$$00000007  c_t.l(libshutdown2.o)
    0x000000f0   0x000000f0   0x00000000   Code   RO          630    .ARM.Collect$$libshutdown$$0000000A  c_t.l(libshutdown2.o)
    0x000000f0   0x000000f0   0x00000000   Code   RO          632    .ARM.Collect$$libshutdown$$0000000C  c_t.l(libshutdown2.o)
    0x000000f0   0x000000f0   0x00000000   Code   RO          635    .ARM.Collect$$libshutdown$$0000000F  c_t.l(libshutdown2.o)
    0x000000f0   0x000000f0   0x00000006   Code   RO          636    .ARM.Collect$$libshutdown$$00000010  c_t.l(libshutdown2.o)
    0x000000f6   0x000000f6   0x00000002   PAD
    0x000000f8   0x000000f8   0x00000000   Code   RO          403    .ARM.Collect$$rtentry$$00000000  c_t.l(__rtentry.o)
    0x000000f8   0x000000f8   0x00000000   Code   RO          431    .ARM.Collect$$rtentry$$00000002  c_t.l(__rtentry2.o)
    0x000000f8   0x000000f8   0x00000008   Code   RO          443    .ARM.Collect$$rtentry$$00000004  c_t.l(__rtentry4.o)
    0x00000100   0x00000100   0x00000000   Code   RO          433    .ARM.Collect$$rtentry$$00000009  c_t.l(__rtentry2.o)
    0x00000100   0x00000100   0x00000004   Code   RO          434    .ARM.Collect$$rtentry$$0000000A  c_t.l(__rtentry2.o)
    0x00000104   0x00000104   0x00000000   Code   RO          436    .ARM.Collect$$rtentry$$0000000C  c_t.l(__rtentry2.o)
    0x00000104   0x00000104   0x00000028   Code   RO          437    .ARM.Collect$$rtentry$$0000000D  c_t.l(__rtentry2.o)
    0x0000012c   0x0000012c   0x00000004   Ven    RO          558    .ARM.Collect$$rtexit$$00000000  c_t.l(rtexit.o)
    0x00000130   0x00000130   0x00000004   Code   RO          558    .ARM.Collect$$rtexit$$00000000  c_t.l(rtexit.o)
    0x00000134   0x00000134   0x00000000   Code   RO          573    .ARM.Collect$$rtexit$$00000002  c_t.l(rtexit2.o)
    0x00000134   0x00000134   0x00000004   Code   RO          574    .ARM.Collect$$rtexit$$00000003  c_t.l(rtexit2.o)
    0x00000138   0x00000138   0x00000008   Code   RO          575    .ARM.Collect$$rtexit$$00000004  c_t.l(rtexit2.o)
    0x00000140   0x00000140   0x00000020   Code   RO            4    .text               startup.o
    0x00000160   0x00000160   0x00000008   Ven    RO          303    .text               c_t.l(noretval__2sprintf.o)
    0x00000168   0x00000168   0x00000028   Code   RO          303    .text               c_t.l(noretval__2sprintf.o)
    0x00000190   0x00000190   0x00000056   Code   RO          311    .text               c_t.l(_printf_pad.o)
    0x000001e6   0x000001e6   0x00000058   Code   RO          313    .text               c_t.l(_printf_str.o)
    0x0000023e   0x0000023e   0x00000002   PAD
    0x00000240   0x00000240   0x00000008   Ven    RO          315    .text               c_t.l(_printf_dec.o)
    0x00000248   0x00000248   0x00000070   Code   RO          315    .text               c_t.l(_printf_dec.o)
    0x000002b8   0x000002b8   0x00000148   Code   RO          329    .text               c_t.l(__printf_flags_wp.o)
    0x00000400   0x00000400   0x00000004   Ven    RO          341    .text               c_t.l(aeabi_sdiv.o)
    0x00000404   0x00000404   0x00000180   Code   RO          341    .text               c_t.l(aeabi_sdiv.o)
    0x00000584   0x00000584   0x00000006   Code   RO          357    .text               c_t.l(heapauxi.o)
    0x0000058a   0x0000058a   0x000000ba   Code   RO          408    .text               c_t.l(_printf_intcommon.o)
    0x00000644   0x00000644   0x00000420   Code   RO          410    .text               c_t.l(_printf_fp_dec.o)
    0x00000a64   0x00000a64   0x00000030   Code   RO          412    .text               c_t.l(_printf_char_common.o)
    0x00000a94   0x00000a94   0x0000000a   Code   RO          414    .text               c_t.l(_sputc.o)
    0x00000a9e   0x00000a9e   0x00000002   PAD
    0x00000aa0   0x00000aa0   0x00000008   Ven    RO          416    .text               c_t.l(_printf_char.o)
    0x00000aa8   0x00000aa8   0x00000032   Code   RO          416    .text               c_t.l(_printf_char.o)
    0x00000ada   0x00000ada   0x00000002   PAD
    0x00000adc   0x00000adc   0x00000004   Ven    RO          419    .text               c_t.l(rtudiv10.o)
    0x00000ae0   0x00000ae0   0x0000002c   Code   RO          419    .text               c_t.l(rtudiv10.o)
    0x00000b0c   0x00000b0c   0x00000004   Ven    RO          450    .text               c_t.l(rt_locale_intlibspace.o)
    0x00000b10   0x00000b10   0x0000000c   Code   RO          450    .text               c_t.l(rt_locale_intlibspace.o)
    0x00000b1c   0x00000b1c   0x00000004   Ven    RO          452    .text               c_t.l(lludiv10.o)
    0x00000b20   0x00000b20   0x000000a0   Code   RO          452    .text               c_t.l(lludiv10.o)
    0x00000bc0   0x00000bc0   0x00000090   Code   RO          454    .text               c_t.l(_printf_fp_infnan.o)
    0x00000c50   0x00000c50   0x000000dc   Code   RO          462    .text               c_t.l(bigflt0.o)
    0x00000d2c   0x00000d2c   0x0000000c   Code   RO          494    .text               c_t.l(libspace.o)
    0x00000d38   0x00000d38   0x00000060   Code   RO          497    .text               c_t.l(sys_stackheap_outer.o)
    0x00000d98   0x00000d98   0x00000014   Code   RO          499    .text               c_t.l(exit.o)
    0x00000dac   0x00000dac   0x000000f4   Code   RO          505    .text               c_t.l(strcmp.o)
    0x00000ea0   0x00000ea0   0x00000008   Ven    RO          570    .text               c_t.l(sys_exit.o)
    0x00000ea8   0x00000ea8   0x0000000c   Code   RO          570    .text               c_t.l(sys_exit.o)
    0x00000eb4   0x00000eb4   0x00000004   Code   RO          591    .text               c_t.l(use_no_semi.o)
    0x00000eb8   0x00000eb8   0x00000000   Code   RO          593    .text               c_t.l(indicate_semi.o)
    0x00000eb8   0x00000eb8   0x00000024   Code   RO          342    .text_udiv          c_t.l(aeabi_sdiv.o)
    0x00000edc   0x00000edc   0x00000004   Ven    RO          465    CL$$btod_d2e        c_t.l(btod.o)
    0x00000ee0   0x00000ee0   0x00000038   Code   RO          465    CL$$btod_d2e        c_t.l(btod.o)
    0x00000f18   0x00000f18   0x00000054   Code   RO          467    CL$$btod_d2e_denorm_low  c_t.l(btod.o)
    0x00000f6c   0x00000f6c   0x00000068   Code   RO          466    CL$$btod_d2e_norm_op1  c_t.l(btod.o)
    0x00000fd4   0x00000fd4   0x0000034c   Code   RO          475    CL$$btod_div_common  c_t.l(btod.o)
    0x00001320   0x00001320   0x000000f4   Code   RO          472    CL$$btod_e2e        c_t.l(btod.o)
    0x00001414   0x00001414   0x00000004   Ven    RO          469    CL$$btod_ediv       c_t.l(btod.o)
    0x00001418   0x00001418   0x00000038   Code   RO          469    CL$$btod_ediv       c_t.l(btod.o)
    0x00001450   0x00001450   0x00000004   Ven    RO          468    CL$$btod_emul       c_t.l(btod.o)
    0x00001454   0x00001454   0x00000038   Code   RO          468    CL$$btod_emul       c_t.l(btod.o)
    0x0000148c   0x0000148c   0x00000268   Code   RO          474    CL$$btod_mult_common  c_t.l(btod.o)
    0x000016f4   0x000016f4   0x0000000c   Ven    RO          663    Veneer$$Code        anon$$obj.o
    0x00001700   0x00001700   0x0000001c   Code   RO          245    i.BCD2DEC           rtc_driver.o
    0x0000171c   0x0000171c   0x00000034   Code   RO          246    i.DEC2BCD           rtc_driver.o
    0x00001750   0x00001750   0x00000002   Code   RO          309    i.__ARM_common_call_via_r1  c_t.l(__printf.o)
    0x00001752   0x00001752   0x00000002   Code   RO          307    i.__ARM_common_call_via_r2  c_t.l(__printf.o)
    0x00001754   0x00001754   0x00000004   Ven    RO          492    i.__ARM_fpclassify  m_ts.l(fpclassify.o)
    0x00001758   0x00001758   0x00000030   Code   RO          492    i.__ARM_fpclassify  m_ts.l(fpclassify.o)
    0x00001788   0x00001788   0x0000000e   Code   RO          327    i._is_digit         c_t.l(__printf_wp.o)
    0x00001796   0x00001796   0x00000002   PAD
    0x00001798   0x00001798   0x0000002c   Code   RO          222    i.adc_init          adc_driver.o
    0x000017c4   0x000017c4   0x00000090   Code   RO          223    i.adc_read          adc_driver.o
    0x00001854   0x00001854   0x00000050   Code   RO          287    i.delay_ms          delay.o
    0x000018a4   0x000018a4   0x00000070   Code   RO          247    i.get_date          rtc_driver.o
    0x00001914   0x00001914   0x000000e8   Code   RO          248    i.get_time          rtc_driver.o
    0x000019fc   0x000019fc   0x00000034   Code   RO           67    i.i2c_init          i2c_driver.o
    0x00001a30   0x00001a30   0x000001f4   Code   RO           68    i.i2c_read          i2c_driver.o
    0x00001c24   0x00001c24   0x0000019c   Code   RO           69    i.i2c_write         i2c_driver.o
    0x00001dc0   0x00001dc0   0x00000074   Code   RO          146    i.lcd_cmd           lcd_4bit_driver.o
    0x00001e34   0x00001e34   0x00000074   Code   RO          147    i.lcd_data          lcd_4bit_driver.o
    0x00001ea8   0x00001ea8   0x00000030   Code   RO          148    i.lcd_enable        lcd_4bit_driver.o
    0x00001ed8   0x00001ed8   0x00000068   Code   RO          150    i.lcd_init          lcd_4bit_driver.o
    0x00001f40   0x00001f40   0x00000028   Code   RO          153    i.lcd_string        lcd_4bit_driver.o
    0x00001f68   0x00001f68   0x00000318   Code   RO          109    i.main              main.o
    0x00002280   0x00002280   0x00000070   Code   RO          131    i.mcp3204_adc_read  mcp3204_driver.o
    0x000022f0   0x000022f0   0x00000080   Code   RO          249    i.set_date          rtc_driver.o
    0x00002370   0x00002370   0x00000074   Code   RO          250    i.set_time          rtc_driver.o
    0x000023e4   0x000023e4   0x00000038   Code   RO           91    i.spi0              spi_driver.o
    0x0000241c   0x0000241c   0x0000004c   Code   RO           92    i.spi0_init         spi_driver.o
    0x00002468   0x00002468   0x0000008c   Code   RO           12    i.uart0_init        uart_driver.o
    0x000024f4   0x000024f4   0x0000002c   Code   RO           16    i.uart0_string      uart_driver.o
    0x00002520   0x00002520   0x0000002c   Code   RO           17    i.uart0_tx          uart_driver.o
    0x0000254c   0x0000254c   0x00000004   Ven    RO          488    locale$$code        c_t.l(lc_numeric_c.o)
    0x00002550   0x00002550   0x00000050   Code   RO          488    locale$$code        c_t.l(lc_numeric_c.o)
    0x000025a0   0x000025a0   0x0000006c   Code   RO          361    x$fpl$d2f           fz_ts.l(d2f.o)
    0x0000260c   0x0000260c   0x00000154   Code   RO          363    x$fpl$dadd          fz_ts.l(daddsub_noclz.o)
    0x00002760   0x00002760   0x000002e0   Code   RO          370    x$fpl$ddiv          fz_ts.l(ddiv.o)
    0x00002a40   0x00002a40   0x00000070   Code   RO          373    x$fpl$dfixu         fz_ts.l(dfixu.o)
    0x00002ab0   0x00002ab0   0x00000058   Code   RO          378    x$fpl$dflt          fz_ts.l(dflt_noclz.o)
    0x00002b08   0x00002b08   0x0000000c   Code   RO          377    x$fpl$dfltu         fz_ts.l(dflt_noclz.o)
    0x00002b14   0x00002b14   0x00000180   Code   RO          381    x$fpl$dmul          fz_ts.l(dmul.o)
    0x00002c94   0x00002c94   0x000000c0   Code   RO          421    x$fpl$dnaninf       fz_ts.l(dnaninf.o)
    0x00002d54   0x00002d54   0x00000010   Code   RO          423    x$fpl$dretinf       fz_ts.l(dretinf.o)
    0x00002d64   0x00002d64   0x00000244   Code   RO          365    x$fpl$dsub          fz_ts.l(daddsub_noclz.o)
    0x00002fa8   0x00002fa8   0x00000064   Code   RO          383    x$fpl$f2d           fz_ts.l(f2d.o)
    0x0000300c   0x0000300c   0x0000005c   Code   RO          396    x$fpl$fflt          fz_ts.l(fflt_noclz.o)
    0x00003068   0x00003068   0x00000008   Code   RO          395    x$fpl$ffltu         fz_ts.l(fflt_noclz.o)
    0x00003070   0x00003070   0x000000a8   Code   RO          425    x$fpl$fnaninf       fz_ts.l(fnaninf.o)
    0x00003118   0x00003118   0x00000010   Code   RO          427    x$fpl$fretinf       fz_ts.l(fretinf.o)
    0x00003128   0x00003128   0x00000004   Ven    RO          490    x$fpl$ieeestatus    fz_ts.l(istatus.o)
    0x0000312c   0x0000312c   0x00000008   Code   RO          490    x$fpl$ieeestatus    fz_ts.l(istatus.o)
    0x00003134   0x00003134   0x00000004   Code   RO          401    x$fpl$printf1       fz_ts.l(printf1.o)
    0x00003138   0x00003138   0x00000000   Code   RO          429    x$fpl$usenofp       fz_ts.l(usenofp.o)
    0x00003138   0x00003138   0x0000000c   Data   RO           18    .constdata          uart_driver.o
    0x00003144   0x00003144   0x00000008   Data   RO          111    .constdata          main.o
    0x0000314c   0x0000314c   0x00000011   Data   RO          330    .constdata          c_t.l(__printf_flags_wp.o)
    0x0000315d   0x0000315d   0x00000003   PAD
    0x00003160   0x00003160   0x00000094   Data   RO          463    .constdata          c_t.l(bigflt0.o)
    0x000031f4   0x000031f4   0x00000069   Data   RO          112    .conststring        main.o
    0x0000325d   0x0000325d   0x00000003   PAD
    0x00003260   0x00003260   0x00000020   Data   RO          637    Region$$Table       anon$$obj.o
    0x00003280   0x00003280   0x0000001c   Data   RO          487    locale$$data        c_t.l(lc_numeric_c.o)


    Execution Region ER_RW (Exec base: 0x40000000, Load base: 0x0000329c, Size: 0x00000020, Max: 0xffffffff, ABSOLUTE)

    Exec Addr    Load Addr    Size         Type   Attr      Idx    E Section Name        Object

    0x40000000   0x0000329c   0x00000020   Data   RW          113    .data               main.o


    Execution Region ER_ZI (Exec base: 0x40000020, Load base: 0x000032bc, Size: 0x00000520, Max: 0xffffffff, ABSOLUTE)

    Exec Addr    Load Addr    Size         Type   Attr      Idx    E Section Name        Object

    0x40000020        -       0x00000032   Zero   RW          110    .bss                main.o
    0x40000052   0x000032bc   0x00000002   PAD
    0x40000054        -       0x00000060   Zero   RW          495    .bss                c_t.l(libspace.o)
    0x400000b4   0x000032bc   0x00000004   PAD
    0x400000b8        -       0x00000000   Zero   RW            2    HEAP                startup.o
    0x400000b8        -       0x00000488   Zero   RW            1    STACK               startup.o


==============================================================================

Image component sizes


      Code (inc. data)   RO Data    RW Data    ZI Data      Debug   Object Name

       188         12          0          0          0        822   adc_driver.o
        80          8          0          0          0        403   delay.o
       964        112          0          0          0       1686   i2c_driver.o
       424         16          0          0          0       2854   lcd_4bit_driver.o
       792        140        113         32         50       1569   main.o
       112          4          0          0          0        567   mcp3204_driver.o
       668          0          0          0          0       3432   rtc_driver.o
       132          8          0          0          0        783   spi_driver.o
        32         12          0          0       1160        216   startup.o
       228         20         12          0          0       3723   uart_driver.o

    ----------------------------------------------------------------------
      3632        336        160         32       1212      16055   Object Totals
        12          4         32          0          0          0   (incl. Generated)
         0          0          3          0          2          0   (incl. Padding)

    ----------------------------------------------------------------------

      Code (inc. data)   RO Data    RW Data    ZI Data      Debug   Library Member Name

         8          0          0          0          0         68   __main.o
         4          0          0          0          0        120   __printf.o
       328          6         17          0          0         92   __printf_flags_wp.o
        14          0          0          0          0         60   __printf_wp.o
         0          0          0          0          0          0   __rtentry.o
        44          4          0          0          0          0   __rtentry2.o
         8          0          0          0          0          0   __rtentry4.o
        60          8          0          0          0          0   __scatter.o
        40          0          0          0          0          0   __scatter_copy.o
        44          0          0          0          0          0   __scatter_zi.o
        58          0          0          0          0        112   _printf_char.o
        48          4          0          0          0         96   _printf_char_common.o
         8          0          0          0          0          0   _printf_d.o
       120         18          0          0          0         88   _printf_dec.o
         8          0          0          0          0          0   _printf_f.o
      1056         12          0          0          0        188   _printf_fp_dec.o
       144         16          0          0          0         88   _printf_fp_infnan.o
       186          0          0          0          0         96   _printf_intcommon.o
        86          0          0          0          0        116   _printf_pad.o
         4          0          0          0          0          0   _printf_percent.o
         8          0          0          0          0          0   _printf_percent_end.o
         8          0          0          0          0          0   _printf_s.o
        88          0          0          0          0         84   _printf_str.o
        10          0          0          0          0         60   _sputc.o
       424          0          0          0          0        148   aeabi_sdiv.o
       220          6        148          0          0         96   bigflt0.o
      2072        128          0          0          0        700   btod.o
        20          0          0          0          0         80   exit.o
         6          0          0          0          0        136   heapauxi.o
         0          0          0          0          0          0   indicate_semi.o
        84          8         28          0          0         92   lc_numeric_c.o
        10          0          0          0          0          0   libinit.o
        28          0          0          0          0          0   libinit2.o
        12          0          0          0          0          0   libshutdown.o
         6          0          0          0          0          0   libshutdown2.o
        12          4          0          0         96         68   libspace.o
       164          0          0          0          0         96   lludiv10.o
        48          4          0          0          0         84   noretval__2sprintf.o
        16          4          0          0          0         68   rt_locale_intlibspace.o
         8          0          0          0          0          0   rtexit.o
        12          0          0          0          0          0   rtexit2.o
        48          0          0          0          0         68   rtudiv10.o
       244          4          0          0          0         80   strcmp.o
        20          4          0          0          0         60   sys_exit.o
        96          0          0          0          0         80   sys_stackheap_outer.o
         4          0          0          0          0         68   use_no_semi.o
       108          4          0          0          0         92   d2f.o
       920         16          0          0          0        292   daddsub_noclz.o
       736        140          0          0          0        228   ddiv.o
       112          4          0          0          0         92   dfixu.o
       100          0          0          0          0        136   dflt_noclz.o
       384         16          0          0          0        124   dmul.o
       192          0          0          0          0        108   dnaninf.o
        16          0          0          0          0         68   dretinf.o
       100          4          0          0          0         84   f2d.o
       100          0          0          0          0        136   fflt_noclz.o
       168          0          0          0          0         96   fnaninf.o
        16          0          0          0          0         68   fretinf.o
        12          0          0          0          0         68   istatus.o
         4          0          0          0          0         68   printf1.o
         0          0          0          0          0          0   usenofp.o
        52          0          0          0          0         68   fpclassify.o

    ----------------------------------------------------------------------
      8968        414        196          0        100       4920   Library Totals
        12          0          3          0          4          0   (incl. Padding)

    ----------------------------------------------------------------------

      Code (inc. data)   RO Data    RW Data    ZI Data      Debug   Library Name

      5936        230        193          0         96       3192   c_t.l
      2968        184          0          0          0       1660   fz_ts.l
        52          0          0          0          0         68   m_ts.l

    ----------------------------------------------------------------------
      8968        414        196          0        100       4920   Library Totals

    ----------------------------------------------------------------------

==============================================================================


      Code (inc. data)   RO Data    RW Data    ZI Data      Debug   

     12600        750        356         32       1312      17423   Grand Totals
     12600        750        356         32       1312      17423   ELF Image Totals
     12600        750        356         32          0          0   ROM Totals

==============================================================================

    Total RO  Size (Code + RO Data)                12956 (  12.65kB)
    Total RW  Size (RW Data + ZI Data)              1344 (   1.31kB)
    Total ROM Size (Code + RO Data + RW Data)      12988 (  12.68kB)

==============================================================================

