Component: ARM Compiler 5.06 update 6 (build 750) Tool: armlink [4d35ed]

==============================================================================

Section Cross References

    startup.o(STACK) refers (Special) to heapauxi.o(.text) for __use_two_region_memory
    startup.o(HEAP) refers (Special) to heapauxi.o(.text) for __use_two_region_memory
    startup.o(RESET) refers (Special) to heapauxi.o(.text) for __use_two_region_memory
    startup.o(RESET) refers to hal_arm.o(.emb_text) for SWI_Handler
    startup.o(RESET) refers to startup.o(STACK) for Stack_Top
    startup.o(RESET) refers to __main.o(!!!main) for __main
    startup.o(.text) refers (Special) to heapauxi.o(.text) for __use_two_region_memory
    startup.o(.text) refers to startup.o(HEAP) for Heap_Mem
    startup.o(.text) refers to startup.o(STACK) for Stack_Mem
    uart_driver.o(i.uart0_bin) refers to uart_driver.o(i.uart0_tx) for uart0_tx
    uart_driver.o(i.uart0_init) refers to aeabi_sdiv.o(.text_udiv) for __aeabi_uidivmod
    uart_driver.o(i.uart0_init) refers to uart_driver.o(.constdata) for .constdata
    uart_driver.o(i.uart0_integer) refers to uart_driver.o(i.uart0_tx) for uart0_tx
    uart_driver.o(i.uart0_integer) refers to aeabi_sdiv.o(.text) for __aeabi_idivmod
    uart_driver.o(i.uart0_string) refers to uart_driver.o(i.uart0_tx) for uart0_tx
    i2c_driver.o(i.i2c_read) refers to uart_driver.o(i.uart0_string) for uart0_string
    i2c_driver.o(i.i2c_read) refers to delay.o(i.delay_ms) for delay_ms
    i2c_driver.o(i.i2c_write) refers to uart_driver.o(i.uart0_string) for uart0_string
    i2c_driver.o(i.i2c_write) refers to delay.o(i.delay_ms) for delay_ms
    main.o(i.main) refers to hal_arm.o(.emb_text) for os_sys_init0
    main.o(i.main) refers to main.o(i.task_init) for task_init
    main.o(i.task_adc) refers to adc_driver.o(i.adc_read) for adc_read
    main.o(i.task_adc) refers to fflt_noclz.o(x$fpl$ffltu) for __aeabi_ui2f
    main.o(i.task_adc) refers to fmul.o(x$fpl$fmul) for __aeabi_fmul
    main.o(i.task_adc) refers to fdiv.o(x$fpl$fdiv) for __aeabi_fdiv
    main.o(i.task_adc) refers to faddsub_noclz.o(x$fpl$fsub) for __aeabi_fsub
    main.o(i.task_adc) refers to rt_mutex.o(i.os_mut_wait) for os_mut_wait
    main.o(i.task_adc) refers to rt_mutex.o(i.os_mut_release) for os_mut_release
    main.o(i.task_adc) refers to rt_time.o(i.os_dly_wait) for os_dly_wait
    main.o(i.task_adc) refers to main.o(.bss) for g_data_mutex
    main.o(i.task_init) refers to i2c_driver.o(i.i2c_init) for i2c_init
    main.o(i.task_init) refers to lcd_4bit_driver.o(i.lcd_init) for lcd_init
    main.o(i.task_init) refers to adc_driver.o(i.adc_init) for adc_init
    main.o(i.task_init) refers to spi_driver.o(i.spi0_init) for spi0_init
    main.o(i.task_init) refers to uart_driver.o(i.uart0_init) for uart0_init
    main.o(i.task_init) refers to rtc_driver.o(i.set_time) for set_time
    main.o(i.task_init) refers to rtc_driver.o(i.set_date) for set_date
    main.o(i.task_init) refers to rt_memclr_w.o(.text) for __aeabi_memclr4
    main.o(i.task_init) refers to rt_mutex.o(i.os_mut_init) for os_mut_init
    main.o(i.task_init) refers to rt_mutex.o(i.os_mut_wait) for os_mut_wait
    main.o(i.task_init) refers to lcd_4bit_driver.o(i.lcd_cmd) for lcd_cmd
    main.o(i.task_init) refers to lcd_4bit_driver.o(i.lcd_string) for lcd_string
    main.o(i.task_init) refers to rt_mutex.o(i.os_mut_release) for os_mut_release
    main.o(i.task_init) refers to delay.o(i.delay_ms) for delay_ms
    main.o(i.task_init) refers to rt_task.o(i.os_tsk_create0) for os_tsk_create0
    main.o(i.task_init) refers to rt_task.o(i.os_tsk_delete) for os_tsk_delete
    main.o(i.task_init) refers to main.o(.constdata) for .constdata
    main.o(i.task_init) refers to main.o(.bss) for g_data
    main.o(i.task_init) refers to main.o(i.task_rtc) for task_rtc
    main.o(i.task_init) refers to main.o(i.task_adc) for task_adc
    main.o(i.task_init) refers to main.o(i.task_ldr) for task_ldr
    main.o(i.task_init) refers to main.o(i.task_lcd) for task_lcd
    main.o(i.task_init) refers to main.o(i.task_uart) for task_uart
    main.o(i.task_lcd) refers to _printf_pad.o(.text) for _printf_pre_padding
    main.o(i.task_lcd) refers to _printf_percent.o(.ARM.Collect$$_printf_percent$$00000000) for _printf_percent
    main.o(i.task_lcd) refers to _printf_d.o(.ARM.Collect$$_printf_percent$$00000009) for _printf_d
    main.o(i.task_lcd) refers to _printf_s.o(.ARM.Collect$$_printf_percent$$00000014) for _printf_s
    main.o(i.task_lcd) refers to _printf_dec.o(.text) for _printf_int_dec
    main.o(i.task_lcd) refers to _printf_str.o(.text) for _printf_str
    main.o(i.task_lcd) refers to _printf_f.o(.ARM.Collect$$_printf_percent$$00000003) for _printf_f
    main.o(i.task_lcd) refers to printf1.o(x$fpl$printf1) for _printf_fp_dec
    main.o(i.task_lcd) refers to rt_mutex.o(i.os_mut_wait) for os_mut_wait
    main.o(i.task_lcd) refers to rt_memcpy_w.o(.text) for __aeabi_memcpy4
[...]
    .ARM.Collect$$libinit$$0000000F          0x000001d2   Section        6  libinit2.o(.ARM.Collect$$libinit$$0000000F)
    .ARM.Collect$$libinit$$00000011          0x000001d8   Section        0  libinit2.o(.ARM.Collect$$libinit$$00000011)
    .ARM.Collect$$libinit$$00000013          0x000001d8   Section        0  libinit2.o(.ARM.Collect$$libinit$$00000013)
    .ARM.Collect$$libinit$$00000015          0x000001d8   Section        0  libinit2.o(.ARM.Collect$$libinit$$00000015)
    .ARM.Collect$$libinit$$00000016          0x000001d8   Section       10  libinit2.o(.ARM.Collect$$libinit$$00000016)
    .ARM.Collect$$libinit$$00000017          0x000001e2   Section        0  libinit2.o(.ARM.Collect$$libinit$$00000017)
    .ARM.Collect$$libinit$$00000019          0x000001e2   Section        0  libinit2.o(.ARM.Collect$$libinit$$00000019)
    .ARM.Collect$$libinit$$0000001B          0x000001e2   Section        0  libinit2.o(.ARM.Collect$$libinit$$0000001B)
    .ARM.Collect$$libinit$$0000001D          0x000001e2   Section        0  libinit2.o(.ARM.Collect$$libinit$$0000001D)
    .ARM.Collect$$libinit$$0000001F          0x000001e2   Section        0  libinit2.o(.ARM.Collect$$libinit$$0000001F)
    .ARM.Collect$$libinit$$00000021          0x000001e2   Section        0  libinit2.o(.ARM.Collect$$libinit$$00000021)
    .ARM.Collect$$libinit$$00000023          0x000001e2   Section        0  libinit2.o(.ARM.Collect$$libinit$$00000023)
    .ARM.Collect$$libinit$$00000025          0x000001e2   Section        0  libinit2.o(.ARM.Collect$$libinit$$00000025)
    .ARM.Collect$$libinit$$0000002C          0x000001e2   Section        0  libinit2.o(.ARM.Collect$$libinit$$0000002C)
    .ARM.Collect$$libinit$$0000002E          0x000001e2   Section        0  libinit2.o(.ARM.Collect$$libinit$$0000002E)
    .ARM.Collect$$libinit$$00000030          0x000001e2   Section        0  libinit2.o(.ARM.Collect$$libinit$$00000030)
    .ARM.Collect$$libinit$$00000032          0x000001e2   Section        0  libinit2.o(.ARM.Collect$$libinit$$00000032)
    .ARM.Collect$$libinit$$00000033          0x000001e2   Section       12  libinit2.o(.ARM.Collect$$libinit$$00000033)
    .ARM.Collect$$libshutdown$$00000000      0x000001f8   Section        4  libshutdown.o(.ARM.Collect$$libshutdown$$00000000)
    .ARM.Collect$$libshutdown$$00000002      0x000001fc   Section        0  libshutdown2.o(.ARM.Collect$$libshutdown$$00000002)
    .ARM.Collect$$libshutdown$$00000004      0x000001fc   Section        0  libshutdown2.o(.ARM.Collect$$libshutdown$$00000004)
    .ARM.Collect$$libshutdown$$00000007      0x000001fc   Section        0  libshutdown2.o(.ARM.Collect$$libshutdown$$00000007)
    .ARM.Collect$$libshutdown$$0000000A      0x000001fc   Section        0  libshutdown2.o(.ARM.Collect$$libshutdown$$0000000A)
    .ARM.Collect$$libshutdown$$0000000C      0x000001fc   Section        0  libshutdown2.o(.ARM.Collect$$libshutdown$$0000000C)
    .ARM.Collect$$libshutdown$$0000000F      0x000001fc   Section        0  libshutdown2.o(.ARM.Collect$$libshutdown$$0000000F)
    .ARM.Collect$$libshutdown$$00000010      0x000001fc   Section        6  libshutdown2.o(.ARM.Collect$$libshutdown$$00000010)
    .ARM.Collect$$rtentry$$00000000          0x00000204   Section        0  __rtentry.o(.ARM.Collect$$rtentry$$00000000)
    .ARM.Collect$$rtentry$$00000002          0x00000204   Section        0  __rtentry2.o(.ARM.Collect$$rtentry$$00000002)
    .ARM.Collect$$rtentry$$00000004          0x00000204   Section        8  __rtentry4.o(.ARM.Collect$$rtentry$$00000004)
    .ARM.Collect$$rtentry$$00000009          0x0000020c   Section        0  __rtentry2.o(.ARM.Collect$$rtentry$$00000009)
    .ARM.Collect$$rtentry$$0000000A          0x0000020c   Section        4  __rtentry2.o(.ARM.Collect$$rtentry$$0000000A)
    .ARM.Collect$$rtentry$$0000000C          0x00000210   Section        0  __rtentry2.o(.ARM.Collect$$rtentry$$0000000C)
    .ARM.Collect$$rtentry$$0000000D          0x00000210   Section       40  __rtentry2.o(.ARM.Collect$$rtentry$$0000000D)
    .ARM.Collect$$rtexit$$00000000           0x0000023c   Section        4  rtexit.o(.ARM.Collect$$rtexit$$00000000)
    .ARM.Collect$$rtexit$$00000002           0x00000240   Section        0  rtexit2.o(.ARM.Collect$$rtexit$$00000002)
    .ARM.Collect$$rtexit$$00000003           0x00000240   Section        4  rtexit2.o(.ARM.Collect$$rtexit$$00000003)
    .ARM.Collect$$rtexit$$00000004           0x00000244   Section        8  rtexit2.o(.ARM.Collect$$rtexit$$00000004)
    .emb_text                                0x0000024c   Section      552  hal_arm.o(.emb_text)
    Switch_task                              0x000003ec   ARM Code       0  hal_arm.o(.emb_text)
    .text                                    0x00000474   Section       32  startup.o(.text)
    .text                                    0x00000494   Section       12  libspace.o(.text)
    .text                                    0x000004a8   Section        0  noretval__2sprintf.o(.text)
    .text                                    0x000004d0   Section        0  _printf_pad.o(.text)
    .text                                    0x00000526   Section        0  _printf_str.o(.text)
    .text                                    0x00000588   Section        0  _printf_dec.o(.text)
    .text                                    0x000005f8   Section        0  __printf_flags_wp.o(.text)
    .text                                    0x00000740   Section      100  rt_memcpy_w.o(.text)
    .text                                    0x000007a4   Section       84  rt_memclr_w.o(.text)
    .text                                    0x000007fc   Section      384  aeabi_sdiv.o(.text)
    __arm_div8                               0x00000828   ARM Code       0  aeabi_sdiv.o(.text)
    __arm_div5                               0x0000084c   ARM Code       0  aeabi_sdiv.o(.text)
    __arm_div2                               0x00000870   ARM Code       0  aeabi_sdiv.o(.text)
    __arm_div_large                          0x000008ac   ARM Code       0  aeabi_sdiv.o(.text)
    .text                                    0x0000097c   Section        0  heapauxi.o(.text)
    .text                                    0x00000982   Section        0  _printf_intcommon.o(.text)
    .text                                    0x00000a3c   Section        0  _printf_fp_dec.o(.text)
    _fp_digits                               0x00000a3f   Thumb Code   414  _printf_fp_dec.o(.text)
    .text                                    0x00000e5c   Section        0  _printf_char_common.o(.text)
    _printf_input_char                       0x00000e5d   Thumb Code    10  _printf_char_common.o(.text)
    .text                                    0x00000e8c   Section        0  _sputc.o(.text)
    .text                                    0x00000ea0   Section        0  _printf_char.o(.text)
    .text                                    0x00000ed8   Section       44  rtudiv10.o(.text)
    .text                                    0x00000f08   Section       20  rt_locale_twolibspace.o(.text)
    .text                                    0x00000f20   Section      160  lludiv10.o(.text)
    .text                                    0x00000fc0   Section        0  _printf_fp_infnan.o(.text)
    .text                                    0x00001050   Section        0  bigflt0.o(.text)
    .text                                    0x0000112c   Section       96  sys_stackheap_outer.o(.text)
    .text                                    0x0000118c   Section        0  exit.o(.text)
    .text                                    0x000011a0   Section      244  strcmp.o(.text)
    .text                                    0x0000129c   Section        0  sys_exit.o(.text)
    .text                                    0x000012a8   Section        4  use_no_semi.o(.text)
    .text                                    0x000012ac   Section        0  indicate_semi.o(.text)
    .text_udiv                               0x000012ac   Section       36  aeabi_sdiv.o(.text_udiv)
    CL$$btod_d2e                             0x000012d4   Section       56  btod.o(CL$$btod_d2e)
    CL$$btod_d2e_denorm_low                  0x0000130c   Section       84  btod.o(CL$$btod_d2e_denorm_low)
    CL$$btod_d2e_norm_op1                    0x00001360   Section      104  btod.o(CL$$btod_d2e_norm_op1)
    CL$$btod_div_common                      0x000013c8   Section      844  btod.o(CL$$btod_div_common)
    CL$$btod_e2e                             0x00001714   Section      244  btod.o(CL$$btod_e2e)
    CL$$btod_ediv                            0x0000180c   Section       56  btod.o(CL$$btod_ediv)
    CL$$btod_emul                            0x00001848   Section       56  btod.o(CL$$btod_emul)
    CL$$btod_mult_common                     0x00001880   Section      616  btod.o(CL$$btod_mult_common)
    SWI_TABLE                                0x00001ae8   Section       36  swi_table.o(SWI_TABLE)
    i.BCD2DEC                                0x00001b30   Section        0  rtc_driver.o(i.BCD2DEC)
    i.DEC2BCD                                0x00001b4c   Section        0  rtc_driver.o(i.DEC2BCD)
    i.__ARM_common_call_via_r1               0x00001b80   Section        0  __printf.o(i.__ARM_common_call_via_r1)
    i.__ARM_common_call_via_r2               0x00001b82   Section        0  __printf.o(i.__ARM_common_call_via_r2)
    i.__ARM_fpclassify                       0x00001b88   Section        0  fpclassify.o(i.__ARM_fpclassify)
    i.__SWI_0                                0x00001bb8   Section        0  hal_arm.o(i.__SWI_0)
    i.__SWI_1                                0x00001c04   Section        0  rt_membox.o(i.__SWI_1)
    i.__SWI_2                                0x00001c1c   Section        0  rt_membox.o(i.__SWI_2)
    i.__SWI_3                                0x00001c40   Section        0  hal_arm.o(i.__SWI_3)
    i.__SWI_4                                0x00001c50   Section        0  hal_arm.o(i.__SWI_4)
    i.__SWI_5                                0x00001c60   Section        0  rtx_conf_lpc21xx.o(i.__SWI_5)
    i.__SWI_6                                0x00001c6c   Section        0  hal_arm.o(i.__SWI_6)
    i.__SWI_7                                0x00001c70   Section        0  hal_arm.o(i.__SWI_7)
    i._init_box                              0x00001c74   Section        0  rt_membox.o(i._init_box)
    i._is_digit                              0x00001ce4   Section        0  __printf_wp.o(i._is_digit)
    i._mutex_acquire                         0x00001cf4   Section        0  rtx_conf_lpc21xx.o(i._mutex_acquire)
    __tagsym$$used                           0x00001cf5   Number         0  rtx_conf_lpc21xx.o(i._mutex_acquire)
    i._mutex_release                         0x00001d14   Section        0  rtx_conf_lpc21xx.o(i._mutex_release)
    __tagsym$$used                           0x00001d15   Number         0  rtx_conf_lpc21xx.o(i._mutex_release)
    i.adc_init                               0x00001d2c   Section        0  adc_driver.o(i.adc_init)
    i.adc_read                               0x00001d58   Section        0  adc_driver.o(i.adc_read)
    i.delay_ms                               0x00001de8   Section        0  delay.o(i.delay_ms)
    i.get_date                               0x00001e38   Section        0  rtc_driver.o(i.get_date)
    i.get_time                               0x00001ea8   Section        0  rtc_driver.o(i.get_time)
    i.i2c_init                               0x00001f90   Section        0  i2c_driver.o(i.i2c_init)
    i.i2c_read                               0x00001fc4   Section        0  i2c_driver.o(i.i2c_read)
    i.i2c_write                              0x000021b8   Section        0  i2c_driver.o(i.i2c_write)
    i.lcd_cmd                                0x00002354   Section        0  lcd_4bit_driver.o(i.lcd_cmd)
    i.lcd_data                               0x000023c8   Section        0  lcd_4bit_driver.o(i.lcd_data)
    i.lcd_enable                             0x0000243c   Section        0  lcd_4bit_driver.o(i.lcd_enable)
    lcd_enable                               0x0000243c   ARM Code      44  lcd_4bit_driver.o(i.lcd_enable)
    i.lcd_init                               0x0000246c   Section        0  lcd_4bit_driver.o(i.lcd_init)
    i.lcd_string                             0x000024d4   Section        0  lcd_4bit_driver.o(i.lcd_string)
    i.main                                   0x000024fc   Section        0  main.o(i.main)
    i.mcp3204_adc_read                       0x00002518   Section        0  mcp3204_driver.o(i.mcp3204_adc_read)
    i.os_block                               0x00002588   Section        0  rt_task.o(i.os_block)
    i.os_chk_robin                           0x000025ec   Section        0  rt_robin.o(i.os_chk_robin)
    i.os_dec_dly                             0x00002668   Section        0  rt_list.o(i.os_dec_dly)
    i.os_def_interrupt                       0x00002744   Section        0  rtx_conf_lpc21xx.o(i.os_def_interrupt)
    os_def_interrupt                         0x00002744   ARM Code      20  rtx_conf_lpc21xx.o(i.os_def_interrupt)
    i.os_dispatch                            0x00002758   Section        0  rt_task.o(i.os_dispatch)
    i.os_dly_wait                            0x000027c8   Section        0  rt_time.o(i.os_dly_wait)
    i.os_error                               0x000027e8   Section        0  rtx_conf_lpc21xx.o(i.os_error)
    i.os_evt_psh                             0x000027f0   Section        0  rt_event.o(i.os_evt_psh)
    i.os_get_first                           0x00002870   Section        0  rt_list.o(i.os_get_first)
    i.os_idle_demon                          0x000028b8   Section        0  rtx_conf_lpc21xx.o(i.os_idle_demon)
    i.os_init_context                        0x000028c0   Section        0  rt_task.o(i.os_init_context)
    os_init_context                          0x000028c0   ARM Code     120  rt_task.o(i.os_init_context)
    i.os_init_robin                          0x0000293c   Section        0  rt_robin.o(i.os_init_robin)
    i.os_init_stack                          0x00002964   Section        0  hal_arm.o(i.os_init_stack)
    i.os_irq_ack_lock                        0x00002a18   Section        0  rtx_conf_lpc21xx.o(i.os_irq_ack_lock)
    i.os_mbx_psh                             0x00002a34   Section        0  rt_mailbox.o(i.os_mbx_psh)
    i.os_mut_init                            0x00002b1c   Section        0  rt_mutex.o(i.os_mut_init)
    i.os_mut_release                         0x00002b74   Section        0  rt_mutex.o(i.os_mut_release)
    i.os_mut_wait                            0x00002cf0   Section        0  rt_mutex.o(i.os_mut_wait)
    i.os_put_dly                             0x00002dd0   Section        0  rt_list.o(i.os_put_dly)
    i.os_put_prio                            0x00002e5c   Section        0  rt_list.o(i.os_put_prio)
    i.os_put_rdy_first                       0x00002ec0   Section        0  rt_list.o(i.os_put_rdy_first)
    i.os_resort_prio                         0x00002edc   Section        0  rt_list.o(i.os_resort_prio)
    i.os_rmv_dly                             0x00002f34   Section        0  rt_list.o(i.os_rmv_dly)
    i.os_rmv_list                            0x00002f80   Section        0  rt_list.o(i.os_rmv_list)
    i.os_sem_psh                             0x00002fd4   Section        0  rt_semaphore.o(i.os_sem_psh)
    i.os_stk_check                           0x00003028   Section        0  hal_arm.o(i.os_stk_check)
    i.os_sys_init1                           0x00003060   Section        0  rt_task.o(i.os_sys_init1)
    i.os_sys_manager                         0x000031b0   Section        0  rt_system.o(i.os_sys_manager)
    i.os_tmr_call                            0x000032e8   Section        0  rtx_conf_lpc21xx.o(i.os_tmr_call)
    i.os_tmr_init                            0x000032f4   Section        0  rtx_conf_lpc21xx.o(i.os_tmr_init)
    i.os_tmr_inspect_cnt                     0x0000333c   Section        0  rtx_conf_lpc21xx.o(i.os_tmr_inspect_cnt)
    i.os_tmr_inspect_ovf                     0x00003350   Section        0  rtx_conf_lpc21xx.o(i.os_tmr_inspect_ovf)
    i.os_tmr_tick                            0x00003360   Section        0  rt_timer.o(i.os_tmr_tick)
    i.os_tsk_create0                         0x000033d4   Section        0  rt_task.o(i.os_tsk_create0)
    i.os_tsk_delete                          0x000034a4   Section        0  rt_task.o(i.os_tsk_delete)
    i.os_tsk_self                            0x000036ac   Section        0  rt_task.o(i.os_tsk_self)
    i.set_date                               0x000036c4   Section        0  rtc_driver.o(i.set_date)
    i.set_time                               0x00003744   Section        0  rtc_driver.o(i.set_time)
    i.spi0                                   0x000037b8   Section        0  spi_driver.o(i.spi0)
    i.spi0_init                              0x000037f0   Section        0  spi_driver.o(i.spi0_init)
    i.task_adc                               0x0000383c   Section        0  main.o(i.task_adc)
    i.task_init                              0x00003904   Section        0  main.o(i.task_init)
    i.task_lcd                               0x00003a80   Section        0  main.o(i.task_lcd)
    i.task_ldr                               0x00003ba4   Section        0  main.o(i.task_ldr)
    i.task_rtc                               0x00003c1c   Section        0  main.o(i.task_rtc)
    i.task_uart                              0x00003c74   Section        0  main.o(i.task_uart)
    i.tsk_unlock                             0x00003da8   Section        0  rtx_conf_lpc21xx.o(i.tsk_unlock)
    i.uart0_init                             0x00003db4   Section        0  uart_driver.o(i.uart0_init)
    i.uart0_string                           0x00003e40   Section        0  uart_driver.o(i.uart0_string)
    i.uart0_tx                               0x00003e6c   Section        0  uart_driver.o(i.uart0_tx)
    locale$$code                             0x00003e9c   Section       80  lc_numeric_c.o(locale$$code)
    x$fpl$dretinf                            0x00003eec   Section       16  dretinf.o(x$fpl$dretinf)
    x$fpl$f2d                                0x00003efc   Section      100  f2d.o(x$fpl$f2d)
    x$fpl$fadd                               0x00003f60   Section      196  faddsub_noclz.o(x$fpl$fadd)
    _fadd1                                   0x00003f6c   ARM Code       0  faddsub_noclz.o(x$fpl$fadd)
    x$fpl$fdiv                               0x00004024   Section      400  fdiv.o(x$fpl$fdiv)
    _fdiv1                                   0x00004024   ARM Code       0  fdiv.o(x$fpl$fdiv)
    x$fpl$ffixu                              0x000041b4   Section       84  ffixu.o(x$fpl$ffixu)
    x$fpl$fflt                               0x00004208   Section       92  fflt_noclz.o(x$fpl$fflt)
    x$fpl$ffltu                              0x00004264   Section        8  fflt_noclz.o(x$fpl$ffltu)
    x$fpl$fmul                               0x0000426c   Section      256  fmul.o(x$fpl$fmul)
    x$fpl$fnaninf                            0x0000436c   Section      168  fnaninf.o(x$fpl$fnaninf)
    x$fpl$fretinf                            0x00004414   Section       16  fretinf.o(x$fpl$fretinf)
    x$fpl$frsb                               0x00004424   Section       20  faddsub_noclz.o(x$fpl$frsb)
    x$fpl$fsub                               0x00004438   Section      304  faddsub_noclz.o(x$fpl$fsub)
    _fsub1                                   0x00004444   ARM Code       0  faddsub_noclz.o(x$fpl$fsub)
    x$fpl$ieeestatus                         0x0000456c   Section        8  istatus.o(x$fpl$ieeestatus)
    x$fpl$printf1                            0x00004574   Section        4  printf1.o(x$fpl$printf1)
    .constdata                               0x00004578   Section       12  uart_driver.o(.constdata)
    x$fpl$usenofp                            0x00004578   Section        0  usenofp.o(x$fpl$usenofp)
    .constdata                               0x00004584   Section        8  main.o(.constdata)
    .constdata                               0x0000458c   Section       32  rtx_conf_lpc21xx.o(.constdata)
    __tagsym$$used                           0x00004598   Number         0  rtx_conf_lpc21xx.o(.constdata)
    __tagsym$$used                           0x0000459c   Number         0  rtx_conf_lpc21xx.o(.constdata)
    .constdata                               0x000045ac   Section        4  rt_system.o(.constdata)
    __tagsym$$used                           0x000045ac   Number         0  rt_system.o(.constdata)
    .constdata                               0x000045b0   Section       17  __printf_flags_wp.o(.constdata)
    maptable                                 0x000045b0   Data          17  __printf_flags_wp.o(.constdata)
    .constdata                               0x000045c4   Section      148  bigflt0.o(.constdata)
    tenpwrs_x                                0x000045c4   Data          60  bigflt0.o(.constdata)
    tenpwrs_i                                0x00004600   Data          64  bigflt0.o(.constdata)
    .conststring                             0x00004658   Section      109  main.o(.conststring)
    locale$$data                             0x000046e8   Section       28  lc_numeric_c.o(locale$$data)
    __lcnum_c_name                           0x000046ec   Data           2  lc_numeric_c.o(locale$$data)
    __lcnum_c_start                          0x000046f4   Data           0  lc_numeric_c.o(locale$$data)
    __lcnum_c_point                          0x00004700   Data           0  lc_numeric_c.o(locale$$data)
    __lcnum_c_thousands                      0x00004702   Data           0  lc_numeric_c.o(locale$$data)
    __lcnum_c_grouping                       0x00004703   Data           0  lc_numeric_c.o(locale$$data)
    __lcnum_c_end                            0x00004704   Data           0  lc_numeric_c.o(locale$$data)
    .data                                    0x40000000   Section       32  main.o(.data)
    .data                                    0x40000020   Section        8  rtx_conf_lpc21xx.o(.data)
    nr_mutex                                 0x40000024   Data           4  rtx_conf_lpc21xx.o(.data)
    .data                                    0x40000028   Section        4  rt_task.o(.data)
    .data                                    0x4000002c   Section        4  rt_time.o(.data)
    .data                                    0x40000030   Section        4  hal_arm.o(.data)
    .data                                    0x40000034   Section        1  hal_arm.o(.data)
    .data                                    0x40000038   Section        8  rt_system.o(.data)
    .data                                    0x40000040   Section        8  rt_robin.o(.data)
    .data                                    0x40000048   Section        8  rt_timer.o(.data)
    .bss                                     0x40000050   Section      168  main.o(.bss)
    uart_buf                                 0x40000094   Data          80  main.o(.bss)
    lcd_buf                                  0x400000e4   Data          20  main.o(.bss)
    .bss                                     0x400000f8   Section     2628  rtx_conf_lpc21xx.o(.bss)
    std_libspace                             0x4000087c   Data         576  rtx_conf_lpc21xx.o(.bss)
    std_libmutex                             0x40000abc   Data         128  rtx_conf_lpc21xx.o(.bss)
    .bss                                     0x40000b3c   Section       56  rt_task.o(.bss)
    .bss                                     0x40000b74   Section       48  rt_list.o(.bss)
    .bss                                     0x40000ba4   Section       96  libspace.o(.bss)
    HEAP                                     0x40000c08   Section        0  startup.o(HEAP)
    STACK                                    0x40000c08   Section     1160  startup.o(STACK)
    Heap_Mem                                 0x40000c08   Data           0  startup.o(HEAP)
    Stack_Mem                                0x40000c08   Data        1024  startup.o(STACK)
    Stack_Top                                0x40001090   Data           0  startup.o(STACK)

    Global Symbols

    Symbol Name                              Value     Ov Type        Size  Object(Section)

    BuildAttributes$$THM_ISAv1$ARM_ISAv4$S$PE$A:L22$X:L11$S22$IEEE1$IW$USESV6$~STKCKD$USESV7$~SHL$OTIME$ROPI$IEEEJ$EBA8$UX$STANDARDLIB$REQ8$PRES8$EABIv2 0x00000000   Number         0  anon$$obj.o ABSOLUTE
    __ARM_use_no_argv                        0x00000000   Number         0  main.o ABSOLUTE
    _printf_flags                            0x00000000   Number         0  printf_stubs.o ABSOLUTE
    _printf_return_value                     0x00000000   Number         0  printf_stubs.o ABSOLUTE
    _printf_sizespec                         0x00000000   Number         0  printf_stubs.o ABSOLUTE
    _printf_widthprec                        0x00000000   Number         0  printf_stubs.o ABSOLUTE
    __ARM_exceptions_init                     - Undefined Weak Reference
    __alloca_initialize                       - Undefined Weak Reference
    __arm_preinit_                            - Undefined Weak Reference
    __cpp_initialize__aeabi_                  - Undefined Weak Reference
    __cxa_finalize                            - Undefined Weak Reference
    __sigvec_lookup                           - Undefined Weak Reference
    _atexit_init                              - Undefined Weak Reference
    _call_atexit_fns                          - Undefined Weak Reference
    _clock_init                               - Undefined Weak Reference
    _fp_trap_init                             - Undefined Weak Reference
    _fp_trap_shutdown                         - Undefined Weak Reference
    _get_lc_collate                           - Undefined Weak Reference
    _get_lc_ctype                             - Undefined Weak Reference
    _get_lc_monetary                          - Undefined Weak Reference
    _get_lc_time                              - Undefined Weak Reference
    _getenv_init                              - Undefined Weak Reference
    _handle_redirection                       - Undefined Weak Reference
    _init_alloc                               - Undefined Weak Reference
    _init_user_alloc                          - Undefined Weak Reference
    _initio                                   - Undefined Weak Reference
    _printf_mbtowc                            - Undefined Weak Reference
    _printf_truncate_signed                   - Undefined Weak Reference
    _printf_truncate_unsigned                 - Undefined Weak Reference
    _rand_init                                - Undefined Weak Reference
    _signal_finish                            - Undefined Weak Reference
    _signal_init                              - Undefined Weak Reference
    _terminate_alloc                          - Undefined Weak Reference
    _terminate_user_alloc                     - Undefined Weak Reference
    _terminateio                              - Undefined Weak Reference
    os_tmr_reload                             - Undefined Weak Reference
    rt_init                                   - Undefined Weak Reference
    rt_notify                                 - Undefined Weak Reference
    rt_post_taskswitch                        - Undefined Weak Reference
    Reset_Handler                            0x00000054   ARM Code       0  startup.o(RESET)
    __main                                   0x0000010c   ARM Code       8  __main.o(!!!main)
    __scatterload                            0x00000114   ARM Code       0  __scatter.o(!!!scatter)
    __scatterload_rt2                        0x00000114   ARM Code      52  __scatter.o(!!!scatter)
    __scatterload_null                       0x00000128   ARM Code       0  __scatter.o(!!!scatter)
    __scatterload_copy                       0x00000150   ARM Code      40  __scatter_copy.o(!!handler_copy)
    __scatterload_zeroinit                   0x00000178   ARM Code      44  __scatter_zi.o(!!handler_zi)
    Inline Thumb to ARM Veneer to _printf_percent 0x000001a5   Thumb Code     4  _printf_percent.o(.ARM.Collect$$_printf_percent$$00000000)
    _printf_f                                0x000001a8   ARM Code       0  _printf_f.o(.ARM.Collect$$_printf_percent$$00000003)
    _printf_percent                          0x000001a8   ARM Code       0  _printf_percent.o(.ARM.Collect$$_printf_percent$$00000000)
    _printf_d                                0x000001b0   ARM Code       0  _printf_d.o(.ARM.Collect$$_printf_percent$$00000009)
    _printf_s                                0x000001b8   ARM Code       0  _printf_s.o(.ARM.Collect$$_printf_percent$$00000014)
    _printf_percent_end                      0x000001c0   ARM Code       0  _printf_percent_end.o(.ARM.Collect$$_printf_percent$$00000017)
    Inline ARM to Thumb Veneer to __rt_lib_init 0x000001c8   ARM Code       8  libinit.o(.ARM.Collect$$libinit$$00000000)
    __rt_lib_init                            0x000001d1   Thumb Code     0  libinit.o(.ARM.Collect$$libinit$$00000000)
    __rt_lib_init_fp_1                       0x000001d3   Thumb Code     0  libinit2.o(.ARM.Collect$$libinit$$00000002)
    __rt_lib_init_heap_1                     0x000001d3   Thumb Code     0  libinit2.o(.ARM.Collect$$libinit$$0000000A)
    __rt_lib_init_lc_common                  0x000001d3   Thumb Code     0  libinit2.o(.ARM.Collect$$libinit$$0000000F)
    __rt_lib_init_preinit_1                  0x000001d3   Thumb Code     0  libinit2.o(.ARM.Collect$$libinit$$00000004)
    __rt_lib_init_rand_1                     0x000001d3   Thumb Code     0  libinit2.o(.ARM.Collect$$libinit$$0000000E)
    __rt_lib_init_user_alloc_1               0x000001d3   Thumb Code     0  libinit2.o(.ARM.Collect$$libinit$$0000000C)
    __rt_lib_init_lc_collate_1               0x000001d9   Thumb Code     0  libinit2.o(.ARM.Collect$$libinit$$00000011)
    __rt_lib_init_lc_ctype_1                 0x000001d9   Thumb Code     0  libinit2.o(.ARM.Collect$$libinit$$00000013)
    __rt_lib_init_lc_monetary_1              0x000001d9   Thumb Code     0  libinit2.o(.ARM.Collect$$libinit$$00000015)
    __rt_lib_init_lc_numeric_2               0x000001d9   Thumb Code     0  libinit2.o(.ARM.Collect$$libinit$$00000016)
    __rt_lib_init_alloca_1                   0x000001e3   Thumb Code     0  libinit2.o(.ARM.Collect$$libinit$$0000002E)
    __rt_lib_init_argv_1                     0x000001e3   Thumb Code     0  libinit2.o(.ARM.Collect$$libinit$$0000002C)
    __rt_lib_init_atexit_1                   0x000001e3   Thumb Code     0  libinit2.o(.ARM.Collect$$libinit$$0000001B)
    __rt_lib_init_clock_1                    0x000001e3   Thumb Code     0  libinit2.o(.ARM.Collect$$libinit$$00000021)
    __rt_lib_init_cpp_1                      0x000001e3   Thumb Code     0  libinit2.o(.ARM.Collect$$libinit$$00000032)
    __rt_lib_init_exceptions_1               0x000001e3   Thumb Code     0  libinit2.o(.ARM.Collect$$libinit$$00000030)
    __rt_lib_init_fp_trap_1                  0x000001e3   Thumb Code     0  libinit2.o(.ARM.Collect$$libinit$$0000001F)
    __rt_lib_init_getenv_1                   0x000001e3   Thumb Code     0  libinit2.o(.ARM.Collect$$libinit$$00000023)
    __rt_lib_init_lc_numeric_1               0x000001e3   Thumb Code     0  libinit2.o(.ARM.Collect$$libinit$$00000017)
    __rt_lib_init_lc_time_1                  0x000001e3   Thumb Code     0  libinit2.o(.ARM.Collect$$libinit$$00000019)
    __rt_lib_init_return                     0x000001e3   Thumb Code     0  libinit2.o(.ARM.Collect$$libinit$$00000033)
    __rt_lib_init_signal_1                   0x000001e3   Thumb Code     0  libinit2.o(.ARM.Collect$$libinit$$0000001D)
    __rt_lib_init_stdio_1                    0x000001e3   Thumb Code     0  libinit2.o(.ARM.Collect$$libinit$$00000025)
    Inline ARM to Thumb Veneer to __rt_lib_shutdown 0x000001f0   ARM Code       8  libshutdown.o(.ARM.Collect$$libshutdown$$00000000)
    __rt_lib_shutdown                        0x000001f9   Thumb Code     0  libshutdown.o(.ARM.Collect$$libshutdown$$00000000)
    __rt_lib_shutdown_cpp_1                  0x000001fd   Thumb Code     0  libshutdown2.o(.ARM.Collect$$libshutdown$$00000002)
    __rt_lib_shutdown_fp_trap_1              0x000001fd   Thumb Code     0  libshutdown2.o(.ARM.Collect$$libshutdown$$00000007)
    __rt_lib_shutdown_heap_1                 0x000001fd   Thumb Code     0  libshutdown2.o(.ARM.Collect$$libshutdown$$0000000F)
    __rt_lib_shutdown_return                 0x000001fd   Thumb Code     0  libshutdown2.o(.ARM.Collect$$libshutdown$$00000010)
    __rt_lib_shutdown_signal_1               0x000001fd   Thumb Code     0  libshutdown2.o(.ARM.Collect$$libshutdown$$0000000A)
    __rt_lib_shutdown_stdio_1                0x000001fd   Thumb Code     0  libshutdown2.o(.ARM.Collect$$libshutdown$$00000004)
    __rt_lib_shutdown_user_alloc_1           0x000001fd   Thumb Code     0  libshutdown2.o(.ARM.Collect$$libshutdown$$0000000C)
    __rt_entry                               0x00000204   ARM Code       0  __rtentry.o(.ARM.Collect$$rtentry$$00000000)
    __rt_entry_presh_1                       0x00000204   ARM Code       0  __rtentry2.o(.ARM.Collect$$rtentry$$00000002)
    __rt_entry_sh                            0x00000204   ARM Code       0  __rtentry4.o(.ARM.Collect$$rtentry$$00000004)
    __rt_entry_li                            0x0000020c   ARM Code       0  __rtentry2.o(.ARM.Collect$$rtentry$$0000000A)
    __rt_entry_postsh_1                      0x0000020c   ARM Code       0  __rtentry2.o(.ARM.Collect$$rtentry$$00000009)
    __rt_entry_main                          0x00000210   ARM Code       0  __rtentry2.o(.ARM.Collect$$rtentry$$0000000D)
    __rt_entry_postli_1                      0x00000210   ARM Code       0  __rtentry2.o(.ARM.Collect$$rtentry$$0000000C)
    Inline Thumb to ARM Veneer to __rt_exit  0x00000239   Thumb Code     4  rtexit.o(.ARM.Collect$$rtexit$$00000000)
    __rt_exit                                0x0000023c   ARM Code       0  rtexit.o(.ARM.Collect$$rtexit$$00000000)
    __rt_exit_ls                             0x00000240   ARM Code       0  rtexit2.o(.ARM.Collect$$rtexit$$00000003)
    __rt_exit_prels_1                        0x00000240   ARM Code       0  rtexit2.o(.ARM.Collect$$rtexit$$00000002)
    __rt_exit_exit                           0x00000244   ARM Code       0  rtexit2.o(.ARM.Collect$$rtexit$$00000004)
    _inc_qi                                  0x0000024c   ARM Code      64  hal_arm.o(.emb_text)
    _dec_qc                                  0x0000028c   ARM Code      36  hal_arm.o(.emb_text)
    os_set_env                               0x000002b0   ARM Code      12  hal_arm.o(.emb_text)
    os_sys_init0                             0x000002bc   ARM Code      48  hal_arm.o(.emb_text)
    os_sys_run                               0x000002f8   ARM Code      28  hal_arm.o(.emb_text)
    os_clock_interrupt                       0x00000314   ARM Code     128  hal_arm.o(.emb_text)
    os_sys_manager_ret                       0x00000381   Thumb Code     0  hal_arm.o(.emb_text)
    SWI_Handler                              0x000003a8   ARM Code     196  hal_arm.o(.emb_text)
    os_switch_tasks_ret                      0x000003e5   Thumb Code     0  hal_arm.o(.emb_text)
    __RL_RTX_VER                             0x00000474   Number         0  rt_system.o ABSOLUTE
    __user_initial_stackheap                 0x00000474   ARM Code       0  startup.o(.text)
    __user_libspace                          0x00000494   ARM Code      12  libspace.o(.text)
    __user_perproc_libspace                  0x00000494   ARM Code       0  libspace.o(.text)
    Inline ARM to Thumb Veneer to __2sprintf 0x000004a0   ARM Code       8  noretval__2sprintf.o(.text)
    __2sprintf                               0x000004a9   Thumb Code    36  noretval__2sprintf.o(.text)
    _printf_pre_padding                      0x000004d1   Thumb Code    50  _printf_pad.o(.text)
    _printf_post_padding                     0x00000503   Thumb Code    36  _printf_pad.o(.text)
    _printf_str                              0x00000527   Thumb Code    88  _printf_str.o(.text)
    Inline ARM to Thumb Veneer to _printf_int_dec 0x00000580   ARM Code       8  _printf_dec.o(.text)
    _printf_int_dec                          0x00000589   Thumb Code    94  _printf_dec.o(.text)
    __printf                                 0x000005f9   Thumb Code   322  __printf_flags_wp.o(.text)
    __aeabi_memcpy4                          0x00000740   ARM Code       0  rt_memcpy_w.o(.text)
    __aeabi_memcpy8                          0x00000740   ARM Code       0  rt_memcpy_w.o(.text)
    __rt_memcpy_w                            0x00000740   ARM Code     100  rt_memcpy_w.o(.text)
    _memcpy_lastbytes_aligned                0x0000078c   ARM Code       0  rt_memcpy_w.o(.text)
    __aeabi_memclr4                          0x000007a4   ARM Code       0  rt_memclr_w.o(.text)
    __aeabi_memclr8                          0x000007a4   ARM Code       0  rt_memclr_w.o(.text)
    __rt_memclr_w                            0x000007a4   ARM Code      84  rt_memclr_w.o(.text)
    _memset_w                                0x000007a8   ARM Code       0  rt_memclr_w.o(.text)
    Inline Thumb to ARM Veneer to __aeabi_idivmod 0x000007f9   Thumb Code     4  aeabi_sdiv.o(.text)
    __aeabi_idiv                             0x000007fc   ARM Code       0  aeabi_sdiv.o(.text)
    __aeabi_idivmod                          0x000007fc   ARM Code     384  aeabi_sdiv.o(.text)
    __use_two_region_memory                  0x0000097d   Thumb Code     2  heapauxi.o(.text)
    __rt_heap_escrow$2region                 0x0000097f   Thumb Code     2  heapauxi.o(.text)
    __rt_heap_expand$2region                 0x00000981   Thumb Code     2  heapauxi.o(.text)
    _printf_int_common                       0x00000983   Thumb Code   186  _printf_intcommon.o(.text)
    __lib_sel_fp_printf                      0x00000a3d   Thumb Code     2  _printf_fp_dec.o(.text)
    _printf_fp_dec_real                      0x00000bdd   Thumb Code   628  _printf_fp_dec.o(.text)
    _printf_char_common                      0x00000e67   Thumb Code    34  _printf_char_common.o(.text)
    _sputc                                   0x00000e8d   Thumb Code    10  _sputc.o(.text)
    Inline ARM to Thumb Veneer to _printf_string 0x00000e98   ARM Code       8  _printf_char.o(.text)
    _printf_cs_common                        0x00000ea1   Thumb Code    26  _printf_char.o(.text)
    _printf_char                             0x00000ebb   Thumb Code    16  _printf_char.o(.text)
    _printf_string                           0x00000ecb   Thumb Code     8  _printf_char.o(.text)
    Inline Thumb to ARM Veneer to __rt_udiv10 0x00000ed5   Thumb Code     4  rtudiv10.o(.text)
    __rt_udiv10                              0x00000ed8   ARM Code      44  rtudiv10.o(.text)
    Inline Thumb to ARM Veneer to __rt_locale 0x00000f05   Thumb Code     4  rt_locale_twolibspace.o(.text)
    __rt_locale                              0x00000f08   ARM Code      20  rt_locale_twolibspace.o(.text)
    Inline Thumb to ARM Veneer to _ll_udiv10 0x00000f1d   Thumb Code     4  lludiv10.o(.text)
    _ll_udiv10                               0x00000f20   ARM Code     160  lludiv10.o(.text)
    _printf_fp_infnan                        0x00000fc1   Thumb Code   128  _printf_fp_infnan.o(.text)
    _btod_etento                             0x00001051   Thumb Code   214  bigflt0.o(.text)
    __user_setup_stackheap                   0x0000112c   ARM Code      96  sys_stackheap_outer.o(.text)
    exit                                     0x0000118d   Thumb Code    20  exit.o(.text)
    strcmp                                   0x000011a0   ARM Code     240  strcmp.o(.text)
    Inline ARM to Thumb Veneer to _sys_exit  0x00001294   ARM Code       8  sys_exit.o(.text)
    _sys_exit                                0x0000129d   Thumb Code     8  sys_exit.o(.text)
    __I$use$semihosting                      0x000012a8   ARM Code       0  use_no_semi.o(.text)
    __use_no_semihosting_swi                 0x000012a8   ARM Code       4  use_no_semi.o(.text)
    __aeabi_uidiv                            0x000012ac   ARM Code       0  aeabi_sdiv.o(.text_udiv)
    __aeabi_uidivmod                         0x000012ac   ARM Code      36  aeabi_sdiv.o(.text_udiv)
    __semihosting_library_function           0x000012ac   ARM Code       0  indicate_semi.o(.text)
    Inline Thumb to ARM Veneer to _btod_d2e  0x000012d1   Thumb Code     4  btod.o(CL$$btod_d2e)
    _btod_d2e                                0x000012d4   ARM Code      56  btod.o(CL$$btod_d2e)
    _d2e_denorm_low                          0x0000130c   ARM Code      84  btod.o(CL$$btod_d2e_denorm_low)
    _d2e_norm_op1                            0x00001360   ARM Code     104  btod.o(CL$$btod_d2e_norm_op1)
    __btod_div_common                        0x000013c8   ARM Code     716  btod.o(CL$$btod_div_common)
    _e2e                                     0x00001714   ARM Code     244  btod.o(CL$$btod_e2e)
    Inline Thumb to ARM Veneer to _btod_ediv 0x00001809   Thumb Code     4  btod.o(CL$$btod_ediv)
    _btod_ediv                               0x0000180c   ARM Code      56  btod.o(CL$$btod_ediv)
    Inline Thumb to ARM Veneer to _btod_emul 0x00001845   Thumb Code     4  btod.o(CL$$btod_emul)
    _btod_emul                               0x00001848   ARM Code      56  btod.o(CL$$btod_emul)
    __btod_mult_common                       0x00001880   ARM Code     616  btod.o(CL$$btod_mult_common)
    SWI_Count                                0x00001ae8   Data           4  swi_table.o(SWI_TABLE)
    SWI_Table                                0x00001aec   Data           0  swi_table.o(SWI_TABLE)
    Long ARM to Thumb Veneer to os_switch_tasks_ret 0x00001b0c   ARM Code      12  anon$$obj.o(Veneer$$Code)
    Long ARM to Thumb Veneer to os_sys_manager_ret 0x00001b18   ARM Code      12  anon$$obj.o(Veneer$$Code)
    Long ARM to Thumb Veneer to _printf_fp_dec_real 0x00001b24   ARM Code      12  anon$$obj.o(Veneer$$Code)
    BCD2DEC                                  0x00001b30   ARM Code      28  rtc_driver.o(i.BCD2DEC)
    DEC2BCD                                  0x00001b4c   ARM Code      52  rtc_driver.o(i.DEC2BCD)
    __ARM_common_call_via_r1                 0x00001b81   Thumb Code     2  __printf.o(i.__ARM_common_call_via_r1)
    __ARM_common_call_via_r2                 0x00001b83   Thumb Code     2  __printf.o(i.__ARM_common_call_via_r2)
    Inline Thumb to ARM Veneer to __ARM_fpclassify 0x00001b85   Thumb Code     4  fpclassify.o(i.__ARM_fpclassify)
    __ARM_fpclassify                         0x00001b88   ARM Code      48  fpclassify.o(i.__ARM_fpclassify)
    __SWI_0                                  0x00001bb8   ARM Code      72  hal_arm.o(i.__SWI_0)
    __SWI_1                                  0x00001c04   ARM Code      24  rt_membox.o(i.__SWI_1)
    __SWI_2                                  0x00001c1c   ARM Code      36  rt_membox.o(i.__SWI_2)
    __SWI_3                                  0x00001c40   ARM Code      16  hal_arm.o(i.__SWI_3)
    __SWI_4                                  0x00001c50   ARM Code      16  hal_arm.o(i.__SWI_4)
    __SWI_5                                  0x00001c61   Thumb Code     8  rtx_conf_lpc21xx.o(i.__SWI_5)
    __SWI_6                                  0x00001c6c   ARM Code       4  hal_arm.o(i.__SWI_6)
    __SWI_7                                  0x00001c70   ARM Code       4  hal_arm.o(i.__SWI_7)
    _init_box                                0x00001c74   ARM Code     112  rt_membox.o(i._init_box)
    _is_digit                                0x00001ce5   Thumb Code    14  __printf_wp.o(i._is_digit)
    _mutex_acquire                           0x00001cf5   Thumb Code    26  rtx_conf_lpc21xx.o(i._mutex_acquire)
    _mutex_release                           0x00001d15   Thumb Code    24  rtx_conf_lpc21xx.o(i._mutex_release)
    adc_init                                 0x00001d2c   ARM Code      36  adc_driver.o(i.adc_init)
    adc_read                                 0x00001d58   ARM Code     140  adc_driver.o(i.adc_read)
    delay_ms                                 0x00001de8   ARM Code      72  delay.o(i.delay_ms)
    get_date                                 0x00001e38   ARM Code     112  rtc_driver.o(i.get_date)
    get_time                                 0x00001ea8   ARM Code     232  rtc_driver.o(i.get_time)
    i2c_init                                 0x00001f90   ARM Code      48  i2c_driver.o(i.i2c_init)
    i2c_read                                 0x00001fc4   ARM Code     456  i2c_driver.o(i.i2c_read)
    i2c_write                                0x000021b8   ARM Code     348  i2c_driver.o(i.i2c_write)
    lcd_cmd                                  0x00002354   ARM Code     112  lcd_4bit_driver.o(i.lcd_cmd)
    lcd_data                                 0x000023c8   ARM Code     112  lcd_4bit_driver.o(i.lcd_data)
    lcd_init                                 0x0000246c   ARM Code     100  lcd_4bit_driver.o(i.lcd_init)
    lcd_string                               0x000024d4   ARM Code      40  lcd_4bit_driver.o(i.lcd_string)
    main                                     0x000024fc   ARM Code      24  main.o(i.main)
    mcp3204_adc_read                         0x00002518   ARM Code     108  mcp3204_driver.o(i.mcp3204_adc_read)
    os_block                                 0x00002588   ARM Code      88  rt_task.o(i.os_block)
    os_chk_robin                             0x000025ec   ARM Code     112  rt_robin.o(i.os_chk_robin)
    os_dec_dly                               0x00002668   ARM Code     208  rt_list.o(i.os_dec_dly)
    os_dispatch                              0x00002758   ARM Code     104  rt_task.o(i.os_dispatch)
    os_dly_wait                              0x000027c8   ARM Code      32  rt_time.o(i.os_dly_wait)
    os_error                                 0x000027e8   ARM Code       8  rtx_conf_lpc21xx.o(i.os_error)
    os_evt_psh                               0x000027f0   ARM Code     124  rt_event.o(i.os_evt_psh)
    os_get_first                             0x00002870   ARM Code      72  rt_list.o(i.os_get_first)
    os_idle_demon                            0x000028b8   ARM Code       8  rtx_conf_lpc21xx.o(i.os_idle_demon)
    os_init_robin                            0x0000293c   ARM Code      32  rt_robin.o(i.os_init_robin)
    os_init_stack                            0x00002964   ARM Code     164  hal_arm.o(i.os_init_stack)
    os_irq_ack_lock                          0x00002a19   Thumb Code    20  rtx_conf_lpc21xx.o(i.os_irq_ack_lock)
    os_mbx_psh                               0x00002a34   ARM Code     228  rt_mailbox.o(i.os_mbx_psh)
    os_mut_init                              0x00002b1c   ARM Code      80  rt_mutex.o(i.os_mut_init)
    Inline Thumb to ARM Veneer to os_mut_release 0x00002b71   Thumb Code     4  rt_mutex.o(i.os_mut_release)
    os_mut_release                           0x00002b74   ARM Code     368  rt_mutex.o(i.os_mut_release)
    Inline Thumb to ARM Veneer to os_mut_wait 0x00002ced   Thumb Code     4  rt_mutex.o(i.os_mut_wait)
    os_mut_wait                              0x00002cf0   ARM Code     220  rt_mutex.o(i.os_mut_wait)
    os_put_dly                               0x00002dd0   ARM Code     136  rt_list.o(i.os_put_dly)
    os_put_prio                              0x00002e5c   ARM Code     100  rt_list.o(i.os_put_prio)
    os_put_rdy_first                         0x00002ec0   ARM Code      24  rt_list.o(i.os_put_rdy_first)
    os_resort_prio                           0x00002edc   ARM Code      84  rt_list.o(i.os_resort_prio)
    os_rmv_dly                               0x00002f34   ARM Code      76  rt_list.o(i.os_rmv_dly)
    os_rmv_list                              0x00002f80   ARM Code      80  rt_list.o(i.os_rmv_list)
    os_sem_psh                               0x00002fd4   ARM Code      80  rt_semaphore.o(i.os_sem_psh)
    os_stk_check                             0x00003028   ARM Code      48  hal_arm.o(i.os_stk_check)
    os_sys_init1                             0x00003060   ARM Code     268  rt_task.o(i.os_sys_init1)
    os_sys_manager                           0x000031b0   ARM Code     292  rt_system.o(i.os_sys_manager)
    os_tmr_call                              0x000032e8   ARM Code       4  rtx_conf_lpc21xx.o(i.os_tmr_call)
    Inline ARM to Thumb Veneer to os_tmr_init 0x000032ec   ARM Code       8  rtx_conf_lpc21xx.o(i.os_tmr_init)
    os_tmr_init                              0x000032f5   Thumb Code    34  rtx_conf_lpc21xx.o(i.os_tmr_init)
    Inline ARM to Thumb Veneer to os_tmr_inspect_cnt 0x00003334   ARM Code       8  rtx_conf_lpc21xx.o(i.os_tmr_inspect_cnt)
    os_tmr_inspect_cnt                       0x0000333d   Thumb Code     6  rtx_conf_lpc21xx.o(i.os_tmr_inspect_cnt)
    Inline ARM to Thumb Veneer to os_tmr_inspect_ovf 0x00003348   ARM Code       8  rtx_conf_lpc21xx.o(i.os_tmr_inspect_ovf)
    os_tmr_inspect_ovf                       0x00003351   Thumb Code    10  rtx_conf_lpc21xx.o(i.os_tmr_inspect_ovf)
    os_tmr_tick                              0x00003360   ARM Code     108  rt_timer.o(i.os_tmr_tick)
    os_tsk_create0                           0x000033d4   ARM Code     196  rt_task.o(i.os_tsk_create0)
    os_tsk_delete                            0x000034a4   ARM Code     492  rt_task.o(i.os_tsk_delete)
    Inline Thumb to ARM Veneer to os_tsk_self 0x000036a9   Thumb Code     4  rt_task.o(i.os_tsk_self)
    os_tsk_self                              0x000036ac   ARM Code      20  rt_task.o(i.os_tsk_self)
    set_date                                 0x000036c4   ARM Code     128  rtc_driver.o(i.set_date)
    set_time                                 0x00003744   ARM Code     116  rtc_driver.o(i.set_time)
    spi0                                     0x000037b8   ARM Code      52  spi_driver.o(i.spi0)
    spi0_init                                0x000037f0   ARM Code      72  spi_driver.o(i.spi0_init)
    task_adc                                 0x0000383c   ARM Code     172  main.o(i.task_adc)
    task_init                                0x00003904   ARM Code     288  main.o(i.task_init)
    task_lcd                                 0x00003a80   ARM Code     224  main.o(i.task_lcd)
    task_ldr                                 0x00003ba4   ARM Code     100  main.o(i.task_ldr)
    task_rtc                                 0x00003c1c   ARM Code      76  main.o(i.task_rtc)
    task_uart                                0x00003c74   ARM Code     236  main.o(i.task_uart)
    Inline ARM to Thumb Veneer to tsk_unlock 0x00003da0   ARM Code       8  rtx_conf_lpc21xx.o(i.tsk_unlock)
    tsk_unlock                               0x00003da9   Thumb Code     8  rtx_conf_lpc21xx.o(i.tsk_unlock)
    uart0_init                               0x00003db4   ARM Code     124  uart_driver.o(i.uart0_init)
    uart0_string                             0x00003e40   ARM Code      44  uart_driver.o(i.uart0_string)
    uart0_tx                                 0x00003e6c   ARM Code      40  uart_driver.o(i.uart0_tx)
    Inline Thumb to ARM Veneer to _get_lc_numeric 0x00003e99   Thumb Code     4  lc_numeric_c.o(locale$$code)
    _get_lc_numeric                          0x00003e9c   ARM Code      80  lc_numeric_c.o(locale$$code)
    __fpl_dretinf                            0x00003eec   ARM Code      16  dretinf.o(x$fpl$dretinf)
    __aeabi_f2d                              0x00003efc   ARM Code       0  f2d.o(x$fpl$f2d)
    _f2d                                     0x00003efc   ARM Code     100  f2d.o(x$fpl$f2d)
    __aeabi_fadd                             0x00003f60   ARM Code       0  faddsub_noclz.o(x$fpl$fadd)
    _fadd                                    0x00003f60   ARM Code     196  faddsub_noclz.o(x$fpl$fadd)
    __aeabi_fdiv                             0x00004024   ARM Code       0  fdiv.o(x$fpl$fdiv)
    _fdiv                                    0x00004024   ARM Code     396  fdiv.o(x$fpl$fdiv)
    __aeabi_f2uiz                            0x000041b4   ARM Code       0  ffixu.o(x$fpl$ffixu)
    _ffixu                                   0x000041b4   ARM Code      84  ffixu.o(x$fpl$ffixu)
    __aeabi_i2f                              0x00004208   ARM Code       0  fflt_noclz.o(x$fpl$fflt)
    _fflt                                    0x00004208   ARM Code      92  fflt_noclz.o(x$fpl$fflt)
    __fflt_normalise                         0x00004214   ARM Code       0  fflt_noclz.o(x$fpl$fflt)
    __aeabi_ui2f                             0x00004264   ARM Code       0  fflt_noclz.o(x$fpl$ffltu)
    _ffltu                                   0x00004264   ARM Code       8  fflt_noclz.o(x$fpl$ffltu)
    __aeabi_fmul                             0x0000426c   ARM Code       0  fmul.o(x$fpl$fmul)
    _fmul                                    0x0000426c   ARM Code     256  fmul.o(x$fpl$fmul)
    __fpl_fnaninf                            0x0000436c   ARM Code     168  fnaninf.o(x$fpl$fnaninf)
    __fpl_fretinf                            0x00004414   ARM Code      16  fretinf.o(x$fpl$fretinf)
    __aeabi_frsub                            0x00004424   ARM Code       0  faddsub_noclz.o(x$fpl$frsb)
    _frsb                                    0x00004424   ARM Code      20  faddsub_noclz.o(x$fpl$frsb)
    __aeabi_fsub                             0x00004438   ARM Code       0  faddsub_noclz.o(x$fpl$fsub)
    _fsub                                    0x00004438   ARM Code     304  faddsub_noclz.o(x$fpl$fsub)
    Inline Thumb to ARM Veneer to __ieee_status 0x00004569   Thumb Code     4  istatus.o(x$fpl$ieeestatus)
    __ieee_status                            0x0000456c   ARM Code       8  istatus.o(x$fpl$ieeestatus)
    _printf_fp_dec                           0x00004574   ARM Code       4  printf1.o(x$fpl$printf1)
    __I$use$fp                               0x00004578   Number         0  usenofp.o(x$fpl$usenofp)
    os_maxtaskrun                            0x0000458c   Data           2  rtx_conf_lpc21xx.o(.constdata)
    os_stackinfo                             0x00004590   Data           4  rtx_conf_lpc21xx.o(.constdata)
    os_rrobin                                0x00004594   Data           4  rtx_conf_lpc21xx.o(.constdata)
    os_clockrate                             0x00004598   Data           4  rtx_conf_lpc21xx.o(.constdata)
    os_timernum                              0x0000459c   Data           4  rtx_conf_lpc21xx.o(.constdata)
    mp_tcb_size                              0x000045a0   Data           2  rtx_conf_lpc21xx.o(.constdata)
    mp_stk_size                              0x000045a4   Data           4  rtx_conf_lpc21xx.o(.constdata)
    os_fifo_size                             0x000045a8   Data           1  rtx_conf_lpc21xx.o(.constdata)
    mp_tmr_size                              0x000045aa   Data           2  rtx_conf_lpc21xx.o(.constdata)
    RL_RTX_Version                           0x000045ac   Data           4  rt_system.o(.constdata)
    Region$$Table$$Base                      0x000046c8   Number         0  anon$$obj.o(Region$$Table)
    Region$$Table$$Limit                     0x000046e8   Number         0  anon$$obj.o(Region$$Table)
    day_name                                 0x40000000   Data          32  main.o(.data)
    m_tmr                                    0x40000020   Data           4  rtx_conf_lpc21xx.o(.data)
    os_runtask                               0x40000028   Data           4  rt_task.o(.data)
    os_time                                  0x4000002c   Data           4  rt_time.o(.data)
    sys_stktop                               0x40000030   Data           4  hal_arm.o(.data)
    sys_mode                                 0x40000034   Data           1  hal_arm.o(.data)
    os_psh                                   0x40000038   Data           8  rt_system.o(.data)
    os_robin                                 0x40000040   Data           8  rt_robin.o(.data)
    os_tmr                                   0x40000048   Data           8  rt_timer.o(.data)
    g_data                                   0x40000050   Data          20  main.o(.bss)
    g_data_mutex                             0x40000064   Data          16  main.o(.bss)
    g_lcd_mutex                              0x40000074   Data          16  main.o(.bss)
    g_uart_mutex                             0x40000084   Data          16  main.o(.bss)
    mp_tcb                                   0x400000f8   Data         348  rtx_conf_lpc21xx.o(.bss)
    mp_stk                                   0x40000258   Data        1416  rtx_conf_lpc21xx.o(.bss)
    os_fifo                                  0x400007e0   Data         132  rtx_conf_lpc21xx.o(.bss)
    os_active_TCB                            0x40000864   Data          24  rtx_conf_lpc21xx.o(.bss)
    os_idle_TCB                              0x40000b3c   Data          56  rt_task.o(.bss)
    os_rdy                                   0x40000b74   Data          24  rt_list.o(.bss)
    os_dly                                   0x40000b8c   Data          24  rt_list.o(.bss)
    __libspace_start                         0x40000ba4   Data          96  libspace.o(.bss)
    __temporary_stack_top$libspace           0x40000c04   Data           0  libspace.o(.bss)



==============================================================================

Memory Map of the image

  Image Entry point : 0x0000010c

  Load Region LR_IROM1 (Base: 0x00000000, Size: 0x00004754, Max: 0x00040000, ABSOLUTE)

    Execution Region ER_IROM1 (Exec base: 0x00000000, Load base: 0x00000000, Size: 0x00004704, Max: 0x00040000, ABSOLUTE)

    Exec Addr    Load Addr    Size         Type   Attr      Idx    E Section Name        Object

    0x00000000   0x00000000   0x0000010c   Code   RO            3    RESET               startup.o
    0x0000010c   0x0000010c   0x00000008   Code   RO         1088  * !!!main             c_t.l(__main.o)
    0x00000114   0x00000114   0x0000003c   Code   RO         1361    !!!scatter          c_t.l(__scatter.o)
    0x00000150   0x00000150   0x00000028   Code   RO         1363    !!handler_copy      c_t.l(__scatter_copy.o)
    0x00000178   0x00000178   0x0000002c   Code   RO         1365    !!handler_zi        c_t.l(__scatter_zi.o)
    0x000001a4   0x000001a4   0x00000004   Ven    RO         1065    .ARM.Collect$$_printf_percent$$00000000  c_t.l(_printf_percent.o)
    0x000001a8   0x000001a8   0x00000000   Code   RO         1065    .ARM.Collect$$_printf_percent$$00000000  c_t.l(_printf_percent.o)
    0x000001a8   0x000001a8   0x00000008   Code   RO         1064    .ARM.Collect$$_printf_percent$$00000003  c_t.l(_printf_f.o)
    0x000001b0   0x000001b0   0x00000008   Code   RO         1063    .ARM.Collect$$_printf_percent$$00000009  c_t.l(_printf_d.o)
    0x000001b8   0x000001b8   0x00000008   Code   RO         1062    .ARM.Collect$$_printf_percent$$00000014  c_t.l(_printf_s.o)
    0x000001c0   0x000001c0   0x00000008   Code   RO         1141    .ARM.Collect$$_printf_percent$$00000017  c_t.l(_printf_percent_end.o)
    0x000001c8   0x000001c8   0x00000008   Ven    RO         1234    .ARM.Collect$$libinit$$00000000  c_t.l(libinit.o)
    0x000001d0   0x000001d0   0x00000002   Code   RO         1234    .ARM.Collect$$libinit$$00000000  c_t.l(libinit.o)
    0x000001d2   0x000001d2   0x00000000   Code   RO         1236    .ARM.Collect$$libinit$$00000002  c_t.l(libinit2.o)
    0x000001d2   0x000001d2   0x00000000   Code   RO         1238    .ARM.Collect$$libinit$$00000004  c_t.l(libinit2.o)
    0x000001d2   0x000001d2   0x00000000   Code   RO         1241    .ARM.Collect$$libinit$$0000000A  c_t.l(libinit2.o)
    0x000001d2   0x000001d2   0x00000000   Code   RO         1243    .ARM.Collect$$libinit$$0000000C  c_t.l(libinit2.o)
    0x000001d2   0x000001d2   0x00000000   Code   RO         1245    .ARM.Collect$$libinit$$0000000E  c_t.l(libinit2.o)
    0x000001d2   0x000001d2   0x00000006   Code   RO         1246    .ARM.Collect$$libinit$$0000000F  c_t.l(libinit2.o)
    0x000001d8   0x000001d8   0x00000000   Code   RO         1248    .ARM.Collect$$libinit$$00000011  c_t.l(libinit2.o)
    0x000001d8   0x000001d8   0x00000000   Code   RO         1250    .ARM.Collect$$libinit$$00000013  c_t.l(libinit2.o)
    0x000001d8   0x000001d8   0x00000000   Code   RO         1252    .ARM.Collect$$libinit$$00000015  c_t.l(libinit2.o)
    0x000001d8   0x000001d8   0x0000000a   Code   RO         1253    .ARM.Collect$$libinit$$00000016  c_t.l(libinit2.o)
    0x000001e2   0x000001e2   0x00000000   Code   RO         1254    .ARM.Collect$$libinit$$00000017  c_t.l(libinit2.o)
    0x000001e2   0x000001e2   0x00000000   Code   RO         1256    .ARM.Collect$$libinit$$00000019  c_t.l(libinit2.o)
    0x000001e2   0x000001e2   0x00000000   Code   RO         1258    .ARM.Collect$$libinit$$0000001B  c_t.l(libinit2.o)
    0x000001e2   0x000001e2   0x00000000   Code   RO         1260    .ARM.Collect$$libinit$$0000001D  c_t.l(libinit2.o)
    0x000001e2   0x000001e2   0x00000000   Code   RO         1262    .ARM.Collect$$libinit$$0000001F  c_t.l(libinit2.o)
    0x000001e2   0x000001e2   0x00000000   Code   RO         1264    .ARM.Collect$$libinit$$00000021  c_t.l(libinit2.o)
    0x000001e2   0x000001e2   0x00000000   Code   RO         1266    .ARM.Collect$$libinit$$00000023  c_t.l(libinit2.o)
    0x000001e2   0x000001e2   0x00000000   Code   RO         1268    .ARM.Collect$$libinit$$00000025  c_t.l(libinit2.o)
    0x000001e2   0x000001e2   0x00000000   Code   RO         1272    .ARM.Collect$$libinit$$0000002C  c_t.l(libinit2.o)
    0x000001e2   0x000001e2   0x00000000   Code   RO         1274    .ARM.Collect$$libinit$$0000002E  c_t.l(libinit2.o)
    0x000001e2   0x000001e2   0x00000000   Code   RO         1276    .ARM.Collect$$libinit$$00000030  c_t.l(libinit2.o)
    0x000001e2   0x000001e2   0x00000000   Code   RO         1278    .ARM.Collect$$libinit$$00000032  c_t.l(libinit2.o)
    0x000001e2   0x000001e2   0x0000000c   Code   RO         1279    .ARM.Collect$$libinit$$00000033  c_t.l(libinit2.o)
    0x000001ee   0x000001ee   0x00000002   PAD
    0x000001f0   0x000001f0   0x00000008   Ven    RO         1326    .ARM.Collect$$libshutdown$$00000000  c_t.l(libshutdown.o)
    0x000001f8   0x000001f8   0x00000004   Code   RO         1326    .ARM.Collect$$libshutdown$$00000000  c_t.l(libshutdown.o)
    0x000001fc   0x000001fc   0x00000000   Code   RO         1344    .ARM.Collect$$libshutdown$$00000002  c_t.l(libshutdown2.o)
    0x000001fc   0x000001fc   0x00000000   Code   RO         1346    .ARM.Collect$$libshutdown$$00000004  c_t.l(libshutdown2.o)
    0x000001fc   0x000001fc   0x00000000   Code   RO         1349    .ARM.Collect$$libshutdown$$00000007  c_t.l(libshutdown2.o)
    0x000001fc   0x000001fc   0x00000000   Code   RO         1352    .ARM.Collect$$libshutdown$$0000000A  c_t.l(libshutdown2.o)
    0x000001fc   0x000001fc   0x00000000   Code   RO         1354    .ARM.Collect$$libshutdown$$0000000C  c_t.l(libshutdown2.o)
    0x000001fc   0x000001fc   0x00000000   Code   RO         1357    .ARM.Collect$$libshutdown$$0000000F  c_t.l(libshutdown2.o)
    0x000001fc   0x000001fc   0x00000006   Code   RO         1358    .ARM.Collect$$libshutdown$$00000010  c_t.l(libshutdown2.o)
    0x00000202   0x00000202   0x00000002   PAD
    0x00000204   0x00000204   0x00000000   Code   RO         1126    .ARM.Collect$$rtentry$$00000000  c_t.l(__rtentry.o)
    0x00000204   0x00000204   0x00000000   Code   RO         1154    .ARM.Collect$$rtentry$$00000002  c_t.l(__rtentry2.o)
    0x00000204   0x00000204   0x00000008   Code   RO         1166    .ARM.Collect$$rtentry$$00000004  c_t.l(__rtentry4.o)
    0x0000020c   0x0000020c   0x00000000   Code   RO         1156    .ARM.Collect$$rtentry$$00000009  c_t.l(__rtentry2.o)
    0x0000020c   0x0000020c   0x00000004   Code   RO         1157    .ARM.Collect$$rtentry$$0000000A  c_t.l(__rtentry2.o)
    0x00000210   0x00000210   0x00000000   Code   RO         1159    .ARM.Collect$$rtentry$$0000000C  c_t.l(__rtentry2.o)
    0x00000210   0x00000210   0x00000028   Code   RO         1160    .ARM.Collect$$rtentry$$0000000D  c_t.l(__rtentry2.o)
    0x00000238   0x00000238   0x00000004   Ven    RO         1280    .ARM.Collect$$rtexit$$00000000  c_t.l(rtexit.o)
    0x0000023c   0x0000023c   0x00000004   Code   RO         1280    .ARM.Collect$$rtexit$$00000000  c_t.l(rtexit.o)
    0x00000240   0x00000240   0x00000000   Code   RO         1295    .ARM.Collect$$rtexit$$00000002  c_t.l(rtexit2.o)
    0x00000240   0x00000240   0x00000004   Code   RO         1296    .ARM.Collect$$rtexit$$00000003  c_t.l(rtexit2.o)
    0x00000244   0x00000244   0x00000008   Code   RO         1297    .ARM.Collect$$rtexit$$00000004  c_t.l(rtexit2.o)
    0x0000024c   0x0000024c   0x00000228   Code   RO          637    .emb_text           RTX_ARM_LA.LIB(hal_arm.o)
    0x00000474   0x00000474   0x00000020   Code   RO            4    .text               startup.o
    0x00000494   0x00000494   0x0000000c   Code   RO         1023    .text               c_t.l(libspace.o)
    0x000004a0   0x000004a0   0x00000008   Ven    RO         1028    .text               c_t.l(noretval__2sprintf.o)
    0x000004a8   0x000004a8   0x00000028   Code   RO         1028    .text               c_t.l(noretval__2sprintf.o)
    0x000004d0   0x000004d0   0x00000056   Code   RO         1036    .text               c_t.l(_printf_pad.o)
    0x00000526   0x00000526   0x00000058   Code   RO         1038    .text               c_t.l(_printf_str.o)
    0x0000057e   0x0000057e   0x00000002   PAD
    0x00000580   0x00000580   0x00000008   Ven    RO         1040    .text               c_t.l(_printf_dec.o)
    0x00000588   0x00000588   0x00000070   Code   RO         1040    .text               c_t.l(_printf_dec.o)
    0x000005f8   0x000005f8   0x00000148   Code   RO         1054    .text               c_t.l(__printf_flags_wp.o)
    0x00000740   0x00000740   0x00000064   Code   RO         1066    .text               c_t.l(rt_memcpy_w.o)
    0x000007a4   0x000007a4   0x00000054   Code   RO         1068    .text               c_t.l(rt_memclr_w.o)
    0x000007f8   0x000007f8   0x00000004   Ven    RO         1070    .text               c_t.l(aeabi_sdiv.o)
    0x000007fc   0x000007fc   0x00000180   Code   RO         1070    .text               c_t.l(aeabi_sdiv.o)
    0x0000097c   0x0000097c   0x00000006   Code   RO         1086    .text               c_t.l(heapauxi.o)
    0x00000982   0x00000982   0x000000ba   Code   RO         1131    .text               c_t.l(_printf_intcommon.o)
    0x00000a3c   0x00000a3c   0x00000420   Code   RO         1133    .text               c_t.l(_printf_fp_dec.o)
    0x00000e5c   0x00000e5c   0x00000030   Code   RO         1135    .text               c_t.l(_printf_char_common.o)
    0x00000e8c   0x00000e8c   0x0000000a   Code   RO         1137    .text               c_t.l(_sputc.o)
    0x00000e96   0x00000e96   0x00000002   PAD
    0x00000e98   0x00000e98   0x00000008   Ven    RO         1139    .text               c_t.l(_printf_char.o)
    0x00000ea0   0x00000ea0   0x00000032   Code   RO         1139    .text               c_t.l(_printf_char.o)
    0x00000ed2   0x00000ed2   0x00000002   PAD
    0x00000ed4   0x00000ed4   0x00000004   Ven    RO         1142    .text               c_t.l(rtudiv10.o)
    0x00000ed8   0x00000ed8   0x0000002c   Code   RO         1142    .text               c_t.l(rtudiv10.o)
    0x00000f04   0x00000f04   0x00000004   Ven    RO         1175    .text               c_t.l(rt_locale_twolibspace.o)
    0x00000f08   0x00000f08   0x00000014   Code   RO         1175    .text               c_t.l(rt_locale_twolibspace.o)
    0x00000f1c   0x00000f1c   0x00000004   Ven    RO         1177    .text               c_t.l(lludiv10.o)
    0x00000f20   0x00000f20   0x000000a0   Code   RO         1177    .text               c_t.l(lludiv10.o)
    0x00000fc0   0x00000fc0   0x00000090   Code   RO         1179    .text               c_t.l(_printf_fp_infnan.o)
    0x00001050   0x00001050   0x000000dc   Code   RO         1187    .text               c_t.l(bigflt0.o)
    0x0000112c   0x0000112c   0x00000060   Code   RO         1219    .text               c_t.l(sys_stackheap_outer.o)
    0x0000118c   0x0000118c   0x00000014   Code   RO         1221    .text               c_t.l(exit.o)
    0x000011a0   0x000011a0   0x000000f4   Code   RO         1227    .text               c_t.l(strcmp.o)
    0x00001294   0x00001294   0x00000008   Ven    RO         1292    .text               c_t.l(sys_exit.o)
    0x0000129c   0x0000129c   0x0000000c   Code   RO         1292    .text               c_t.l(sys_exit.o)
    0x000012a8   0x000012a8   0x00000004   Code   RO         1313    .text               c_t.l(use_no_semi.o)
    0x000012ac   0x000012ac   0x00000000   Code   RO         1315    .text               c_t.l(indicate_semi.o)
    0x000012ac   0x000012ac   0x00000024   Code   RO         1071    .text_udiv          c_t.l(aeabi_sdiv.o)
    0x000012d0   0x000012d0   0x00000004   Ven    RO         1190    CL$$btod_d2e        c_t.l(btod.o)
    0x000012d4   0x000012d4   0x00000038   Code   RO         1190    CL$$btod_d2e        c_t.l(btod.o)
    0x0000130c   0x0000130c   0x00000054   Code   RO         1192    CL$$btod_d2e_denorm_low  c_t.l(btod.o)
    0x00001360   0x00001360   0x00000068   Code   RO         1191    CL$$btod_d2e_norm_op1  c_t.l(btod.o)
    0x000013c8   0x000013c8   0x0000034c   Code   RO         1200    CL$$btod_div_common  c_t.l(btod.o)
    0x00001714   0x00001714   0x000000f4   Code   RO         1197    CL$$btod_e2e        c_t.l(btod.o)
    0x00001808   0x00001808   0x00000004   Ven    RO         1194    CL$$btod_ediv       c_t.l(btod.o)
    0x0000180c   0x0000180c   0x00000038   Code   RO         1194    CL$$btod_ediv       c_t.l(btod.o)
    0x00001844   0x00001844   0x00000004   Ven    RO         1193    CL$$btod_emul       c_t.l(btod.o)
    0x00001848   0x00001848   0x00000038   Code   RO         1193    CL$$btod_emul       c_t.l(btod.o)
    0x00001880   0x00001880   0x00000268   Code   RO         1199    CL$$btod_mult_common  c_t.l(btod.o)
    0x00001ae8   0x00001ae8   0x00000024   Code   RO          865    SWI_TABLE           RTX_ARM_LA.LIB(swi_table.o)
    0x00001b0c   0x00001b0c   0x0000000c   Ven    RO         1392    Veneer$$Code        anon$$obj.o
    0x00001b18   0x00001b18   0x0000000c   Ven    RO         1393    Veneer$$Code        anon$$obj.o
    0x00001b24   0x00001b24   0x0000000c   Ven    RO         1394    Veneer$$Code        anon$$obj.o
    0x00001b30   0x00001b30   0x0000001c   Code   RO          314    i.BCD2DEC           rtc_driver.o
    0x00001b4c   0x00001b4c   0x00000034   Code   RO          315    i.DEC2BCD           rtc_driver.o
    0x00001b80   0x00001b80   0x00000002   Code   RO         1034    i.__ARM_common_call_via_r1  c_t.l(__printf.o)
    0x00001b82   0x00001b82   0x00000002   Code   RO         1032    i.__ARM_common_call_via_r2  c_t.l(__printf.o)
    0x00001b84   0x00001b84   0x00000004   Ven    RO         1217    i.__ARM_fpclassify  m_ts.l(fpclassify.o)
    0x00001b88   0x00001b88   0x00000030   Code   RO         1217    i.__ARM_fpclassify  m_ts.l(fpclassify.o)
    0x00001bb8   0x00001bb8   0x0000004c   Code   RO          638    i.__SWI_0           RTX_ARM_LA.LIB(hal_arm.o)
    0x00001c04   0x00001c04   0x00000018   Code   RO          835    i.__SWI_1           RTX_ARM_LA.LIB(rt_membox.o)
    0x00001c1c   0x00001c1c   0x00000024   Code   RO          836    i.__SWI_2           RTX_ARM_LA.LIB(rt_membox.o)
    0x00001c40   0x00001c40   0x00000010   Code   RO          639    i.__SWI_3           RTX_ARM_LA.LIB(hal_arm.o)
    0x00001c50   0x00001c50   0x00000010   Code   RO          640    i.__SWI_4           RTX_ARM_LA.LIB(hal_arm.o)
    0x00001c60   0x00001c60   0x0000000c   Code   RO          376    i.__SWI_5           rtx_conf_lpc21xx.o
    0x00001c6c   0x00001c6c   0x00000004   Code   RO          641    i.__SWI_6           RTX_ARM_LA.LIB(hal_arm.o)
    0x00001c70   0x00001c70   0x00000004   Code   RO          642    i.__SWI_7           RTX_ARM_LA.LIB(hal_arm.o)
    0x00001c74   0x00001c74   0x00000070   Code   RO          838    i._init_box         RTX_ARM_LA.LIB(rt_membox.o)
    0x00001ce4   0x00001ce4   0x0000000e   Code   RO         1052    i._is_digit         c_t.l(__printf_wp.o)
    0x00001cf2   0x00001cf2   0x00000002   PAD
    0x00001cf4   0x00001cf4   0x00000020   Code   RO          378    i._mutex_acquire    rtx_conf_lpc21xx.o
    0x00001d14   0x00001d14   0x00000018   Code   RO          380    i._mutex_release    rtx_conf_lpc21xx.o
    0x00001d2c   0x00001d2c   0x0000002c   Code   RO          287    i.adc_init          adc_driver.o
    0x00001d58   0x00001d58   0x00000090   Code   RO          288    i.adc_read          adc_driver.o
    0x00001de8   0x00001de8   0x00000050   Code   RO          360    i.delay_ms          delay.o
    0x00001e38   0x00001e38   0x00000070   Code   RO          316    i.get_date          rtc_driver.o
    0x00001ea8   0x00001ea8   0x000000e8   Code   RO          317    i.get_time          rtc_driver.o
    0x00001f90   0x00001f90   0x00000034   Code   RO           78    i.i2c_init          i2c_driver.o
    0x00001fc4   0x00001fc4   0x000001f4   Code   RO           79    i.i2c_read          i2c_driver.o
    0x000021b8   0x000021b8   0x0000019c   Code   RO           80    i.i2c_write         i2c_driver.o
    0x00002354   0x00002354   0x00000074   Code   RO          208    i.lcd_cmd           lcd_4bit_driver.o
    0x000023c8   0x000023c8   0x00000074   Code   RO          209    i.lcd_data          lcd_4bit_driver.o
    0x0000243c   0x0000243c   0x00000030   Code   RO          210    i.lcd_enable        lcd_4bit_driver.o
    0x0000246c   0x0000246c   0x00000068   Code   RO          212    i.lcd_init          lcd_4bit_driver.o
    0x000024d4   0x000024d4   0x00000028   Code   RO          215    i.lcd_string        lcd_4bit_driver.o
    0x000024fc   0x000024fc   0x0000001c   Code   RO          128    i.main              main.o
    0x00002518   0x00002518   0x00000070   Code   RO          189    i.mcp3204_adc_read  mcp3204_driver.o
    0x00002588   0x00002588   0x00000064   Code   RO          483    i.os_block          RTX_ARM_LA.LIB(rt_task.o)
    0x000025ec   0x000025ec   0x0000007c   Code   RO          814    i.os_chk_robin      RTX_ARM_LA.LIB(rt_robin.o)
    0x00002668   0x00002668   0x000000dc   Code   RO          742    i.os_dec_dly        RTX_ARM_LA.LIB(rt_list.o)
    0x00002744   0x00002744   0x00000014   Code   RO          381    i.os_def_interrupt  rtx_conf_lpc21xx.o
    0x00002758   0x00002758   0x00000070   Code   RO          484    i.os_dispatch       RTX_ARM_LA.LIB(rt_task.o)
    0x000027c8   0x000027c8   0x00000020   Code   RO          576    i.os_dly_wait       RTX_ARM_LA.LIB(rt_time.o)
    0x000027e8   0x000027e8   0x00000008   Code   RO          382    i.os_error          rtx_conf_lpc21xx.o
    0x000027f0   0x000027f0   0x00000080   Code   RO          871    i.os_evt_psh        RTX_ARM_LA.LIB(rt_event.o)
    0x00002870   0x00002870   0x00000048   Code   RO          743    i.os_get_first      RTX_ARM_LA.LIB(rt_list.o)
    0x000028b8   0x000028b8   0x00000008   Code   RO          383    i.os_idle_demon     rtx_conf_lpc21xx.o
    0x000028c0   0x000028c0   0x0000007c   Code   RO          485    i.os_init_context   RTX_ARM_LA.LIB(rt_task.o)
    0x0000293c   0x0000293c   0x00000028   Code   RO          815    i.os_init_robin     RTX_ARM_LA.LIB(rt_robin.o)
    0x00002964   0x00002964   0x000000b4   Code   RO          643    i.os_init_stack     RTX_ARM_LA.LIB(hal_arm.o)
    0x00002a18   0x00002a18   0x0000001c   Code   RO          384    i.os_irq_ack_lock   rtx_conf_lpc21xx.o
    0x00002a34   0x00002a34   0x000000e8   Code   RO          914    i.os_mbx_psh        RTX_ARM_LA.LIB(rt_mailbox.o)
    0x00002b1c   0x00002b1c   0x00000054   Code   RO          613    i.os_mut_init       RTX_ARM_LA.LIB(rt_mutex.o)
    0x00002b70   0x00002b70   0x00000004   Ven    RO          614    i.os_mut_release    RTX_ARM_LA.LIB(rt_mutex.o)
    0x00002b74   0x00002b74   0x00000178   Code   RO          614    i.os_mut_release    RTX_ARM_LA.LIB(rt_mutex.o)
    0x00002cec   0x00002cec   0x00000004   Ven    RO          615    i.os_mut_wait       RTX_ARM_LA.LIB(rt_mutex.o)
    0x00002cf0   0x00002cf0   0x000000e0   Code   RO          615    i.os_mut_wait       RTX_ARM_LA.LIB(rt_mutex.o)
    0x00002dd0   0x00002dd0   0x0000008c   Code   RO          746    i.os_put_dly        RTX_ARM_LA.LIB(rt_list.o)
    0x00002e5c   0x00002e5c   0x00000064   Code   RO          747    i.os_put_prio       RTX_ARM_LA.LIB(rt_list.o)
    0x00002ec0   0x00002ec0   0x0000001c   Code   RO          748    i.os_put_rdy_first  RTX_ARM_LA.LIB(rt_list.o)
    0x00002edc   0x00002edc   0x00000058   Code   RO          749    i.os_resort_prio    RTX_ARM_LA.LIB(rt_list.o)
    0x00002f34   0x00002f34   0x0000004c   Code   RO          750    i.os_rmv_dly        RTX_ARM_LA.LIB(rt_list.o)
    0x00002f80   0x00002f80   0x00000054   Code   RO          751    i.os_rmv_list       RTX_ARM_LA.LIB(rt_list.o)
    0x00002fd4   0x00002fd4   0x00000054   Code   RO          960    i.os_sem_psh        RTX_ARM_LA.LIB(rt_semaphore.o)
    0x00003028   0x00003028   0x00000038   Code   RO          644    i.os_stk_check      RTX_ARM_LA.LIB(hal_arm.o)
    0x00003060   0x00003060   0x00000150   Code   RO          486    i.os_sys_init1      RTX_ARM_LA.LIB(rt_task.o)
    0x000031b0   0x000031b0   0x00000138   Code   RO          700    i.os_sys_manager    RTX_ARM_LA.LIB(rt_system.o)
    0x000032e8   0x000032e8   0x00000004   Code   RO          385    i.os_tmr_call       rtx_conf_lpc21xx.o
    0x000032ec   0x000032ec   0x00000008   Ven    RO          387    i.os_tmr_init       rtx_conf_lpc21xx.o
    0x000032f4   0x000032f4   0x00000040   Code   RO          387    i.os_tmr_init       rtx_conf_lpc21xx.o
    0x00003334   0x00003334   0x00000008   Ven    RO          388    i.os_tmr_inspect_cnt  rtx_conf_lpc21xx.o
    0x0000333c   0x0000333c   0x0000000c   Code   RO          388    i.os_tmr_inspect_cnt  rtx_conf_lpc21xx.o
    0x00003348   0x00003348   0x00000008   Ven    RO          389    i.os_tmr_inspect_ovf  rtx_conf_lpc21xx.o
    0x00003350   0x00003350   0x00000010   Code   RO          389    i.os_tmr_inspect_ovf  rtx_conf_lpc21xx.o
    0x00003360   0x00003360   0x00000074   Code   RO          996    i.os_tmr_tick       RTX_ARM_LA.LIB(rt_timer.o)
    0x000033d4   0x000033d4   0x000000d0   Code   RO          487    i.os_tsk_create0    RTX_ARM_LA.LIB(rt_task.o)
    0x000034a4   0x000034a4   0x00000204   Code   RO          489    i.os_tsk_delete     RTX_ARM_LA.LIB(rt_task.o)
    0x000036a8   0x000036a8   0x00000004   Ven    RO          492    i.os_tsk_self       RTX_ARM_LA.LIB(rt_task.o)
    0x000036ac   0x000036ac   0x00000018   Code   RO          492    i.os_tsk_self       RTX_ARM_LA.LIB(rt_task.o)
    0x000036c4   0x000036c4   0x00000080   Code   RO          318    i.set_date          rtc_driver.o
    0x00003744   0x00003744   0x00000074   Code   RO          319    i.set_time          rtc_driver.o
    0x000037b8   0x000037b8   0x00000038   Code   RO          106    i.spi0              spi_driver.o
    0x000037f0   0x000037f0   0x0000004c   Code   RO          107    i.spi0_init         spi_driver.o
    0x0000383c   0x0000383c   0x000000c8   Code   RO          129    i.task_adc          main.o
    0x00003904   0x00003904   0x0000017c   Code   RO          130    i.task_init         main.o
    0x00003a80   0x00003a80   0x00000124   Code   RO          131    i.task_lcd          main.o
    0x00003ba4   0x00003ba4   0x00000078   Code   RO          132    i.task_ldr          main.o
    0x00003c1c   0x00003c1c   0x00000058   Code   RO          133    i.task_rtc          main.o
    0x00003c74   0x00003c74   0x0000012c   Code   RO          134    i.task_uart         main.o
    0x00003da0   0x00003da0   0x00000008   Ven    RO          390    i.tsk_unlock        rtx_conf_lpc21xx.o
    0x00003da8   0x00003da8   0x0000000c   Code   RO          390    i.tsk_unlock        rtx_conf_lpc21xx.o
    0x00003db4   0x00003db4   0x0000008c   Code   RO           12    i.uart0_init        uart_driver.o
    0x00003e40   0x00003e40   0x0000002c   Code   RO           16    i.uart0_string      uart_driver.o
    0x00003e6c   0x00003e6c   0x0000002c   Code   RO           17    i.uart0_tx          uart_driver.o
    0x00003e98   0x00003e98   0x00000004   Ven    RO         1213    locale$$code        c_t.l(lc_numeric_c.o)
    0x00003e9c   0x00003e9c   0x00000050   Code   RO         1213    locale$$code        c_t.l(lc_numeric_c.o)
    0x00003eec   0x00003eec   0x00000010   Code   RO         1146    x$fpl$dretinf       fz_ts.l(dretinf.o)
    0x00003efc   0x00003efc   0x00000064   Code   RO         1098    x$fpl$f2d           fz_ts.l(f2d.o)
    0x00003f60   0x00003f60   0x000000c4   Code   RO         1100    x$fpl$fadd          fz_ts.l(faddsub_noclz.o)
    0x00004024   0x00004024   0x00000190   Code   RO         1107    x$fpl$fdiv          fz_ts.l(fdiv.o)
    0x000041b4   0x000041b4   0x00000054   Code   RO         1114    x$fpl$ffixu         fz_ts.l(ffixu.o)
    0x00004208   0x00004208   0x0000005c   Code   RO         1119    x$fpl$fflt          fz_ts.l(fflt_noclz.o)
    0x00004264   0x00004264   0x00000008   Code   RO         1118    x$fpl$ffltu         fz_ts.l(fflt_noclz.o)
    0x0000426c   0x0000426c   0x00000100   Code   RO         1122    x$fpl$fmul          fz_ts.l(fmul.o)
    0x0000436c   0x0000436c   0x000000a8   Code   RO         1148    x$fpl$fnaninf       fz_ts.l(fnaninf.o)
    0x00004414   0x00004414   0x00000010   Code   RO         1150    x$fpl$fretinf       fz_ts.l(fretinf.o)
    0x00004424   0x00004424   0x00000014   Code   RO         1101    x$fpl$frsb          fz_ts.l(faddsub_noclz.o)
    0x00004438   0x00004438   0x00000130   Code   RO         1102    x$fpl$fsub          fz_ts.l(faddsub_noclz.o)
    0x00004568   0x00004568   0x00000004   Ven    RO         1215    x$fpl$ieeestatus    fz_ts.l(istatus.o)
    0x0000456c   0x0000456c   0x00000008   Code   RO         1215    x$fpl$ieeestatus    fz_ts.l(istatus.o)
    0x00004574   0x00004574   0x00000004   Code   RO         1124    x$fpl$printf1       fz_ts.l(printf1.o)
    0x00004578   0x00004578   0x00000000   Code   RO         1152    x$fpl$usenofp       fz_ts.l(usenofp.o)
    0x00004578   0x00004578   0x0000000c   Data   RO           18    .constdata          uart_driver.o
    0x00004584   0x00004584   0x00000008   Data   RO          136    .constdata          main.o
    0x0000458c   0x0000458c   0x00000020   Data   RO          392    .constdata          rtx_conf_lpc21xx.o
    0x000045ac   0x000045ac   0x00000004   Data   RO          701    .constdata          RTX_ARM_LA.LIB(rt_system.o)
    0x000045b0   0x000045b0   0x00000011   Data   RO         1055    .constdata          c_t.l(__printf_flags_wp.o)
    0x000045c1   0x000045c1   0x00000003   PAD
    0x000045c4   0x000045c4   0x00000094   Data   RO         1188    .constdata          c_t.l(bigflt0.o)
    0x00004658   0x00004658   0x0000006d   Data   RO          137    .conststring        main.o
    0x000046c5   0x000046c5   0x00000003   PAD
    0x000046c8   0x000046c8   0x00000020   Data   RO         1359    Region$$Table       anon$$obj.o
    0x000046e8   0x000046e8   0x0000001c   Data   RO         1212    locale$$data        c_t.l(lc_numeric_c.o)


    Execution Region RW_IRAM1 (Exec base: 0x40000000, Load base: 0x00004704, Size: 0x00001090, Max: 0x00004000, ABSOLUTE)

    Exec Addr    Load Addr    Size         Type   Attr      Idx    E Section Name        Object

    0x40000000   0x00004704   0x00000020   Data   RW          138    .data               main.o
    0x40000020   0x00004724   0x00000008   Data   RW          393    .data               rtx_conf_lpc21xx.o
    0x40000028   0x0000472c   0x00000004   Data   RW          494    .data               RTX_ARM_LA.LIB(rt_task.o)
    0x4000002c   0x00004730   0x00000004   Data   RW          580    .data               RTX_ARM_LA.LIB(rt_time.o)
    0x40000030   0x00004734   0x00000004   Data   RW          645    .data               RTX_ARM_LA.LIB(hal_arm.o)
    0x40000034   0x00004738   0x00000001   Data   RW          646    .data               RTX_ARM_LA.LIB(hal_arm.o)
    0x40000035   0x00004739   0x00000003   PAD
    0x40000038   0x0000473c   0x00000008   Data   RW          702    .data               RTX_ARM_LA.LIB(rt_system.o)
    0x40000040   0x00004744   0x00000008   Data   RW          816    .data               RTX_ARM_LA.LIB(rt_robin.o)
    0x40000048   0x0000474c   0x00000008   Data   RW          997    .data               RTX_ARM_LA.LIB(rt_timer.o)
    0x40000050        -       0x000000a8   Zero   RW          135    .bss                main.o
    0x400000f8        -       0x00000a44   Zero   RW          391    .bss                rtx_conf_lpc21xx.o
    0x40000b3c        -       0x00000038   Zero   RW          493    .bss                RTX_ARM_LA.LIB(rt_task.o)
    0x40000b74        -       0x00000030   Zero   RW          752    .bss                RTX_ARM_LA.LIB(rt_list.o)
    0x40000ba4        -       0x00000060   Zero   RW         1024    .bss                c_t.l(libspace.o)
    0x40000c04   0x00004754   0x00000004   PAD
    0x40000c08        -       0x00000000   Zero   RW            2    HEAP                startup.o
    0x40000c08        -       0x00000488   Zero   RW            1    STACK               startup.o


==============================================================================

Image component sizes


      Code (inc. data)   RO Data    RW Data    ZI Data      Debug   Object Name

       188         12          0          0          0        822   adc_driver.o
        80          8          0          0          0        403   delay.o
       964        112          0          0          0       1686   i2c_driver.o
       424         16          0          0          0       2821   lcd_4bit_driver.o
      1408        288        117         32        168       4343   main.o
       112          4          0          0          0        567   mcp3204_driver.o
       668          0          0          0          0       3432   rtc_driver.o
       240         64         32          8       2628       6134   rtx_conf_lpc21xx.o
       132          8          0          0          0        783   spi_driver.o
       300         60          0          0       1160        476   startup.o
       228         20         12          0          0       9511   uart_driver.o

    ----------------------------------------------------------------------
      4812        604        196         40       3956      30978   Object Totals
        68         12         32          0          0          0   (incl. Generated)
         0          0          3          0          0          0   (incl. Padding)

    ----------------------------------------------------------------------

      Code (inc. data)   RO Data    RW Data    ZI Data      Debug   Library Member Name

       904         68          0          5          0       4323   hal_arm.o
       128          4          0          0          0        641   rt_event.o
       808         28          0          0         48       4638   rt_list.o
       232          4          0          0          0        761   rt_mailbox.o
       172          0          0          0          0       1660   rt_membox.o
       692         16          0          0          0       2109   rt_mutex.o
       164         20          0          8          0       1098   rt_robin.o
        84          4          0          0          0        561   rt_semaphore.o
       312         20          4          8          0       1341   rt_system.o
      1424        132          0          4         56       6948   rt_task.o
        32          0          0          4          0        632   rt_time.o
       116          8          0          8          0        667   rt_timer.o
        36         36          0          0          0        172   swi_table.o
         8          0          0          0          0         68   __main.o
         4          0          0          0          0        120   __printf.o
       328          6         17          0          0         92   __printf_flags_wp.o
        14          0          0          0          0         60   __printf_wp.o
         0          0          0          0          0          0   __rtentry.o
        44          4          0          0          0          0   __rtentry2.o
         8          0          0          0          0          0   __rtentry4.o
        60          8          0          0          0          0   __scatter.o
        40          0          0          0          0          0   __scatter_copy.o
        44          0          0          0          0          0   __scatter_zi.o
        58          0          0          0          0        112   _printf_char.o
        48          4          0          0          0         96   _printf_char_common.o
         8          0          0          0          0          0   _printf_d.o
       120         18          0          0          0         88   _printf_dec.o
         8          0          0          0          0          0   _printf_f.o
      1056         12          0          0          0        188   _printf_fp_dec.o
       144         16          0          0          0         88   _printf_fp_infnan.o
       186          0          0          0          0         96   _printf_intcommon.o
        86          0          0          0          0        116   _printf_pad.o
         4          0          0          0          0          0   _printf_percent.o
         8          0          0          0          0          0   _printf_percent_end.o
         8          0          0          0          0          0   _printf_s.o
        88          0          0          0          0         84   _printf_str.o
        10          0          0          0          0         60   _sputc.o
       424          0          0          0          0        148   aeabi_sdiv.o
       220          6        148          0          0         96   bigflt0.o
      2072        128          0          0          0        700   btod.o
        20          0          0          0          0         80   exit.o
         6          0          0          0          0        136   heapauxi.o
         0          0          0          0          0          0   indicate_semi.o
        84          8         28          0          0         92   lc_numeric_c.o
        10          0          0          0          0          0   libinit.o
        28          0          0          0          0          0   libinit2.o
        12          0          0          0          0          0   libshutdown.o
         6          0          0          0          0          0   libshutdown2.o
        12          4          0          0         96         68   libspace.o
       164          0          0          0          0         96   lludiv10.o
        48          4          0          0          0         84   noretval__2sprintf.o
        24          0          0          0          0         80   rt_locale_twolibspace.o
        84          0          0          0          0         80   rt_memclr_w.o
       100          0          0          0          0         80   rt_memcpy_w.o
         8          0          0          0          0          0   rtexit.o
        12          0          0          0          0          0   rtexit2.o
        48          0          0          0          0         68   rtudiv10.o
       244          4          0          0          0         80   strcmp.o
        20          4          0          0          0         60   sys_exit.o
        96          0          0          0          0         80   sys_stackheap_outer.o
         4          0          0          0          0         68   use_no_semi.o
        16          0          0          0          0         68   dretinf.o
       100          4          0          0          0         84   f2d.o
       520          8          0          0          0        236   faddsub_noclz.o
       400         76          0          0          0         96   fdiv.o
        84          4          0          0          0         84   ffixu.o
       100          0          0          0          0        136   fflt_noclz.o
       256          4          0          0          0         84   fmul.o
       168          0          0          0          0         96   fnaninf.o
        16          0          0          0          0         68   fretinf.o
        12          0          0          0          0         68   istatus.o
         4          0          0          0          0         68   printf1.o
         0          0          0          0          0          0   usenofp.o
        52          0          0          0          0         68   fpclassify.o

    ----------------------------------------------------------------------
     12972        662        200         40        204      30071   Library Totals
        12          0          3          3          4          0   (incl. Padding)

    ----------------------------------------------------------------------

      Code (inc. data)   RO Data    RW Data    ZI Data      Debug   Library Name

      5104        340          4         37        104      25551   RTX_ARM_LA.LIB
      6128        226        193          0         96       3364   c_t.l
      1676         96          0          0          0       1088   fz_ts.l
        52          0          0          0          0         68   m_ts.l

    ----------------------------------------------------------------------
     12972        662        200         40        204      30071   Library Totals

    ----------------------------------------------------------------------

==============================================================================


      Code (inc. data)   RO Data    RW Data    ZI Data      Debug   

     17784       1266        396         80       4160      55249   Grand Totals
     17784       1266        396         80       4160      55249   ELF Image Totals
     17784       1266        396         80          0          0   ROM Totals

==============================================================================

    Total RO  Size (Code + RO Data)                18180 (  17.75kB)
    Total RW  Size (RW Data + ZI Data)              4240 (   4.14kB)
    Total ROM Size (Code + RO Data + RW Data)      18260 (  17.83kB)

==============================================================================

